<?xml version="1.0" encoding="ISO-8859-1" ?>
<link_info>
   <banner>TI ARM Linker PC v20.2.6.LTS</banner>
   <copyright>Copyright (c) 1996-2018 Texas Instruments Incorporated</copyright>
   <link_time>0x621be7b8</link_time>
   <link_errors>0x0</link_errors>
   <output_file>MPU6050.out</output_file>
   <entry_point>
      <name>resetISR</name>
      <address>0x43d5</address>
   </entry_point>
   <input_file_list>
      <input_file id="fl-2">
         <path>.\</path>
         <kind>object</kind>
         <file>MPU6050.obj</file>
         <name>MPU6050.obj</name>
      </input_file>
      <input_file id="fl-3">
         <path>.\syscfg\</path>
         <kind>object</kind>
         <file>ti_drivers_config.obj</file>
         <name>ti_drivers_config.obj</name>
      </input_file>
      <input_file id="fl-4">
         <path>.\</path>
         <kind>object</kind>
         <file>main_nortos.obj</file>
         <name>main_nortos.obj</name>
      </input_file>
      <input_file id="fl-f">
         <kind>object</kind>
         <file>&lt;internal&gt;</file>
         <name>&lt;internal&gt;</name>
      </input_file>
      <input_file id="fl-10">
         <path>C:\ti\simplelink_msp432p4_sdk_3_40_01_02\source\ti\display\lib\</path>
         <kind>archive</kind>
         <file>display.aem4f</file>
         <name>Display.oem4f</name>
      </input_file>
      <input_file id="fl-11">
         <path>C:\ti\simplelink_msp432p4_sdk_3_40_01_02\source\ti\display\lib\</path>
         <kind>archive</kind>
         <file>display.aem4f</file>
         <name>DisplayUart.oem4f</name>
      </input_file>
      <input_file id="fl-12">
         <path>C:\ti\simplelink_msp432p4_sdk_3_40_01_02\source\ti\drivers\lib\</path>
         <kind>archive</kind>
         <file>drivers_msp432p401x.aem4f</file>
         <name>I2C.oem4f</name>
      </input_file>
      <input_file id="fl-13">
         <path>C:\ti\simplelink_msp432p4_sdk_3_40_01_02\source\ti\drivers\lib\</path>
         <kind>archive</kind>
         <file>drivers_msp432p401x.aem4f</file>
         <name>I2CMSP432.oem4f</name>
      </input_file>
      <input_file id="fl-14">
         <path>C:\ti\simplelink_msp432p4_sdk_3_40_01_02\source\ti\drivers\lib\</path>
         <kind>archive</kind>
         <file>drivers_msp432p401x.aem4f</file>
         <name>PowerMSP432.oem4f</name>
      </input_file>
      <input_file id="fl-15">
         <path>C:\ti\simplelink_msp432p4_sdk_3_40_01_02\source\ti\drivers\lib\</path>
         <kind>archive</kind>
         <file>drivers_msp432p401x.aem4f</file>
         <name>UART.oem4f</name>
      </input_file>
      <input_file id="fl-16">
         <path>C:\ti\simplelink_msp432p4_sdk_3_40_01_02\source\ti\drivers\lib\</path>
         <kind>archive</kind>
         <file>drivers_msp432p401x.aem4f</file>
         <name>UARTMSP432.oem4f</name>
      </input_file>
      <input_file id="fl-17">
         <path>C:\ti\simplelink_msp432p4_sdk_3_40_01_02\source\ti\drivers\lib\</path>
         <kind>archive</kind>
         <file>drivers_msp432p401x.aem4f</file>
         <name>List.oem4f</name>
      </input_file>
      <input_file id="fl-18">
         <path>C:\ti\simplelink_msp432p4_sdk_3_40_01_02\source\ti\drivers\lib\</path>
         <kind>archive</kind>
         <file>drivers_msp432p401x.aem4f</file>
         <name>RingBuf.oem4f</name>
      </input_file>
      <input_file id="fl-19">
         <path>C:\ti\simplelink_msp432p4_sdk_3_40_01_02\kernel\nortos\lib\</path>
         <kind>archive</kind>
         <file>nortos_msp432p401x.aem4f</file>
         <name>NoRTOS.oem4f</name>
      </input_file>
      <input_file id="fl-1a">
         <path>C:\ti\simplelink_msp432p4_sdk_3_40_01_02\kernel\nortos\lib\</path>
         <kind>archive</kind>
         <file>nortos_msp432p401x.aem4f</file>
         <name>SemaphoreP_nortos.oem4f</name>
      </input_file>
      <input_file id="fl-1b">
         <path>C:\ti\simplelink_msp432p4_sdk_3_40_01_02\kernel\nortos\lib\</path>
         <kind>archive</kind>
         <file>nortos_msp432p401x.aem4f</file>
         <name>SystemP_nortos.oem4f</name>
      </input_file>
      <input_file id="fl-1c">
         <path>C:\ti\simplelink_msp432p4_sdk_3_40_01_02\kernel\nortos\lib\</path>
         <kind>archive</kind>
         <file>nortos_msp432p401x.aem4f</file>
         <name>PowerMSP432_nortos.oem4f</name>
      </input_file>
      <input_file id="fl-1d">
         <path>C:\ti\simplelink_msp432p4_sdk_3_40_01_02\kernel\nortos\lib\</path>
         <kind>archive</kind>
         <file>nortos_msp432p401x.aem4f</file>
         <name>ClockPTimer_nortos.oem4f</name>
      </input_file>
      <input_file id="fl-1e">
         <path>C:\ti\simplelink_msp432p4_sdk_3_40_01_02\kernel\nortos\lib\</path>
         <kind>archive</kind>
         <file>nortos_msp432p401x.aem4f</file>
         <name>TimerPMSP432_nortos.oem4f</name>
      </input_file>
      <input_file id="fl-1f">
         <path>C:\ti\simplelink_msp432p4_sdk_3_40_01_02\kernel\nortos\lib\</path>
         <kind>archive</kind>
         <file>nortos_msp432p401x.aem4f</file>
         <name>HwiPMSP432_nortos.oem4f</name>
      </input_file>
      <input_file id="fl-20">
         <path>C:\ti\simplelink_msp432p4_sdk_3_40_01_02\kernel\nortos\lib\</path>
         <kind>archive</kind>
         <file>nortos_msp432p401x.aem4f</file>
         <name>startup_msp432_ccs.oem4f</name>
      </input_file>
      <input_file id="fl-21">
         <path>C:\ti\simplelink_msp432p4_sdk_3_40_01_02\kernel\nortos\lib\</path>
         <kind>archive</kind>
         <file>nortos_msp432p401x.aem4f</file>
         <name>QueueP_nortos.oem4f</name>
      </input_file>
      <input_file id="fl-22">
         <path>C:\ti\simplelink_msp432p4_sdk_3_40_01_02\kernel\nortos\lib\</path>
         <kind>archive</kind>
         <file>nortos_msp432p401x.aem4f</file>
         <name>SwiP_nortos.oem4f</name>
      </input_file>
      <input_file id="fl-23">
         <path>C:\ti\simplelink_msp432p4_sdk_3_40_01_02\source\ti\devices\msp432p4xx\driverlib\ccs\</path>
         <kind>archive</kind>
         <file>msp432p4xx_driverlib.lib</file>
         <name>cs.o</name>
      </input_file>
      <input_file id="fl-24">
         <path>C:\ti\simplelink_msp432p4_sdk_3_40_01_02\source\ti\devices\msp432p4xx\driverlib\ccs\</path>
         <kind>archive</kind>
         <file>msp432p4xx_driverlib.lib</file>
         <name>i2c.o</name>
      </input_file>
      <input_file id="fl-25">
         <path>C:\ti\simplelink_msp432p4_sdk_3_40_01_02\source\ti\devices\msp432p4xx\driverlib\ccs\</path>
         <kind>archive</kind>
         <file>msp432p4xx_driverlib.lib</file>
         <name>interrupt.o</name>
      </input_file>
      <input_file id="fl-26">
         <path>C:\ti\simplelink_msp432p4_sdk_3_40_01_02\source\ti\devices\msp432p4xx\driverlib\ccs\</path>
         <kind>archive</kind>
         <file>msp432p4xx_driverlib.lib</file>
         <name>sysctl.o</name>
      </input_file>
      <input_file id="fl-27">
         <path>C:\ti\simplelink_msp432p4_sdk_3_40_01_02\source\ti\devices\msp432p4xx\driverlib\ccs\</path>
         <kind>archive</kind>
         <file>msp432p4xx_driverlib.lib</file>
         <name>sysctl_a.o</name>
      </input_file>
      <input_file id="fl-28">
         <path>C:\ti\simplelink_msp432p4_sdk_3_40_01_02\source\ti\devices\msp432p4xx\driverlib\ccs\</path>
         <kind>archive</kind>
         <file>msp432p4xx_driverlib.lib</file>
         <name>uart.o</name>
      </input_file>
      <input_file id="fl-29">
         <path>C:\ti\simplelink_msp432p4_sdk_3_40_01_02\source\ti\devices\msp432p4xx\driverlib\ccs\</path>
         <kind>archive</kind>
         <file>msp432p4xx_driverlib.lib</file>
         <name>cpu.o</name>
      </input_file>
      <input_file id="fl-df">
         <path>C:\ti\ccs1110\ccs\tools\compiler\ti-cgt-arm_20.2.6.LTS\lib\</path>
         <kind>archive</kind>
         <file>rtsv7M4_T_le_v4SPD16_eabi.lib</file>
         <name>fd_add_t2.asm.obj</name>
      </input_file>
      <input_file id="fl-e0">
         <path>C:\ti\ccs1110\ccs\tools\compiler\ti-cgt-arm_20.2.6.LTS\lib\</path>
         <kind>archive</kind>
         <file>rtsv7M4_T_le_v4SPD16_eabi.lib</file>
         <name>fd_cmp_t2.asm.obj</name>
      </input_file>
      <input_file id="fl-e1">
         <path>C:\ti\ccs1110\ccs\tools\compiler\ti-cgt-arm_20.2.6.LTS\lib\</path>
         <kind>archive</kind>
         <file>rtsv7M4_T_le_v4SPD16_eabi.lib</file>
         <name>fd_mul_t2.asm.obj</name>
      </input_file>
      <input_file id="fl-e2">
         <path>C:\ti\ccs1110\ccs\tools\compiler\ti-cgt-arm_20.2.6.LTS\lib\</path>
         <kind>archive</kind>
         <file>rtsv7M4_T_le_v4SPD16_eabi.lib</file>
         <name>fd_toi_t2.asm.obj</name>
      </input_file>
      <input_file id="fl-e3">
         <path>C:\ti\ccs1110\ccs\tools\compiler\ti-cgt-arm_20.2.6.LTS\lib\</path>
         <kind>archive</kind>
         <file>rtsv7M4_T_le_v4SPD16_eabi.lib</file>
         <name>fd_tou_t2.asm.obj</name>
      </input_file>
      <input_file id="fl-e4">
         <path>C:\ti\ccs1110\ccs\tools\compiler\ti-cgt-arm_20.2.6.LTS\lib\</path>
         <kind>archive</kind>
         <file>rtsv7M4_T_le_v4SPD16_eabi.lib</file>
         <name>fs_tod_t2.asm.obj</name>
      </input_file>
      <input_file id="fl-e5">
         <path>C:\ti\ccs1110\ccs\tools\compiler\ti-cgt-arm_20.2.6.LTS\lib\</path>
         <kind>archive</kind>
         <file>rtsv7M4_T_le_v4SPD16_eabi.lib</file>
         <name>i_tofd_t2.asm.obj</name>
      </input_file>
      <input_file id="fl-e6">
         <path>C:\ti\ccs1110\ccs\tools\compiler\ti-cgt-arm_20.2.6.LTS\lib\</path>
         <kind>archive</kind>
         <file>rtsv7M4_T_le_v4SPD16_eabi.lib</file>
         <name>memcpy_t2.asm.obj</name>
      </input_file>
      <input_file id="fl-e7">
         <path>C:\ti\ccs1110\ccs\tools\compiler\ti-cgt-arm_20.2.6.LTS\lib\</path>
         <kind>archive</kind>
         <file>rtsv7M4_T_le_v4SPD16_eabi.lib</file>
         <name>u_divt2.asm.obj</name>
      </input_file>
      <input_file id="fl-e8">
         <path>C:\ti\ccs1110\ccs\tools\compiler\ti-cgt-arm_20.2.6.LTS\lib\</path>
         <kind>archive</kind>
         <file>rtsv7M4_T_le_v4SPD16_eabi.lib</file>
         <name>ull_div_t2.asm.obj</name>
      </input_file>
      <input_file id="fl-e9">
         <path>C:\ti\ccs1110\ccs\tools\compiler\ti-cgt-arm_20.2.6.LTS\lib\</path>
         <kind>archive</kind>
         <file>rtsv7M4_T_le_v4SPD16_eabi.lib</file>
         <name>copy_zero_init.c.obj</name>
      </input_file>
      <input_file id="fl-ea">
         <path>C:\ti\ccs1110\ccs\tools\compiler\ti-cgt-arm_20.2.6.LTS\lib\</path>
         <kind>archive</kind>
         <file>rtsv7M4_T_le_v4SPD16_eabi.lib</file>
         <name>copy_decompress_none.c.obj</name>
      </input_file>
      <input_file id="fl-eb">
         <path>C:\ti\ccs1110\ccs\tools\compiler\ti-cgt-arm_20.2.6.LTS\lib\</path>
         <kind>archive</kind>
         <file>rtsv7M4_T_le_v4SPD16_eabi.lib</file>
         <name>copy_decompress_lzss.c.obj</name>
      </input_file>
      <input_file id="fl-ec">
         <path>C:\ti\ccs1110\ccs\tools\compiler\ti-cgt-arm_20.2.6.LTS\lib\</path>
         <kind>archive</kind>
         <file>rtsv7M4_T_le_v4SPD16_eabi.lib</file>
         <name>memory.c.obj</name>
      </input_file>
      <input_file id="fl-ed">
         <path>C:\ti\ccs1110\ccs\tools\compiler\ti-cgt-arm_20.2.6.LTS\lib\</path>
         <kind>archive</kind>
         <file>rtsv7M4_T_le_v4SPD16_eabi.lib</file>
         <name>strlen.c.obj</name>
      </input_file>
      <input_file id="fl-ee">
         <path>C:\ti\ccs1110\ccs\tools\compiler\ti-cgt-arm_20.2.6.LTS\lib\</path>
         <kind>archive</kind>
         <file>rtsv7M4_T_le_v4SPD16_eabi.lib</file>
         <name>boot_cortex_m.c.obj</name>
      </input_file>
      <input_file id="fl-ef">
         <path>C:\ti\ccs1110\ccs\tools\compiler\ti-cgt-arm_20.2.6.LTS\lib\</path>
         <kind>archive</kind>
         <file>rtsv7M4_T_le_v4SPD16_eabi.lib</file>
         <name>div0.asm.obj</name>
      </input_file>
      <input_file id="fl-f0">
         <path>C:\ti\ccs1110\ccs\tools\compiler\ti-cgt-arm_20.2.6.LTS\lib\</path>
         <kind>archive</kind>
         <file>rtsv7M4_T_le_v4SPD16_eabi.lib</file>
         <name>memset_t2.asm.obj</name>
      </input_file>
      <input_file id="fl-f1">
         <path>C:\ti\ccs1110\ccs\tools\compiler\ti-cgt-arm_20.2.6.LTS\lib\</path>
         <kind>archive</kind>
         <file>rtsv7M4_T_le_v4SPD16_eabi.lib</file>
         <name>autoinit.c.obj</name>
      </input_file>
      <input_file id="fl-f2">
         <path>C:\ti\ccs1110\ccs\tools\compiler\ti-cgt-arm_20.2.6.LTS\lib\</path>
         <kind>archive</kind>
         <file>rtsv7M4_T_le_v4SPD16_eabi.lib</file>
         <name>pre_init.c.obj</name>
      </input_file>
      <input_file id="fl-f3">
         <path>C:\ti\ccs1110\ccs\tools\compiler\ti-cgt-arm_20.2.6.LTS\lib\</path>
         <kind>archive</kind>
         <file>rtsv7M4_T_le_v4SPD16_eabi.lib</file>
         <name>cpy_tbl.c.obj</name>
      </input_file>
      <input_file id="fl-f4">
         <path>C:\ti\ccs1110\ccs\tools\compiler\ti-cgt-arm_20.2.6.LTS\lib\</path>
         <kind>archive</kind>
         <file>rtsv7M4_T_le_v4SPD16_eabi.lib</file>
         <name>exit.c.obj</name>
      </input_file>
      <input_file id="fl-f5">
         <path>C:\ti\ccs1110\ccs\tools\compiler\ti-cgt-arm_20.2.6.LTS\lib\</path>
         <kind>archive</kind>
         <file>rtsv7M4_T_le_v4SPD16_eabi.lib</file>
         <name>_lock.c.obj</name>
      </input_file>
      <input_file id="fl-f6">
         <path>C:\ti\ccs1110\ccs\tools\compiler\ti-cgt-arm_20.2.6.LTS\lib\</path>
         <kind>archive</kind>
         <file>rtsv7M4_T_le_v4SPD16_eabi.lib</file>
         <name>args_main.c.obj</name>
      </input_file>
   </input_file_list>
   <object_component_list>
      <object_component id="oc-404">
         <name>.text:Power_sleep</name>
         <load_address>0x144</load_address>
         <run_address>0x144</run_address>
         <size>0x2f8</size>
         <input_file_ref idref="fl-14"/>
      </object_component>
      <object_component id="oc-63b">
         <name>.text:doPrint</name>
         <load_address>0x43c</load_address>
         <run_address>0x43c</run_address>
         <size>0x2d8</size>
         <input_file_ref idref="fl-1b"/>
      </object_component>
      <object_component id="oc-77f">
         <name>.text:UARTMSP432_open</name>
         <load_address>0x714</load_address>
         <run_address>0x714</run_address>
         <size>0x2d0</size>
         <input_file_ref idref="fl-16"/>
      </object_component>
      <object_component id="oc-21e">
         <name>.text:initPerfControl</name>
         <load_address>0x9e4</load_address>
         <run_address>0x9e4</run_address>
         <size>0x288</size>
         <input_file_ref idref="fl-14"/>
      </object_component>
      <object_component id="oc-429">
         <name>.text:I2CMSP432_open</name>
         <load_address>0xc6c</load_address>
         <run_address>0xc6c</run_address>
         <size>0x1f8</size>
         <input_file_ref idref="fl-13"/>
      </object_component>
      <object_component id="oc-6c3">
         <name>.text</name>
         <load_address>0xe64</load_address>
         <run_address>0xe64</run_address>
         <size>0x1b6</size>
         <input_file_ref idref="fl-df"/>
      </object_component>
      <object_component id="oc-516">
         <name>.text:I2CMSP432_hwiIntFxn</name>
         <load_address>0x101a</load_address>
         <run_address>0x101a</run_address>
         <size>0x184</size>
         <input_file_ref idref="fl-13"/>
      </object_component>
      <object_component id="oc-19d">
         <name>.text:Board_initHook</name>
         <load_address>0x119e</load_address>
         <run_address>0x119e</run_address>
         <size>0x2</size>
         <input_file_ref idref="fl-3"/>
      </object_component>
      <object_component id="oc-8d1">
         <name>.text:UART_initModule</name>
         <load_address>0x11a0</load_address>
         <run_address>0x11a0</run_address>
         <size>0x11c</size>
         <input_file_ref idref="fl-28"/>
      </object_component>
      <object_component id="oc-52d">
         <name>.text:primeTransfer</name>
         <load_address>0x12bc</load_address>
         <run_address>0x12bc</run_address>
         <size>0x11c</size>
         <input_file_ref idref="fl-13"/>
      </object_component>
      <object_component id="oc-3c4">
         <name>.text:aligned_alloc</name>
         <load_address>0x13d8</load_address>
         <run_address>0x13d8</run_address>
         <size>0x100</size>
         <input_file_ref idref="fl-ec"/>
      </object_component>
      <object_component id="oc-6c8">
         <name>.text</name>
         <load_address>0x14d8</load_address>
         <run_address>0x14d8</run_address>
         <size>0xfc</size>
         <input_file_ref idref="fl-e1"/>
      </object_component>
      <object_component id="oc-42f">
         <name>.text:I2CMSP432_transfer</name>
         <load_address>0x15d4</load_address>
         <run_address>0x15d4</run_address>
         <size>0xf0</size>
         <input_file_ref idref="fl-13"/>
      </object_component>
      <object_component id="oc-304">
         <name>.text:CS_startHFXTWithTimeout</name>
         <load_address>0x16c4</load_address>
         <run_address>0x16c4</run_address>
         <size>0xe4</size>
         <input_file_ref idref="fl-23"/>
      </object_component>
      <object_component id="oc-329">
         <name>.text:free</name>
         <load_address>0x17a8</load_address>
         <run_address>0x17a8</run_address>
         <size>0xe4</size>
         <input_file_ref idref="fl-ec"/>
      </object_component>
      <object_component id="oc-30a">
         <name>.text:CS_startLFXTWithTimeout</name>
         <load_address>0x188c</load_address>
         <run_address>0x188c</run_address>
         <size>0xe0</size>
         <input_file_ref idref="fl-23"/>
      </object_component>
      <object_component id="oc-71f">
         <name>.text:TimerP_construct</name>
         <load_address>0x196c</load_address>
         <run_address>0x196c</run_address>
         <size>0xe0</size>
         <input_file_ref idref="fl-1e"/>
      </object_component>
      <object_component id="oc-78b">
         <name>.text:UARTMSP432_readPolling</name>
         <load_address>0x1a4c</load_address>
         <run_address>0x1a4c</run_address>
         <size>0xdc</size>
         <input_file_ref idref="fl-16"/>
      </object_component>
      <object_component id="oc-3a3">
         <name>.text:_CSGetHFXTFrequency</name>
         <load_address>0x1b28</load_address>
         <run_address>0x1b28</run_address>
         <size>0xdc</size>
         <input_file_ref idref="fl-23"/>
      </object_component>
      <object_component id="oc-713">
         <name>.text:SwiP_construct</name>
         <load_address>0x1c04</load_address>
         <run_address>0x1c04</run_address>
         <size>0xd8</size>
         <input_file_ref idref="fl-22"/>
      </object_component>
      <object_component id="oc-85d">
         <name>.text:UARTMSP432_hwiIntFxn</name>
         <load_address>0x1cdc</load_address>
         <run_address>0x1cdc</run_address>
         <size>0xca</size>
         <input_file_ref idref="fl-16"/>
      </object_component>
      <object_component id="oc-439">
         <name>.text:DisplayUartAnsi_init</name>
         <load_address>0x1da6</load_address>
         <run_address>0x1da6</run_address>
         <size>0x2</size>
         <input_file_ref idref="fl-11"/>
      </object_component>
      <object_component id="oc-1cf">
         <name>.text:garmin_Reset</name>
         <load_address>0x1da8</load_address>
         <run_address>0x1da8</run_address>
         <size>0xbc</size>
         <input_file_ref idref="fl-2"/>
      </object_component>
      <object_component id="oc-851">
         <name>.text:initHw</name>
         <load_address>0x1e64</load_address>
         <run_address>0x1e64</run_address>
         <size>0xb8</size>
         <input_file_ref idref="fl-16"/>
      </object_component>
      <object_component id="oc-907">
         <name>.text:readTaskCallback</name>
         <load_address>0x1f1c</load_address>
         <run_address>0x1f1c</run_address>
         <size>0xb8</size>
         <input_file_ref idref="fl-16"/>
      </object_component>
      <object_component id="oc-670">
         <name>.text:ClockP_startup</name>
         <load_address>0x1fd4</load_address>
         <run_address>0x1fd4</run_address>
         <size>0xb4</size>
         <input_file_ref idref="fl-1d"/>
      </object_component>
      <object_component id="oc-773">
         <name>.text:UARTMSP432_control</name>
         <load_address>0x2088</load_address>
         <run_address>0x2088</run_address>
         <size>0xb4</size>
         <input_file_ref idref="fl-16"/>
      </object_component>
      <object_component id="oc-79d">
         <name>.text:UARTMSP432_writePolling</name>
         <load_address>0x213c</load_address>
         <run_address>0x213c</run_address>
         <size>0xb4</size>
         <input_file_ref idref="fl-16"/>
      </object_component>
      <object_component id="oc-734">
         <name>.text:ClockP_workFuncDynamic</name>
         <load_address>0x21f0</load_address>
         <run_address>0x21f0</run_address>
         <size>0xac</size>
         <input_file_ref idref="fl-1d"/>
      </object_component>
      <object_component id="oc-44b">
         <name>.text:DisplayUartAnsi_clearLines</name>
         <load_address>0x229c</load_address>
         <run_address>0x229c</run_address>
         <size>0xac</size>
         <input_file_ref idref="fl-11"/>
      </object_component>
      <object_component id="oc-411">
         <name>.text:I2CMSP432_cancel</name>
         <load_address>0x2348</load_address>
         <run_address>0x2348</run_address>
         <size>0xac</size>
         <input_file_ref idref="fl-13"/>
      </object_component>
      <object_component id="oc-797">
         <name>.text:UARTMSP432_write</name>
         <load_address>0x23f4</load_address>
         <run_address>0x23f4</run_address>
         <size>0xa8</size>
         <input_file_ref idref="fl-16"/>
      </object_component>
      <object_component id="oc-11c">
         <name>.text:mainThread</name>
         <load_address>0x249c</load_address>
         <run_address>0x249c</run_address>
         <size>0xa8</size>
         <input_file_ref idref="fl-2"/>
      </object_component>
      <object_component id="oc-8f5">
         <name>.text:readTaskBlocking</name>
         <load_address>0x2544</load_address>
         <run_address>0x2544</run_address>
         <size>0xa8</size>
         <input_file_ref idref="fl-16"/>
      </object_component>
      <object_component id="oc-43f">
         <name>.text:DisplayUartAnsi_open</name>
         <load_address>0x25ec</load_address>
         <run_address>0x25ec</run_address>
         <size>0xa7</size>
         <input_file_ref idref="fl-11"/>
      </object_component>
      <object_component id="oc-527">
         <name>.text:SemaphoreP_pend</name>
         <load_address>0x2694</load_address>
         <run_address>0x2694</run_address>
         <size>0xa0</size>
         <input_file_ref idref="fl-1a"/>
      </object_component>
      <object_component id="oc-90d">
         <name>.text:readIsrTextCallback</name>
         <load_address>0x2734</load_address>
         <run_address>0x2734</run_address>
         <size>0xa0</size>
         <input_file_ref idref="fl-16"/>
      </object_component>
      <object_component id="oc-451">
         <name>.text:DisplayUartAnsi_vprintf</name>
         <load_address>0x27d4</load_address>
         <run_address>0x27d4</run_address>
         <size>0x9f</size>
         <input_file_ref idref="fl-11"/>
      </object_component>
      <object_component id="oc-197">
         <name>.text:Power_init</name>
         <load_address>0x2874</load_address>
         <run_address>0x2874</run_address>
         <size>0x9c</size>
         <input_file_ref idref="fl-14"/>
      </object_component>
      <object_component id="oc-89e">
         <name>.text:SwiP_dispatch</name>
         <load_address>0x2910</load_address>
         <run_address>0x2910</run_address>
         <size>0x9c</size>
         <input_file_ref idref="fl-22"/>
      </object_component>
      <object_component id="oc-3a">
         <name>.text</name>
         <load_address>0x29ac</load_address>
         <run_address>0x29ac</run_address>
         <size>0x9c</size>
         <input_file_ref idref="fl-e6"/>
      </object_component>
      <object_component id="oc-751">
         <name>.text</name>
         <load_address>0x2a48</load_address>
         <run_address>0x2a48</run_address>
         <size>0x96</size>
         <input_file_ref idref="fl-e8"/>
      </object_component>
      <object_component id="oc-76d">
         <name>.text:UARTMSP432_close</name>
         <load_address>0x2ade</load_address>
         <run_address>0x2ade</run_address>
         <size>0x92</size>
         <input_file_ref idref="fl-16"/>
      </object_component>
      <object_component id="oc-8e5">
         <name>.text:writeData</name>
         <load_address>0x2b70</load_address>
         <run_address>0x2b70</run_address>
         <size>0x92</size>
         <input_file_ref idref="fl-16"/>
      </object_component>
      <object_component id="oc-8fb">
         <name>.text:readIsrTextBlocking</name>
         <load_address>0x2c02</load_address>
         <run_address>0x2c02</run_address>
         <size>0x8c</size>
         <input_file_ref idref="fl-16"/>
      </object_component>
      <object_component id="oc-6b4">
         <name>.text:__aeabi_cdcmple</name>
         <load_address>0x2c8e</load_address>
         <run_address>0x2c8e</run_address>
         <size>0x86</size>
         <input_file_ref idref="fl-e0"/>
      </object_component>
      <object_component id="oc-4ac">
         <name>.text:restartHFXT</name>
         <load_address>0x2d14</load_address>
         <run_address>0x2d14</run_address>
         <size>0x84</size>
         <input_file_ref idref="fl-14"/>
      </object_component>
      <object_component id="oc-5f6">
         <name>.text:ClockP_start</name>
         <load_address>0x2d98</load_address>
         <run_address>0x2d98</run_address>
         <size>0x80</size>
         <input_file_ref idref="fl-1d"/>
      </object_component>
      <object_component id="oc-5b4">
         <name>.text:Interrupt_disableInterrupt</name>
         <load_address>0x2e18</load_address>
         <run_address>0x2e18</run_address>
         <size>0x80</size>
         <input_file_ref idref="fl-25"/>
      </object_component>
      <object_component id="oc-3d7">
         <name>.text:Interrupt_enableInterrupt</name>
         <load_address>0x2e98</load_address>
         <run_address>0x2e98</run_address>
         <size>0x80</size>
         <input_file_ref idref="fl-25"/>
      </object_component>
      <object_component id="oc-90">
         <name>.text</name>
         <load_address>0x2f18</load_address>
         <run_address>0x2f18</run_address>
         <size>0x7a</size>
         <input_file_ref idref="fl-f0"/>
      </object_component>
      <object_component id="oc-423">
         <name>.text:I2CMSP432_init</name>
         <load_address>0x2f92</load_address>
         <run_address>0x2f92</run_address>
         <size>0x2</size>
         <input_file_ref idref="fl-13"/>
      </object_component>
      <object_component id="oc-801">
         <name>.text:ClockP_walkQueueDynamic</name>
         <load_address>0x2f94</load_address>
         <run_address>0x2f94</run_address>
         <size>0x78</size>
         <input_file_ref idref="fl-1d"/>
      </object_component>
      <object_component id="oc-417">
         <name>.text:I2CMSP432_close</name>
         <load_address>0x300c</load_address>
         <run_address>0x300c</run_address>
         <size>0x76</size>
         <input_file_ref idref="fl-13"/>
      </object_component>
      <object_component id="oc-652">
         <name>.text:IntDefaultHandler</name>
         <load_address>0x3082</load_address>
         <run_address>0x3082</run_address>
         <size>0x2</size>
         <input_file_ref idref="fl-25"/>
      </object_component>
      <object_component id="oc-323">
         <name>.text:HwiP_construct</name>
         <load_address>0x3084</load_address>
         <run_address>0x3084</run_address>
         <size>0x70</size>
         <input_file_ref idref="fl-1f"/>
      </object_component>
      <object_component id="oc-7a3">
         <name>.text:UARTMSP432_writeCancel</name>
         <load_address>0x30f4</load_address>
         <run_address>0x30f4</run_address>
         <size>0x70</size>
         <input_file_ref idref="fl-16"/>
      </object_component>
      <object_component id="oc-478">
         <name>.text:split</name>
         <load_address>0x3164</load_address>
         <run_address>0x3164</run_address>
         <size>0x70</size>
         <input_file_ref idref="fl-ec"/>
      </object_component>
      <object_component id="oc-1c9">
         <name>.text:turn_on</name>
         <load_address>0x31d4</load_address>
         <run_address>0x31d4</run_address>
         <size>0x70</size>
         <input_file_ref idref="fl-2"/>
      </object_component>
      <object_component id="oc-6d2">
         <name>.text:formatNum</name>
         <load_address>0x3244</load_address>
         <run_address>0x3244</run_address>
         <size>0x6d</size>
         <input_file_ref idref="fl-1b"/>
      </object_component>
      <object_component id="oc-332">
         <name>.text:PowerMSP432_initPolicy</name>
         <load_address>0x32b2</load_address>
         <run_address>0x32b2</run_address>
         <size>0x2</size>
         <input_file_ref idref="fl-1c"/>
      </object_component>
      <object_component id="oc-5e8">
         <name>.text:I2C_masterSendMultiByteFinish</name>
         <load_address>0x32b4</load_address>
         <run_address>0x32b4</run_address>
         <size>0x6c</size>
         <input_file_ref idref="fl-24"/>
      </object_component>
      <object_component id="oc-683">
         <name>.text:TimerP_getCurrentTick</name>
         <load_address>0x3320</load_address>
         <run_address>0x3320</run_address>
         <size>0x6c</size>
         <input_file_ref idref="fl-1e"/>
      </object_component>
      <object_component id="oc-5a2">
         <name>.text:Interrupt_pendInterrupt</name>
         <load_address>0x338c</load_address>
         <run_address>0x338c</run_address>
         <size>0x68</size>
         <input_file_ref idref="fl-25"/>
      </object_component>
      <object_component id="oc-4c7">
         <name>.text:PowerMSP432_getFreqs</name>
         <load_address>0x33f4</load_address>
         <run_address>0x33f4</run_address>
         <size>0x68</size>
         <input_file_ref idref="fl-14"/>
      </object_component>
      <object_component id="oc-808">
         <name>.text:SwiP_post</name>
         <load_address>0x345c</load_address>
         <run_address>0x345c</run_address>
         <size>0x68</size>
         <input_file_ref idref="fl-22"/>
      </object_component>
      <object_component id="oc-12">
         <name>.text:decompress:lzss:__TI_decompress_lzss</name>
         <load_address>0x34c4</load_address>
         <run_address>0x34c4</run_address>
         <size>0x68</size>
         <input_file_ref idref="fl-eb"/>
      </object_component>
      <object_component id="oc-4cd">
         <name>.text:initHw</name>
         <load_address>0x352c</load_address>
         <run_address>0x352c</run_address>
         <size>0x68</size>
         <input_file_ref idref="fl-13"/>
      </object_component>
      <object_component id="oc-1e0">
         <name>.text:turn_off</name>
         <load_address>0x3594</load_address>
         <run_address>0x3594</run_address>
         <size>0x64</size>
         <input_file_ref idref="fl-2"/>
      </object_component>
      <object_component id="oc-1b7">
         <name>.text:Display_doOpen</name>
         <load_address>0x35f8</load_address>
         <run_address>0x35f8</run_address>
         <size>0x5c</size>
         <input_file_ref idref="fl-10"/>
      </object_component>
      <object_component id="oc-3cb">
         <name>.text:Interrupt_registerInterrupt</name>
         <load_address>0x3654</load_address>
         <run_address>0x3654</run_address>
         <size>0x5c</size>
         <input_file_ref idref="fl-25"/>
      </object_component>
      <object_component id="oc-7f3">
         <name>.text:TimerP_dynamicStub</name>
         <load_address>0x36b0</load_address>
         <run_address>0x36b0</run_address>
         <size>0x58</size>
         <input_file_ref idref="fl-1e"/>
      </object_component>
      <object_component id="oc-8ef">
         <name>.text:readIsrBinaryBlocking</name>
         <load_address>0x3708</load_address>
         <run_address>0x3708</run_address>
         <size>0x58</size>
         <input_file_ref idref="fl-16"/>
      </object_component>
      <object_component id="oc-5e2">
         <name>.text:completeTransfer</name>
         <load_address>0x3760</load_address>
         <run_address>0x3760</run_address>
         <size>0x56</size>
         <input_file_ref idref="fl-13"/>
      </object_component>
      <object_component id="oc-310">
         <name>.text:PowerMSP432_updateFreqs</name>
         <load_address>0x37b6</load_address>
         <run_address>0x37b6</run_address>
         <size>0x2</size>
         <input_file_ref idref="fl-1c"/>
      </object_component>
      <object_component id="oc-3d1">
         <name>.text:Interrupt_setPriority</name>
         <load_address>0x37b8</load_address>
         <run_address>0x37b8</run_address>
         <size>0x54</size>
         <input_file_ref idref="fl-25"/>
      </object_component>
      <object_component id="oc-5d8">
         <name>.text:SemaphoreP_construct</name>
         <load_address>0x380c</load_address>
         <run_address>0x380c</run_address>
         <size>0x50</size>
         <input_file_ref idref="fl-1a"/>
      </object_component>
      <object_component id="oc-901">
         <name>.text:readIsrBinaryCallback</name>
         <load_address>0x385c</load_address>
         <run_address>0x385c</run_address>
         <size>0x4c</size>
         <input_file_ref idref="fl-16"/>
      </object_component>
      <object_component id="oc-8c9">
         <name>.text:ClockP_construct</name>
         <load_address>0x38a8</load_address>
         <run_address>0x38a8</run_address>
         <size>0x48</size>
         <input_file_ref idref="fl-1d"/>
      </object_component>
      <object_component id="oc-338">
         <name>.text:PowerMSP432_sleepPolicy</name>
         <load_address>0x38f0</load_address>
         <run_address>0x38f0</run_address>
         <size>0x48</size>
         <input_file_ref idref="fl-1c"/>
      </object_component>
      <object_component id="oc-4bb">
         <name>.text:Power_releaseConstraint</name>
         <load_address>0x3938</load_address>
         <run_address>0x3938</run_address>
         <size>0x48</size>
         <input_file_ref idref="fl-14"/>
      </object_component>
      <object_component id="oc-6b9">
         <name>.text</name>
         <load_address>0x3980</load_address>
         <run_address>0x3980</run_address>
         <size>0x48</size>
         <input_file_ref idref="fl-e2"/>
      </object_component>
      <object_component id="oc-939">
         <name>.text:RingBuf_put</name>
         <load_address>0x39c8</load_address>
         <run_address>0x39c8</run_address>
         <size>0x46</size>
         <input_file_ref idref="fl-18"/>
      </object_component>
      <object_component id="oc-779">
         <name>.text:UARTMSP432_init</name>
         <load_address>0x3a0e</load_address>
         <run_address>0x3a0e</run_address>
         <size>0x2</size>
         <input_file_ref idref="fl-16"/>
      </object_component>
      <object_component id="oc-1ab">
         <name>.text:I2C_init</name>
         <load_address>0x3a10</load_address>
         <run_address>0x3a10</run_address>
         <size>0x44</size>
         <input_file_ref idref="fl-12"/>
      </object_component>
      <object_component id="oc-533">
         <name>.text:SemaphoreP_post</name>
         <load_address>0x3a54</load_address>
         <run_address>0x3a54</run_address>
         <size>0x44</size>
         <input_file_ref idref="fl-1a"/>
      </object_component>
      <object_component id="oc-40a">
         <name>.text:SwiP_restore</name>
         <load_address>0x3a98</load_address>
         <run_address>0x3a98</run_address>
         <size>0x44</size>
         <input_file_ref idref="fl-22"/>
      </object_component>
      <object_component id="oc-7e7">
         <name>.text:TimerP_start</name>
         <load_address>0x3adc</load_address>
         <run_address>0x3adc</run_address>
         <size>0x44</size>
         <input_file_ref idref="fl-1e"/>
      </object_component>
      <object_component id="oc-547">
         <name>.text:UART_init</name>
         <load_address>0x3b20</load_address>
         <run_address>0x3b20</run_address>
         <size>0x44</size>
         <input_file_ref idref="fl-15"/>
      </object_component>
      <object_component id="oc-12f">
         <name>.text:__TI_auto_init_nobinit_nopinit:__TI_auto_init_nobinit_nopinit</name>
         <load_address>0x3b64</load_address>
         <run_address>0x3b64</run_address>
         <size>0x44</size>
         <input_file_ref idref="fl-f1"/>
      </object_component>
      <object_component id="oc-510">
         <name>.text:perfChangeNotifyFxn</name>
         <load_address>0x3ba8</load_address>
         <run_address>0x3ba8</run_address>
         <size>0x44</size>
         <input_file_ref idref="fl-13"/>
      </object_component>
      <object_component id="oc-6cd">
         <name>.text</name>
         <load_address>0x3bec</load_address>
         <run_address>0x3bec</run_address>
         <size>0x44</size>
         <input_file_ref idref="fl-e3"/>
      </object_component>
      <object_component id="oc-1c3">
         <name>.text:I2C_open</name>
         <load_address>0x3c30</load_address>
         <run_address>0x3c30</run_address>
         <size>0x40</size>
         <input_file_ref idref="fl-12"/>
      </object_component>
      <object_component id="oc-87e">
         <name>.text:RingBuf_get</name>
         <load_address>0x3c70</load_address>
         <run_address>0x3c70</run_address>
         <size>0x40</size>
         <input_file_ref idref="fl-18"/>
      </object_component>
      <object_component id="oc-758">
         <name>.text:TimerP_setNextTick</name>
         <load_address>0x3cb0</load_address>
         <run_address>0x3cb0</run_address>
         <size>0x40</size>
         <input_file_ref idref="fl-1e"/>
      </object_component>
      <object_component id="oc-785">
         <name>.text:UARTMSP432_read</name>
         <load_address>0x3cf0</load_address>
         <run_address>0x3cf0</run_address>
         <size>0x40</size>
         <input_file_ref idref="fl-16"/>
      </object_component>
      <object_component id="oc-54d">
         <name>.text:UART_open</name>
         <load_address>0x3d30</load_address>
         <run_address>0x3d30</run_address>
         <size>0x40</size>
         <input_file_ref idref="fl-15"/>
      </object_component>
      <object_component id="oc-857">
         <name>.text:perfChangeNotifyFxn</name>
         <load_address>0x3d70</load_address>
         <run_address>0x3d70</run_address>
         <size>0x40</size>
         <input_file_ref idref="fl-16"/>
      </object_component>
      <object_component id="oc-7b9">
         <name>.text</name>
         <load_address>0x3db0</load_address>
         <run_address>0x3db0</run_address>
         <size>0x40</size>
         <input_file_ref idref="fl-e7"/>
      </object_component>
      <object_component id="oc-7db">
         <name>.text:TimerP_initDevice</name>
         <load_address>0x3df0</load_address>
         <run_address>0x3df0</run_address>
         <size>0x3c</size>
         <input_file_ref idref="fl-1e"/>
      </object_component>
      <object_component id="oc-4e9">
         <name>.text:Power_setConstraint</name>
         <load_address>0x3e2c</load_address>
         <run_address>0x3e2c</run_address>
         <size>0x38</size>
         <input_file_ref idref="fl-14"/>
      </object_component>
      <object_component id="oc-4a0">
         <name>.text:notify</name>
         <load_address>0x3e64</load_address>
         <run_address>0x3e64</run_address>
         <size>0x38</size>
         <input_file_ref idref="fl-14"/>
      </object_component>
      <object_component id="oc-1d5">
         <name>.text</name>
         <load_address>0x3e9c</load_address>
         <run_address>0x3e9c</run_address>
         <size>0x38</size>
         <input_file_ref idref="fl-e4"/>
      </object_component>
      <object_component id="oc-791">
         <name>.text:UARTMSP432_readCancel</name>
         <load_address>0x3ed4</load_address>
         <run_address>0x3ed4</run_address>
         <size>0x36</size>
         <input_file_ref idref="fl-16"/>
      </object_component>
      <object_component id="oc-2ab">
         <name>.text:_nop</name>
         <load_address>0x3f0a</load_address>
         <run_address>0x3f0a</run_address>
         <size>0x2</size>
         <input_file_ref idref="fl-f5"/>
      </object_component>
      <object_component id="oc-a8">
         <name>.text:_c_int00_noargs:_c_int00_noargs</name>
         <load_address>0x3f0c</load_address>
         <run_address>0x3f0c</run_address>
         <size>0x34</size>
         <input_file_ref idref="fl-ee"/>
      </object_component>
      <object_component id="oc-4ef">
         <name>.text:mapPin</name>
         <load_address>0x3f40</load_address>
         <run_address>0x3f40</run_address>
         <size>0x30</size>
         <input_file_ref idref="fl-13"/>
      </object_component>
      <object_component id="oc-833">
         <name>.text:mapPin</name>
         <load_address>0x3f70</load_address>
         <run_address>0x3f70</run_address>
         <size>0x30</size>
         <input_file_ref idref="fl-16"/>
      </object_component>
      <object_component id="oc-6be">
         <name>.text</name>
         <load_address>0x3fa0</load_address>
         <run_address>0x3fa0</run_address>
         <size>0x2e</size>
         <input_file_ref idref="fl-e5"/>
      </object_component>
      <object_component id="oc-6c">
         <name>.text:busFaultISR</name>
         <load_address>0x3fce</load_address>
         <run_address>0x3fce</run_address>
         <size>0x2</size>
         <input_file_ref idref="fl-20"/>
      </object_component>
      <object_component id="oc-445">
         <name>.text:DisplayUartAnsi_clear</name>
         <load_address>0x3fd0</load_address>
         <run_address>0x3fd0</run_address>
         <size>0x2a</size>
         <input_file_ref idref="fl-11"/>
      </object_component>
      <object_component id="oc-1da">
         <name>.text:Display_doPrintf</name>
         <load_address>0x3ffa</load_address>
         <run_address>0x3ffa</run_address>
         <size>0x2a</size>
         <input_file_ref idref="fl-10"/>
      </object_component>
      <object_component id="oc-22a">
         <name>.text:HwiP_create</name>
         <load_address>0x4024</load_address>
         <run_address>0x4024</run_address>
         <size>0x2a</size>
         <input_file_ref idref="fl-1f"/>
      </object_component>
      <object_component id="oc-60e">
         <name>.text:clkFxn</name>
         <load_address>0x404e</load_address>
         <run_address>0x404e</run_address>
         <size>0x2</size>
         <input_file_ref idref="fl-1a"/>
      </object_component>
      <object_component id="oc-4fb">
         <name>.text:Power_registerNotify</name>
         <load_address>0x4050</load_address>
         <run_address>0x4050</run_address>
         <size>0x28</size>
         <input_file_ref idref="fl-14"/>
      </object_component>
      <object_component id="oc-2fe">
         <name>.text:disableFaultCounter</name>
         <load_address>0x4078</load_address>
         <run_address>0x4078</run_address>
         <size>0x28</size>
         <input_file_ref idref="fl-14"/>
      </object_component>
      <object_component id="oc-4a6">
         <name>.text:disableHFXT</name>
         <load_address>0x40a0</load_address>
         <run_address>0x40a0</run_address>
         <size>0x28</size>
         <input_file_ref idref="fl-14"/>
      </object_component>
      <object_component id="oc-839">
         <name>.text:findBaudDividerIndex</name>
         <load_address>0x40c8</load_address>
         <run_address>0x40c8</run_address>
         <size>0x28</size>
         <input_file_ref idref="fl-16"/>
      </object_component>
      <object_component id="oc-3f0">
         <name>.text:free_list_insert</name>
         <load_address>0x40f0</load_address>
         <run_address>0x40f0</run_address>
         <size>0x28</size>
         <input_file_ref idref="fl-ec"/>
      </object_component>
      <object_component id="oc-5cc">
         <name>.text:List_put</name>
         <load_address>0x4118</load_address>
         <run_address>0x4118</run_address>
         <size>0x26</size>
         <input_file_ref idref="fl-17"/>
      </object_component>
      <object_component id="oc-5c2">
         <name>.text:List_remove</name>
         <load_address>0x413e</load_address>
         <run_address>0x413e</run_address>
         <size>0x26</size>
         <input_file_ref idref="fl-17"/>
      </object_component>
      <object_component id="oc-68f">
         <name>.text:ClockP_getTicks</name>
         <load_address>0x4164</load_address>
         <run_address>0x4164</run_address>
         <size>0x24</size>
         <input_file_ref idref="fl-1d"/>
      </object_component>
      <object_component id="oc-689">
         <name>.text:ClockP_scheduleNextTick</name>
         <load_address>0x4188</load_address>
         <run_address>0x4188</run_address>
         <size>0x24</size>
         <input_file_ref idref="fl-1d"/>
      </object_component>
      <object_component id="oc-3dd">
         <name>.text:HwiP_dispatch</name>
         <load_address>0x41ac</load_address>
         <run_address>0x41ac</run_address>
         <size>0x24</size>
         <input_file_ref idref="fl-1f"/>
      </object_component>
      <object_component id="oc-2f8">
         <name>.text:CS_setExternalClockSourceFrequency</name>
         <load_address>0x41d0</load_address>
         <run_address>0x41d0</run_address>
         <size>0x20</size>
         <input_file_ref idref="fl-23"/>
      </object_component>
      <object_component id="oc-5f0">
         <name>.text:ClockP_add</name>
         <load_address>0x41f0</load_address>
         <run_address>0x41f0</run_address>
         <size>0x20</size>
         <input_file_ref idref="fl-1d"/>
      </object_component>
      <object_component id="oc-4e0">
         <name>.text:Power_unregisterNotify</name>
         <load_address>0x4210</load_address>
         <run_address>0x4210</run_address>
         <size>0x20</size>
         <input_file_ref idref="fl-14"/>
      </object_component>
      <object_component id="oc-679">
         <name>.text:QueueP_put</name>
         <load_address>0x4230</load_address>
         <run_address>0x4230</run_address>
         <size>0x20</size>
         <input_file_ref idref="fl-21"/>
      </object_component>
      <object_component id="oc-82b">
         <name>.text:RingBuf_peek</name>
         <load_address>0x4250</load_address>
         <run_address>0x4250</run_address>
         <size>0x20</size>
         <input_file_ref idref="fl-18"/>
      </object_component>
      <object_component id="oc-5ba">
         <name>.text:Interrupt_unregisterInterrupt</name>
         <load_address>0x4270</load_address>
         <run_address>0x4270</run_address>
         <size>0x1c</size>
         <input_file_ref idref="fl-25"/>
      </object_component>
      <object_component id="oc-3f8">
         <name>.text:SwiP_disable</name>
         <load_address>0x428c</load_address>
         <run_address>0x428c</run_address>
         <size>0x1c</size>
         <input_file_ref idref="fl-22"/>
      </object_component>
      <object_component id="oc-3ea">
         <name>.text:free_list_remove</name>
         <load_address>0x42a8</load_address>
         <run_address>0x42a8</run_address>
         <size>0x1c</size>
         <input_file_ref idref="fl-ec"/>
      </object_component>
      <object_component id="oc-845">
         <name>.text:ClockP_create</name>
         <load_address>0x42c4</load_address>
         <run_address>0x42c4</run_address>
         <size>0x1a</size>
         <input_file_ref idref="fl-1d"/>
      </object_component>
      <object_component id="oc-91d">
         <name>.text:QueueP_get</name>
         <load_address>0x42de</load_address>
         <run_address>0x42de</run_address>
         <size>0x1a</size>
         <input_file_ref idref="fl-21"/>
      </object_component>
      <object_component id="oc-541">
         <name>.text:SemaphoreP_createBinary</name>
         <load_address>0x42f8</load_address>
         <run_address>0x42f8</run_address>
         <size>0x1a</size>
         <input_file_ref idref="fl-1a"/>
      </object_component>
      <object_component id="oc-561">
         <name>.text:SystemP_snprintf</name>
         <load_address>0x4312</load_address>
         <run_address>0x4312</run_address>
         <size>0x1a</size>
         <input_file_ref idref="fl-1b"/>
      </object_component>
      <object_component id="oc-608">
         <name>.text:ClockP_destruct</name>
         <load_address>0x432c</load_address>
         <run_address>0x432c</run_address>
         <size>0x18</size>
         <input_file_ref idref="fl-1d"/>
      </object_component>
      <object_component id="oc-4d4">
         <name>.text:HwiP_delete</name>
         <load_address>0x4344</load_address>
         <run_address>0x4344</run_address>
         <size>0x18</size>
         <input_file_ref idref="fl-1f"/>
      </object_component>
      <object_component id="oc-61e">
         <name>.text:HwiP_inISR</name>
         <load_address>0x435c</load_address>
         <run_address>0x435c</run_address>
         <size>0x18</size>
         <input_file_ref idref="fl-1f"/>
      </object_component>
      <object_component id="oc-267">
         <name>.text:I2C_transfer</name>
         <load_address>0x4374</load_address>
         <run_address>0x4374</run_address>
         <size>0x18</size>
         <input_file_ref idref="fl-12"/>
      </object_component>
      <object_component id="oc-39d">
         <name>.text:SysCtl_A_disableNMISource</name>
         <load_address>0x438c</load_address>
         <run_address>0x438c</run_address>
         <size>0x18</size>
         <input_file_ref idref="fl-27"/>
      </object_component>
      <object_component id="oc-3a9">
         <name>.text:SysCtl_A_enableNMISource</name>
         <load_address>0x43a4</load_address>
         <run_address>0x43a4</run_address>
         <size>0x18</size>
         <input_file_ref idref="fl-27"/>
      </object_component>
      <object_component id="oc-53b">
         <name>.text:UART_Params_init</name>
         <load_address>0x43bc</load_address>
         <run_address>0x43bc</run_address>
         <size>0x18</size>
         <input_file_ref idref="fl-15"/>
      </object_component>
      <object_component id="oc-1f">
         <name>.text:resetISR</name>
         <load_address>0x43d4</load_address>
         <run_address>0x43d4</run_address>
         <size>0x18</size>
         <input_file_ref idref="fl-20"/>
      </object_component>
      <object_component id="oc-457">
         <name>.text:DisplayUartAnsi_close</name>
         <load_address>0x43ec</load_address>
         <run_address>0x43ec</run_address>
         <size>0x16</size>
         <input_file_ref idref="fl-11"/>
      </object_component>
      <object_component id="oc-507">
         <name>.text:SemaphoreP_create</name>
         <load_address>0x4402</load_address>
         <run_address>0x4402</run_address>
         <size>0x16</size>
         <input_file_ref idref="fl-1a"/>
      </object_component>
      <object_component id="oc-917">
         <name>.text:maxbit</name>
         <load_address>0x4418</load_address>
         <run_address>0x4418</run_address>
         <size>0x16</size>
         <input_file_ref idref="fl-22"/>
      </object_component>
      <object_component id="oc-6de">
         <name>.text:putChar</name>
         <load_address>0x442e</load_address>
         <run_address>0x442e</run_address>
         <size>0x16</size>
         <input_file_ref idref="fl-1b"/>
      </object_component>
      <object_component id="oc-65c">
         <name>.text:Power_idleFunc</name>
         <load_address>0x4444</load_address>
         <run_address>0x4444</run_address>
         <size>0x14</size>
         <input_file_ref idref="fl-14"/>
      </object_component>
      <object_component id="oc-7d0">
         <name>.text:SwiP_handleHwi</name>
         <load_address>0x4458</load_address>
         <run_address>0x4458</run_address>
         <size>0x14</size>
         <input_file_ref idref="fl-22"/>
      </object_component>
      <object_component id="oc-74b">
         <name>.text:TimerP_getCount</name>
         <load_address>0x446c</load_address>
         <run_address>0x446c</run_address>
         <size>0x14</size>
         <input_file_ref idref="fl-1e"/>
      </object_component>
      <object_component id="oc-887">
         <name>.text:clearTXCPTIFG</name>
         <load_address>0x4480</load_address>
         <run_address>0x4480</run_address>
         <size>0x14</size>
         <input_file_ref idref="fl-16"/>
      </object_component>
      <object_component id="oc-6d8">
         <name>.text:strlen</name>
         <load_address>0x4494</load_address>
         <run_address>0x4494</run_address>
         <size>0x14</size>
         <input_file_ref idref="fl-ed"/>
      </object_component>
      <object_component id="oc-224">
         <name>.text:HwiP_Params_init</name>
         <load_address>0x44a8</load_address>
         <run_address>0x44a8</run_address>
         <size>0x12</size>
         <input_file_ref idref="fl-1f"/>
      </object_component>
      <object_component id="oc-84b">
         <name>.text:RingBuf_construct</name>
         <load_address>0x44ba</load_address>
         <run_address>0x44ba</run_address>
         <size>0x12</size>
         <input_file_ref idref="fl-18"/>
      </object_component>
      <object_component id="oc-f6">
         <name>.text:main</name>
         <load_address>0x44cc</load_address>
         <run_address>0x44cc</run_address>
         <size>0x12</size>
         <input_file_ref idref="fl-4"/>
      </object_component>
      <object_component id="oc-66">
         <name>.text:defaultISR</name>
         <load_address>0x44de</load_address>
         <run_address>0x44de</run_address>
         <size>0x2</size>
         <input_file_ref idref="fl-20"/>
      </object_component>
      <object_component id="oc-83f">
         <name>.text:ClockP_Params_init</name>
         <load_address>0x44e0</load_address>
         <run_address>0x44e0</run_address>
         <size>0x10</size>
         <input_file_ref idref="fl-1d"/>
      </object_component>
      <object_component id="oc-824">
         <name>.text:ClockP_delete</name>
         <load_address>0x44f0</load_address>
         <run_address>0x44f0</run_address>
         <size>0x10</size>
         <input_file_ref idref="fl-1d"/>
      </object_component>
      <object_component id="oc-23f">
         <name>.text:HwiP_disable</name>
         <load_address>0x4500</load_address>
         <run_address>0x4500</run_address>
         <size>0x10</size>
         <input_file_ref idref="fl-1f"/>
      </object_component>
      <object_component id="oc-1bd">
         <name>.text:I2C_Params_init</name>
         <load_address>0x4510</load_address>
         <run_address>0x4510</run_address>
         <size>0x10</size>
         <input_file_ref idref="fl-12"/>
      </object_component>
      <object_component id="oc-52">
         <name>.text:Interrupt_disableMaster</name>
         <load_address>0x4520</load_address>
         <run_address>0x4520</run_address>
         <size>0x10</size>
         <input_file_ref idref="fl-25"/>
      </object_component>
      <object_component id="oc-1a4">
         <name>.text:Interrupt_enableMaster</name>
         <load_address>0x4530</load_address>
         <run_address>0x4530</run_address>
         <size>0x10</size>
         <input_file_ref idref="fl-25"/>
      </object_component>
      <object_component id="oc-4f5">
         <name>.text:PowerMSP432_getNumPerfLevels</name>
         <load_address>0x4540</load_address>
         <run_address>0x4540</run_address>
         <size>0x10</size>
         <input_file_ref idref="fl-14"/>
      </object_component>
      <object_component id="oc-624">
         <name>.text:Power_disablePolicy</name>
         <load_address>0x4550</load_address>
         <run_address>0x4550</run_address>
         <size>0x10</size>
         <input_file_ref idref="fl-14"/>
      </object_component>
      <object_component id="oc-5fc">
         <name>.text:Power_enablePolicy</name>
         <load_address>0x4560</load_address>
         <run_address>0x4560</run_address>
         <size>0x10</size>
         <input_file_ref idref="fl-14"/>
      </object_component>
      <object_component id="oc-501">
         <name>.text:SemaphoreP_Params_init</name>
         <load_address>0x4570</load_address>
         <run_address>0x4570</run_address>
         <size>0x10</size>
         <input_file_ref idref="fl-1a"/>
      </object_component>
      <object_component id="oc-70d">
         <name>.text:SwiP_Params_init</name>
         <load_address>0x4580</load_address>
         <run_address>0x4580</run_address>
         <size>0x10</size>
         <input_file_ref idref="fl-22"/>
      </object_component>
      <object_component id="oc-397">
         <name>.text:SysCtl_A_getNMISourceStatus</name>
         <load_address>0x4590</load_address>
         <run_address>0x4590</run_address>
         <size>0x10</size>
         <input_file_ref idref="fl-27"/>
      </object_component>
      <object_component id="oc-59b">
         <name>.text:SysCtl_getNMISourceStatus</name>
         <load_address>0x45a0</load_address>
         <run_address>0x45a0</run_address>
         <size>0x10</size>
         <input_file_ref idref="fl-26"/>
      </object_component>
      <object_component id="oc-719">
         <name>.text:TimerP_Params_init</name>
         <load_address>0x45b0</load_address>
         <run_address>0x45b0</run_address>
         <size>0x10</size>
         <input_file_ref idref="fl-1e"/>
      </object_component>
      <object_component id="oc-86f">
         <name>.text:readBlockingTimeout</name>
         <load_address>0x45c0</load_address>
         <run_address>0x45c0</run_address>
         <size>0x10</size>
         <input_file_ref idref="fl-16"/>
      </object_component>
      <object_component id="oc-923">
         <name>.text:QueueP_empty</name>
         <load_address>0x45d0</load_address>
         <run_address>0x45d0</run_address>
         <size>0xe</size>
         <input_file_ref idref="fl-21"/>
      </object_component>
      <object_component id="oc-698">
         <name>.text:QueueP_remove</name>
         <load_address>0x45de</load_address>
         <run_address>0x45de</run_address>
         <size>0xe</size>
         <input_file_ref idref="fl-21"/>
      </object_component>
      <object_component id="oc-18">
         <name>.text:decompress:none:__TI_decompress_none</name>
         <load_address>0x45ec</load_address>
         <run_address>0x45ec</run_address>
         <size>0xe</size>
         <input_file_ref idref="fl-ea"/>
      </object_component>
      <object_component id="oc-110">
         <name>.text:Board_init</name>
         <load_address>0x45fa</load_address>
         <run_address>0x45fa</run_address>
         <size>0xc</size>
         <input_file_ref idref="fl-3"/>
      </object_component>
      <object_component id="oc-96">
         <name>.text:CPU_cpsid</name>
         <load_address>0x4606</load_address>
         <run_address>0x4606</run_address>
         <size>0xc</size>
         <input_file_ref idref="fl-29"/>
      </object_component>
      <object_component id="oc-238">
         <name>.text:CPU_cpsie</name>
         <load_address>0x4612</load_address>
         <run_address>0x4612</run_address>
         <size>0xc</size>
         <input_file_ref idref="fl-29"/>
      </object_component>
      <object_component id="oc-60">
         <name>.text:faultISR</name>
         <load_address>0x461e</load_address>
         <run_address>0x461e</run_address>
         <size>0x2</size>
         <input_file_ref idref="fl-20"/>
      </object_component>
      <object_component id="oc-73a">
         <name>.text:ClockP_doTick</name>
         <load_address>0x4620</load_address>
         <run_address>0x4620</run_address>
         <size>0xc</size>
         <input_file_ref idref="fl-1d"/>
      </object_component>
      <object_component id="oc-3fe">
         <name>.text:Power_getConstraintMask</name>
         <load_address>0x462c</load_address>
         <run_address>0x462c</run_address>
         <size>0xc</size>
         <input_file_ref idref="fl-14"/>
      </object_component>
      <object_component id="oc-4c1">
         <name>.text:Power_getPerformanceLevel</name>
         <load_address>0x4638</load_address>
         <run_address>0x4638</run_address>
         <size>0xc</size>
         <input_file_ref idref="fl-14"/>
      </object_component>
      <object_component id="oc-72b">
         <name>.text:TimerP_getFreq</name>
         <load_address>0x4644</load_address>
         <run_address>0x4644</run_address>
         <size>0xc</size>
         <input_file_ref idref="fl-1e"/>
      </object_component>
      <object_component id="oc-725">
         <name>.text:TimerP_getMaxTicks</name>
         <load_address>0x4650</load_address>
         <run_address>0x4650</run_address>
         <size>0xc</size>
         <input_file_ref idref="fl-1e"/>
      </object_component>
      <object_component id="oc-4c">
         <name>.text:decompress:ZI:__TI_zero_init</name>
         <load_address>0x465c</load_address>
         <run_address>0x465c</run_address>
         <size>0xc</size>
         <input_file_ref idref="fl-e9"/>
      </object_component>
      <object_component id="oc-572">
         <name>.text:UART_close</name>
         <load_address>0x4668</load_address>
         <run_address>0x4668</run_address>
         <size>0xa</size>
         <input_file_ref idref="fl-15"/>
      </object_component>
      <object_component id="oc-553">
         <name>.text:UART_control</name>
         <load_address>0x4672</load_address>
         <run_address>0x4672</run_address>
         <size>0xa</size>
         <input_file_ref idref="fl-15"/>
      </object_component>
      <object_component id="oc-559">
         <name>.text:UART_write</name>
         <load_address>0x467c</load_address>
         <run_address>0x467c</run_address>
         <size>0xa</size>
         <input_file_ref idref="fl-15"/>
      </object_component>
      <object_component id="oc-245">
         <name>.text:HwiP_restore</name>
         <load_address>0x4686</load_address>
         <run_address>0x4686</run_address>
         <size>0x8</size>
         <input_file_ref idref="fl-1f"/>
      </object_component>
      <object_component id="oc-51c">
         <name>.text:blockingTransferCallback</name>
         <load_address>0x468e</load_address>
         <run_address>0x468e</run_address>
         <size>0x8</size>
         <input_file_ref idref="fl-13"/>
      </object_component>
      <object_component id="oc-31d">
         <name>.text:malloc</name>
         <load_address>0x4696</load_address>
         <run_address>0x4696</run_address>
         <size>0x8</size>
         <input_file_ref idref="fl-ec"/>
      </object_component>
      <object_component id="oc-869">
         <name>.text:readSemCallback</name>
         <load_address>0x469e</load_address>
         <run_address>0x469e</run_address>
         <size>0x8</size>
         <input_file_ref idref="fl-16"/>
      </object_component>
      <object_component id="oc-8df">
         <name>.text:txcptEnabledStatus</name>
         <load_address>0x46a6</load_address>
         <run_address>0x46a6</run_address>
         <size>0x8</size>
         <input_file_ref idref="fl-16"/>
      </object_component>
      <object_component id="oc-863">
         <name>.text:writeSemCallback</name>
         <load_address>0x46ae</load_address>
         <run_address>0x46ae</run_address>
         <size>0x8</size>
         <input_file_ref idref="fl-16"/>
      </object_component>
      <object_component id="oc-946">
         <name>.text:ClockP_stop</name>
         <load_address>0x46b6</load_address>
         <run_address>0x46b6</run_address>
         <size>0x6</size>
         <input_file_ref idref="fl-1d"/>
      </object_component>
      <object_component id="oc-45d">
         <name>.text:DisplayUartAnsi_control</name>
         <load_address>0x46bc</load_address>
         <run_address>0x46bc</run_address>
         <size>0x6</size>
         <input_file_ref idref="fl-11"/>
      </object_component>
      <object_component id="oc-463">
         <name>.text:DisplayUartAnsi_getType</name>
         <load_address>0x46c2</load_address>
         <run_address>0x46c2</run_address>
         <size>0x6</size>
         <input_file_ref idref="fl-11"/>
      </object_component>
      <object_component id="oc-1b1">
         <name>.text:Display_doParamsInit</name>
         <load_address>0x46c8</load_address>
         <run_address>0x46c8</run_address>
         <size>0x6</size>
         <input_file_ref idref="fl-10"/>
      </object_component>
      <object_component id="oc-41d">
         <name>.text:I2CMSP432_control</name>
         <load_address>0x46ce</load_address>
         <run_address>0x46ce</run_address>
         <size>0x6</size>
         <input_file_ref idref="fl-13"/>
      </object_component>
      <object_component id="oc-707">
         <name>.text:QueueP_init</name>
         <load_address>0x46d4</load_address>
         <run_address>0x46d4</run_address>
         <size>0x6</size>
         <input_file_ref idref="fl-21"/>
      </object_component>
      <object_component id="oc-602">
         <name>.text:ClockP_isActive</name>
         <load_address>0x46da</load_address>
         <run_address>0x46da</run_address>
         <size>0x4</size>
         <input_file_ref idref="fl-1d"/>
      </object_component>
      <object_component id="oc-940">
         <name>.text:ClockP_setTimeout</name>
         <load_address>0x46de</load_address>
         <run_address>0x46de</run_address>
         <size>0x4</size>
         <input_file_ref idref="fl-1d"/>
      </object_component>
      <object_component id="oc-116">
         <name>.text:HwiP_enable</name>
         <load_address>0x46e2</load_address>
         <run_address>0x46e2</run_address>
         <size>0x4</size>
         <input_file_ref idref="fl-1f"/>
      </object_component>
      <object_component id="oc-4b3">
         <name>.text:HwiP_post</name>
         <load_address>0x46e6</load_address>
         <run_address>0x46e6</run_address>
         <size>0x4</size>
         <input_file_ref idref="fl-1f"/>
      </object_component>
      <object_component id="oc-8b1">
         <name>.text:QueueP_head</name>
         <load_address>0x46ea</load_address>
         <run_address>0x46ea</run_address>
         <size>0x4</size>
         <input_file_ref idref="fl-21"/>
      </object_component>
      <object_component id="oc-8b7">
         <name>.text:QueueP_next</name>
         <load_address>0x46ee</load_address>
         <run_address>0x46ee</run_address>
         <size>0x4</size>
         <input_file_ref idref="fl-21"/>
      </object_component>
      <object_component id="oc-4da">
         <name>.text:SemaphoreP_delete</name>
         <load_address>0x46f2</load_address>
         <run_address>0x46f2</run_address>
         <size>0x4</size>
         <input_file_ref idref="fl-1a"/>
      </object_component>
      <object_component id="oc-56b">
         <name>.text:SystemP_vsnprintf</name>
         <load_address>0x46f6</load_address>
         <run_address>0x46f6</run_address>
         <size>0x4</size>
         <input_file_ref idref="fl-1b"/>
      </object_component>
      <object_component id="oc-7e1">
         <name>.text:TimerP_setPeriod</name>
         <load_address>0x46fa</load_address>
         <run_address>0x46fa</run_address>
         <size>0x4</size>
         <input_file_ref idref="fl-1e"/>
      </object_component>
      <object_component id="oc-f0">
         <name>.text:_system_pre_init</name>
         <load_address>0x46fe</load_address>
         <run_address>0x46fe</run_address>
         <size>0x4</size>
         <input_file_ref idref="fl-f2"/>
      </object_component>
      <object_component id="oc-123">
         <name>.text:abort:abort</name>
         <load_address>0x4702</load_address>
         <run_address>0x4702</run_address>
         <size>0x4</size>
         <input_file_ref idref="fl-f4"/>
      </object_component>
      <object_component id="oc-5a">
         <name>.text:nmiISR</name>
         <load_address>0x4706</load_address>
         <run_address>0x4706</run_address>
         <size>0x2</size>
         <input_file_ref idref="fl-20"/>
      </object_component>
      <object_component id="oc-816">
         <name>.text</name>
         <load_address>0x4708</load_address>
         <run_address>0x4708</run_address>
         <size>0x2</size>
         <input_file_ref idref="fl-ef"/>
      </object_component>
      <object_component id="oc-487">
         <name>.const:g_pulRegs</name>
         <load_address>0x470c</load_address>
         <run_address>0x470c</run_address>
         <size>0x50</size>
         <input_file_ref idref="fl-25"/>
      </object_component>
      <object_component id="oc-7ab">
         <name>.const:uartMSP432Baudrates</name>
         <load_address>0x475c</load_address>
         <run_address>0x475c</run_address>
         <size>0x40</size>
         <input_file_ref idref="fl-3"/>
      </object_component>
      <object_component id="oc-233">
         <name>.const:PowerMSP432_config</name>
         <load_address>0x479c</load_address>
         <run_address>0x479c</run_address>
         <size>0x38</size>
         <input_file_ref idref="fl-3"/>
      </object_component>
      <object_component id="oc-6af">
         <name>.const:uartMSP432HWAttrs</name>
         <load_address>0x47d4</load_address>
         <run_address>0x47d4</run_address>
         <size>0x2c</size>
         <input_file_ref idref="fl-3"/>
      </object_component>
      <object_component id="oc-6ab">
         <name>.const:UARTMSP432_fxnTable</name>
         <load_address>0x4800</load_address>
         <run_address>0x4800</run_address>
         <size>0x28</size>
         <input_file_ref idref="fl-16"/>
      </object_component>
      <object_component id="oc-62b">
         <name>.const:UART_defaultParams</name>
         <load_address>0x4828</load_address>
         <run_address>0x4828</run_address>
         <size>0x24</size>
         <input_file_ref idref="fl-15"/>
      </object_component>
      <object_component id="oc-352">
         <name>.const:DisplayUartAnsi_fxnTable</name>
         <load_address>0x484c</load_address>
         <run_address>0x484c</run_address>
         <size>0x20</size>
         <input_file_ref idref="fl-11"/>
      </object_component>
      <object_component id="oc-875">
         <name>.const:staticFxnTable</name>
         <load_address>0x486c</load_address>
         <run_address>0x486c</run_address>
         <size>0x20</size>
         <input_file_ref idref="fl-16"/>
      </object_component>
      <object_component id="oc-347">
         <name>.const:I2CMSP432_fxnTable</name>
         <load_address>0x488c</load_address>
         <run_address>0x488c</run_address>
         <size>0x18</size>
         <input_file_ref idref="fl-13"/>
      </object_component>
      <object_component id="oc-356">
         <name>.const:displayUartHWAttrs</name>
         <load_address>0x48a4</load_address>
         <run_address>0x48a4</run_address>
         <size>0x14</size>
         <input_file_ref idref="fl-3"/>
      </object_component>
      <object_component id="oc-34b">
         <name>.const:i2cMSP432HWAttrs</name>
         <load_address>0x48b8</load_address>
         <run_address>0x48b8</run_address>
         <size>0x14</size>
         <input_file_ref idref="fl-3"/>
      </object_component>
      <object_component id="oc-25d">
         <name>.const:I2C_defaultParams</name>
         <load_address>0x48cc</load_address>
         <run_address>0x48cc</run_address>
         <size>0x10</size>
         <input_file_ref idref="fl-12"/>
      </object_component>
      <object_component id="oc-7c3">
         <name>.const:SwiP_defaultParams</name>
         <load_address>0x48dc</load_address>
         <run_address>0x48dc</run_address>
         <size>0x10</size>
         <input_file_ref idref="fl-22"/>
      </object_component>
      <object_component id="oc-259">
         <name>.const:Display_config</name>
         <load_address>0x48ec</load_address>
         <run_address>0x48ec</run_address>
         <size>0xc</size>
         <input_file_ref idref="fl-3"/>
      </object_component>
      <object_component id="oc-251">
         <name>.const:I2C_config</name>
         <load_address>0x48f8</load_address>
         <run_address>0x48f8</run_address>
         <size>0xc</size>
         <input_file_ref idref="fl-3"/>
      </object_component>
      <object_component id="oc-634">
         <name>.const:UART_config</name>
         <load_address>0x4904</load_address>
         <run_address>0x4904</run_address>
         <size>0xc</size>
         <input_file_ref idref="fl-3"/>
      </object_component>
      <object_component id="oc-50d">
         <name>.const:bitRates</name>
         <load_address>0x4910</load_address>
         <run_address>0x4910</run_address>
         <size>0xc</size>
         <input_file_ref idref="fl-13"/>
      </object_component>
      <object_component id="oc-64e">
         <name>.const:g_pulDisRegs</name>
         <load_address>0x491c</load_address>
         <run_address>0x491c</run_address>
         <size>0x8</size>
         <input_file_ref idref="fl-25"/>
      </object_component>
      <object_component id="oc-48b">
         <name>.const:g_pulEnRegs</name>
         <load_address>0x4924</load_address>
         <run_address>0x4924</run_address>
         <size>0x8</size>
         <input_file_ref idref="fl-25"/>
      </object_component>
      <object_component id="oc-64a">
         <name>.const:g_pulPendRegs</name>
         <load_address>0x492c</load_address>
         <run_address>0x492c</run_address>
         <size>0x8</size>
         <input_file_ref idref="fl-25"/>
      </object_component>
      <object_component id="oc-567">
         <name>.const:.string:$P$T0$1</name>
         <load_address>0x4934</load_address>
         <run_address>0x4934</run_address>
         <size>0x7</size>
         <input_file_ref idref="fl-11"/>
      </object_component>
      <object_component id="oc-8d7">
         <name>.const:.string:parityTypes</name>
         <load_address>0x493b</load_address>
         <run_address>0x493b</run_address>
         <size>0x5</size>
         <input_file_ref idref="fl-16"/>
      </object_component>
      <object_component id="oc-8da">
         <name>.const:stopBits</name>
         <load_address>0x4940</load_address>
         <run_address>0x4940</run_address>
         <size>0x4</size>
         <input_file_ref idref="fl-16"/>
      </object_component>
      <object_component id="oc-24e">
         <name>.const</name>
         <load_address>0x4944</load_address>
         <run_address>0x4944</run_address>
         <size>0x3</size>
         <input_file_ref idref="fl-3"/>
      </object_component>
      <object_component id="oc-277">
         <name>.const:.string:$P$T0$1</name>
         <load_address>0x4947</load_address>
         <run_address>0x4947</run_address>
         <size>0x2</size>
         <input_file_ref idref="fl-2"/>
      </object_component>
      <object_component id="oc-26d">
         <name>.const:.string:$P$T1$2</name>
         <load_address>0x4949</load_address>
         <run_address>0x4949</run_address>
         <size>0x2</size>
         <input_file_ref idref="fl-2"/>
      </object_component>
      <object_component id="oc-273">
         <name>.const:.string:$P$T2$3</name>
         <load_address>0x494b</load_address>
         <run_address>0x494b</run_address>
         <size>0x2</size>
         <input_file_ref idref="fl-2"/>
      </object_component>
      <object_component id="oc-27d">
         <name>.const:.string:$P$T3$4</name>
         <load_address>0x494d</load_address>
         <run_address>0x494d</run_address>
         <size>0x2</size>
         <input_file_ref idref="fl-2"/>
      </object_component>
      <object_component id="oc-280">
         <name>.const:.string:$P$T4$5</name>
         <load_address>0x494f</load_address>
         <run_address>0x494f</run_address>
         <size>0x2</size>
         <input_file_ref idref="fl-2"/>
      </object_component>
      <object_component id="oc-256">
         <name>.const:Display_defaultParams</name>
         <load_address>0x4951</load_address>
         <run_address>0x4951</run_address>
         <size>0x1</size>
         <input_file_ref idref="fl-10"/>
      </object_component>
      <object_component id="oc-988">
         <name>.cinit..data.load</name>
         <load_address>0x4958</load_address>
         <run_address>0x4958</run_address>
         <size>0x84</size>
      </object_component>
      <object_component id="oc-986">
         <name>__TI_handler_table</name>
         <load_address>0x49dc</load_address>
         <run_address>0x49dc</run_address>
         <size>0xc</size>
      </object_component>
      <object_component id="oc-989">
         <name>.cinit..bss.load</name>
         <load_address>0x49e8</load_address>
         <run_address>0x49e8</run_address>
         <size>0x8</size>
      </object_component>
      <object_component id="oc-98a">
         <name>.cinit..vtable.load</name>
         <load_address>0x49f0</load_address>
         <run_address>0x49f0</run_address>
         <size>0x8</size>
      </object_component>
      <object_component id="oc-987">
         <name>__TI_cinit_table</name>
         <load_address>0x49f8</load_address>
         <run_address>0x49f8</run_address>
         <size>0x18</size>
      </object_component>
      <object_component id="oc-270">
         <name>.data:garminTransaction</name>
         <load_address>0x200088dc</load_address>
         <run_address>0x200088dc</run_address>
         <size>0x1c</size>
         <input_file_ref idref="fl-2"/>
      </object_component>
      <object_component id="oc-24b">
         <name>.data</name>
         <load_address>0x2000893b</load_address>
         <run_address>0x2000893b</run_address>
         <size>0x1</size>
         <input_file_ref idref="fl-12"/>
      </object_component>
      <object_component id="oc-230">
         <name>.data:PowerMSP432_module</name>
         <load_address>0x200088b0</load_address>
         <run_address>0x200088b0</run_address>
         <size>0x2c</size>
         <input_file_ref idref="fl-14"/>
      </object_component>
      <object_component id="oc-316">
         <name>.data:PowerMSP432_perfLevels</name>
         <load_address>0x20008770</load_address>
         <run_address>0x20008770</run_address>
         <size>0x140</size>
         <input_file_ref idref="fl-14"/>
      </object_component>
      <object_component id="oc-631">
         <name>.data</name>
         <load_address>0x2000893c</load_address>
[...]
         <value>0x46f7</value>
         <object_component_ref idref="oc-56b"/>
      </symbol>
      <symbol id="sm-7f4">
         <name>SystemP_snprintf</name>
         <value>0x4313</value>
         <object_component_ref idref="oc-561"/>
      </symbol>
      <symbol id="sm-81d">
         <name>PowerMSP432_initPolicy</name>
         <value>0x32b3</value>
         <object_component_ref idref="oc-332"/>
      </symbol>
      <symbol id="sm-81e">
         <name>PowerMSP432_updateFreqs</name>
         <value>0x37b7</value>
         <object_component_ref idref="oc-310"/>
      </symbol>
      <symbol id="sm-81f">
         <name>PowerMSP432_sleepPolicy</name>
         <value>0x38f1</value>
         <object_component_ref idref="oc-338"/>
      </symbol>
      <symbol id="sm-900">
         <name>ClockP_delete</name>
         <value>0x44f1</value>
         <object_component_ref idref="oc-824"/>
      </symbol>
      <symbol id="sm-901">
         <name>ClockP_doTick</name>
         <value>0x4621</value>
         <object_component_ref idref="oc-73a"/>
      </symbol>
      <symbol id="sm-902">
         <name>ClockP_setTimeout</name>
         <value>0x46df</value>
         <object_component_ref idref="oc-940"/>
      </symbol>
      <symbol id="sm-903">
         <name>ClockP_startup</name>
         <value>0x1fd5</value>
         <object_component_ref idref="oc-670"/>
      </symbol>
      <symbol id="sm-904">
         <name>ClockP_stop</name>
         <value>0x46b7</value>
         <object_component_ref idref="oc-946"/>
      </symbol>
      <symbol id="sm-905">
         <name>ClockP_construct</name>
         <value>0x38a9</value>
         <object_component_ref idref="oc-8c9"/>
      </symbol>
      <symbol id="sm-906">
         <name>ClockP_scheduleNextTick</name>
         <value>0x4189</value>
         <object_component_ref idref="oc-689"/>
      </symbol>
      <symbol id="sm-907">
         <name>ClockP_tickPeriod</name>
         <value>0x2000892c</value>
         <object_component_ref idref="oc-731"/>
      </symbol>
      <symbol id="sm-908">
         <name>ClockP_create</name>
         <value>0x42c5</value>
         <object_component_ref idref="oc-845"/>
      </symbol>
      <symbol id="sm-909">
         <name>ClockP_Params_init</name>
         <value>0x44e1</value>
         <object_component_ref idref="oc-83f"/>
      </symbol>
      <symbol id="sm-90a">
         <name>ClockP_workFuncDynamic</name>
         <value>0x21f1</value>
         <object_component_ref idref="oc-734"/>
      </symbol>
      <symbol id="sm-90b">
         <name>ClockP_walkQueueDynamic</name>
         <value>0x2f95</value>
         <object_component_ref idref="oc-801"/>
      </symbol>
      <symbol id="sm-90c">
         <name>ClockP_destruct</name>
         <value>0x432d</value>
         <object_component_ref idref="oc-608"/>
      </symbol>
      <symbol id="sm-90d">
         <name>ClockP_start</name>
         <value>0x2d99</value>
         <object_component_ref idref="oc-5f6"/>
      </symbol>
      <symbol id="sm-90e">
         <name>ClockP_isActive</name>
         <value>0x46db</value>
         <object_component_ref idref="oc-602"/>
      </symbol>
      <symbol id="sm-90f">
         <name>ClockP_getTicks</name>
         <value>0x4165</value>
         <object_component_ref idref="oc-68f"/>
      </symbol>
      <symbol id="sm-910">
         <name>ClockP_add</name>
         <value>0x41f1</value>
         <object_component_ref idref="oc-5f0"/>
      </symbol>
      <symbol id="sm-9a6">
         <name>TimerP_setNextTick</name>
         <value>0x3cb1</value>
         <object_component_ref idref="oc-758"/>
      </symbol>
      <symbol id="sm-9a7">
         <name>TimerP_getCurrentTick</name>
         <value>0x3321</value>
         <object_component_ref idref="oc-683"/>
      </symbol>
      <symbol id="sm-9a8">
         <name>TimerP_setPeriod</name>
         <value>0x46fb</value>
         <object_component_ref idref="oc-7e1"/>
      </symbol>
      <symbol id="sm-9a9">
         <name>TimerP_dynamicStub</name>
         <value>0x36b1</value>
         <object_component_ref idref="oc-7f3"/>
      </symbol>
      <symbol id="sm-9aa">
         <name>TimerP_getMaxTicks</name>
         <value>0x4651</value>
         <object_component_ref idref="oc-725"/>
      </symbol>
      <symbol id="sm-9ab">
         <name>TimerP_construct</name>
         <value>0x196d</value>
         <object_component_ref idref="oc-71f"/>
      </symbol>
      <symbol id="sm-9ac">
         <name>TimerP_getFreq</name>
         <value>0x4645</value>
         <object_component_ref idref="oc-72b"/>
      </symbol>
      <symbol id="sm-9ad">
         <name>TimerP_initDevice</name>
         <value>0x3df1</value>
         <object_component_ref idref="oc-7db"/>
      </symbol>
      <symbol id="sm-9ae">
         <name>TimerP_start</name>
         <value>0x3add</value>
         <object_component_ref idref="oc-7e7"/>
      </symbol>
      <symbol id="sm-9af">
         <name>TimerP_Params_init</name>
         <value>0x45b1</value>
         <object_component_ref idref="oc-719"/>
      </symbol>
      <symbol id="sm-a29">
         <name>HwiP_delete</name>
         <value>0x4345</value>
         <object_component_ref idref="oc-4d4"/>
      </symbol>
      <symbol id="sm-a2a">
         <name>HwiP_construct</name>
         <value>0x3085</value>
         <object_component_ref idref="oc-323"/>
      </symbol>
      <symbol id="sm-a2b">
         <name>HwiP_inISR</name>
         <value>0x435d</value>
         <object_component_ref idref="oc-61e"/>
      </symbol>
      <symbol id="sm-a2c">
         <name>HwiP_dispatch</name>
         <value>0x41ad</value>
         <object_component_ref idref="oc-3dd"/>
      </symbol>
      <symbol id="sm-a2d">
         <name>HwiP_swiPIntNum</name>
         <value>0x20008934</value>
         <object_component_ref idref="oc-3e3"/>
      </symbol>
      <symbol id="sm-a2e">
         <name>HwiP_Params_init</name>
         <value>0x44a9</value>
         <object_component_ref idref="oc-224"/>
      </symbol>
      <symbol id="sm-a2f">
         <name>HwiP_disable</name>
         <value>0x4501</value>
         <object_component_ref idref="oc-23f"/>
      </symbol>
      <symbol id="sm-a30">
         <name>HwiP_key</name>
         <value>0x20008930</value>
         <object_component_ref idref="oc-3e3"/>
      </symbol>
      <symbol id="sm-a31">
         <name>HwiP_create</name>
         <value>0x4025</value>
         <object_component_ref idref="oc-22a"/>
      </symbol>
      <symbol id="sm-a32">
         <name>HwiP_post</name>
         <value>0x46e7</value>
         <object_component_ref idref="oc-4b3"/>
      </symbol>
      <symbol id="sm-a33">
         <name>HwiP_enable</name>
         <value>0x46e3</value>
         <object_component_ref idref="oc-116"/>
      </symbol>
      <symbol id="sm-a34">
         <name>HwiP_restore</name>
         <value>0x4687</value>
         <object_component_ref idref="oc-245"/>
      </symbol>
      <symbol id="sm-a71">
         <name>resetISR</name>
         <value>0x43d5</value>
         <object_component_ref idref="oc-1f"/>
      </symbol>
      <symbol id="sm-a72">
         <name>interruptVectors</name>
         <value>0x0</value>
         <object_component_ref idref="oc-26"/>
      </symbol>
      <symbol id="sm-aaf">
         <name>QueueP_next</name>
         <value>0x46ef</value>
         <object_component_ref idref="oc-8b7"/>
      </symbol>
      <symbol id="sm-ab0">
         <name>QueueP_put</name>
         <value>0x4231</value>
         <object_component_ref idref="oc-679"/>
      </symbol>
      <symbol id="sm-ab1">
         <name>QueueP_remove</name>
         <value>0x45df</value>
         <object_component_ref idref="oc-698"/>
      </symbol>
      <symbol id="sm-ab2">
         <name>QueueP_head</name>
         <value>0x46eb</value>
         <object_component_ref idref="oc-8b1"/>
      </symbol>
      <symbol id="sm-ab3">
         <name>QueueP_init</name>
         <value>0x46d5</value>
         <object_component_ref idref="oc-707"/>
      </symbol>
      <symbol id="sm-ab4">
         <name>QueueP_empty</name>
         <value>0x45d1</value>
         <object_component_ref idref="oc-923"/>
      </symbol>
      <symbol id="sm-ab5">
         <name>QueueP_get</name>
         <value>0x42df</value>
         <object_component_ref idref="oc-91d"/>
      </symbol>
      <symbol id="sm-b54">
         <name>SwiP_disable</name>
         <value>0x428d</value>
         <object_component_ref idref="oc-3f8"/>
      </symbol>
      <symbol id="sm-b55">
         <name>SwiP_restore</name>
         <value>0x3a99</value>
         <object_component_ref idref="oc-40a"/>
      </symbol>
      <symbol id="sm-b56">
         <name>SwiP_construct</name>
         <value>0x1c05</value>
         <object_component_ref idref="oc-713"/>
      </symbol>
      <symbol id="sm-b57">
         <name>SwiP_Params_init</name>
         <value>0x4581</value>
         <object_component_ref idref="oc-70d"/>
      </symbol>
      <symbol id="sm-b58">
         <name>SwiP_post</name>
         <value>0x345d</value>
         <object_component_ref idref="oc-808"/>
      </symbol>
      <symbol id="sm-b59">
         <name>SwiP_dispatch</name>
         <value>0x2911</value>
         <object_component_ref idref="oc-89e"/>
      </symbol>
      <symbol id="sm-bd2">
         <name>CS_setExternalClockSourceFrequency</name>
         <value>0x41d1</value>
         <object_component_ref idref="oc-2f8"/>
      </symbol>
      <symbol id="sm-bd3">
         <name>CS_startHFXTWithTimeout</name>
         <value>0x16c5</value>
         <object_component_ref idref="oc-304"/>
      </symbol>
      <symbol id="sm-bd4">
         <name>CS_startLFXTWithTimeout</name>
         <value>0x188d</value>
         <object_component_ref idref="oc-30a"/>
      </symbol>
      <symbol id="sm-be9">
         <name>I2C_masterSendMultiByteFinish</name>
         <value>0x32b5</value>
         <object_component_ref idref="oc-5e8"/>
      </symbol>
      <symbol id="sm-c7f">
         <name>Interrupt_disableMaster</name>
         <value>0x4521</value>
         <object_component_ref idref="oc-52"/>
      </symbol>
      <symbol id="sm-c80">
         <name>Interrupt_disableInterrupt</name>
         <value>0x2e19</value>
         <object_component_ref idref="oc-5b4"/>
      </symbol>
      <symbol id="sm-c81">
         <name>Interrupt_unregisterInterrupt</name>
         <value>0x4271</value>
         <object_component_ref idref="oc-5ba"/>
      </symbol>
      <symbol id="sm-c82">
         <name>Interrupt_setPriority</name>
         <value>0x37b9</value>
         <object_component_ref idref="oc-3d1"/>
      </symbol>
      <symbol id="sm-c83">
         <name>Interrupt_enableMaster</name>
         <value>0x4531</value>
         <object_component_ref idref="oc-1a4"/>
      </symbol>
      <symbol id="sm-c84">
         <name>Interrupt_enableInterrupt</name>
         <value>0x2e99</value>
         <object_component_ref idref="oc-3d7"/>
      </symbol>
      <symbol id="sm-c85">
         <name>Interrupt_registerInterrupt</name>
         <value>0x3655</value>
         <object_component_ref idref="oc-3cb"/>
      </symbol>
      <symbol id="sm-c86">
         <name>g_pfnRAMVectors</name>
         <value>0x20008c00</value>
         <object_component_ref idref="oc-482"/>
      </symbol>
      <symbol id="sm-c87">
         <name>Interrupt_pendInterrupt</name>
         <value>0x338d</value>
         <object_component_ref idref="oc-5a2"/>
      </symbol>
      <symbol id="sm-c93">
         <name>SysCtl_getNMISourceStatus</name>
         <value>0x45a1</value>
         <object_component_ref idref="oc-59b"/>
      </symbol>
      <symbol id="sm-cb3">
         <name>SysCtl_A_enableNMISource</name>
         <value>0x43a5</value>
         <object_component_ref idref="oc-3a9"/>
      </symbol>
      <symbol id="sm-cb4">
         <name>SysCtl_A_getNMISourceStatus</name>
         <value>0x4591</value>
         <object_component_ref idref="oc-397"/>
      </symbol>
      <symbol id="sm-cb5">
         <name>SysCtl_A_disableNMISource</name>
         <value>0x438d</value>
         <object_component_ref idref="oc-39d"/>
      </symbol>
      <symbol id="sm-cd3">
         <name>UART_initModule</name>
         <value>0x11a1</value>
         <object_component_ref idref="oc-8d1"/>
      </symbol>
      <symbol id="sm-ce5">
         <name>CPU_cpsie</name>
         <value>0x4613</value>
         <object_component_ref idref="oc-238"/>
      </symbol>
      <symbol id="sm-ce6">
         <name>CPU_cpsid</name>
         <value>0x4607</value>
         <object_component_ref idref="oc-96"/>
      </symbol>
      <symbol id="sm-cfd">
         <name>__aeabi_dsub</name>
         <value>0xe65</value>
         <object_component_ref idref="oc-6c3"/>
      </symbol>
      <symbol id="sm-cfe">
         <name>__aeabi_dadd</name>
         <value>0xe6f</value>
         <object_component_ref idref="oc-6c3"/>
      </symbol>
      <symbol id="sm-d10">
         <name>__aeabi_cdcmpeq</name>
         <value>0x2c8f</value>
         <object_component_ref idref="oc-6b4"/>
      </symbol>
      <symbol id="sm-d11">
         <name>__aeabi_cdcmple</name>
         <value>0x2c8f</value>
         <object_component_ref idref="oc-6b4"/>
      </symbol>
      <symbol id="sm-d1c">
         <name>__aeabi_dmul</name>
         <value>0x14d9</value>
         <object_component_ref idref="oc-6c8"/>
      </symbol>
      <symbol id="sm-d26">
         <name>__aeabi_d2iz</name>
         <value>0x3981</value>
         <object_component_ref idref="oc-6b9"/>
      </symbol>
      <symbol id="sm-d30">
         <name>__aeabi_d2uiz</name>
         <value>0x3bed</value>
         <object_component_ref idref="oc-6cd"/>
      </symbol>
      <symbol id="sm-d3b">
         <name>__aeabi_f2d</name>
         <value>0x3e9d</value>
         <object_component_ref idref="oc-1d5"/>
      </symbol>
      <symbol id="sm-d45">
         <name>__aeabi_i2d</name>
         <value>0x3fa1</value>
         <object_component_ref idref="oc-6be"/>
      </symbol>
      <symbol id="sm-d60">
         <name>memcpy</name>
         <value>0x29ad</value>
         <object_component_ref idref="oc-3a"/>
      </symbol>
      <symbol id="sm-d61">
         <name>__aeabi_memcpy</name>
         <value>0x29ad</value>
         <object_component_ref idref="oc-3a"/>
      </symbol>
      <symbol id="sm-d62">
         <name>__aeabi_memcpy8</name>
         <value>0x29ad</value>
         <object_component_ref idref="oc-3a"/>
      </symbol>
      <symbol id="sm-d63">
         <name>__aeabi_memcpy4</name>
         <value>0x29ad</value>
         <object_component_ref idref="oc-3a"/>
      </symbol>
      <symbol id="sm-d72">
         <name>__aeabi_uidivmod</name>
         <value>0x3db1</value>
         <object_component_ref idref="oc-7b9"/>
      </symbol>
      <symbol id="sm-d73">
         <name>__aeabi_uidiv</name>
         <value>0x3db1</value>
         <object_component_ref idref="oc-7b9"/>
      </symbol>
      <symbol id="sm-d80">
         <name>__aeabi_uldivmod</name>
         <value>0x2a49</value>
         <object_component_ref idref="oc-751"/>
      </symbol>
      <symbol id="sm-d97">
         <name>__TI_zero_init</name>
         <value>0x465d</value>
         <object_component_ref idref="oc-4c"/>
      </symbol>
      <symbol id="sm-dae">
         <name>__TI_decompress_none</name>
         <value>0x45ed</value>
         <object_component_ref idref="oc-18"/>
      </symbol>
      <symbol id="sm-dd1">
         <name>__TI_decompress_lzss</name>
         <value>0x34c5</value>
         <object_component_ref idref="oc-12"/>
      </symbol>
      <symbol id="sm-e5a">
         <name>_sys_memory</name>
         <value>0x20000000</value>
         <object_component_ref idref="oc-29"/>
      </symbol>
      <symbol id="sm-e5b">
         <name>free</name>
         <value>0x17a9</value>
         <object_component_ref idref="oc-329"/>
      </symbol>
      <symbol id="sm-e5c">
         <name>memalign</name>
         <value>0x13d9</value>
         <object_component_ref idref="oc-3c4"/>
      </symbol>
      <symbol id="sm-e5d">
         <name>malloc</name>
         <value>0x4697</value>
         <object_component_ref idref="oc-31d"/>
      </symbol>
      <symbol id="sm-e5e">
         <name>aligned_alloc</name>
         <value>0x13d9</value>
         <object_component_ref idref="oc-3c4"/>
      </symbol>
      <symbol id="sm-e6c">
         <name>strlen</name>
         <value>0x4495</value>
         <object_component_ref idref="oc-6d8"/>
      </symbol>
      <symbol id="sm-e7f">
         <name>__stack</name>
         <value>0x2000f000</value>
         <object_component_ref idref="oc-2c"/>
      </symbol>
      <symbol id="sm-e80">
         <name>_c_int00_noargs</name>
         <value>0x3f0d</value>
         <object_component_ref idref="oc-a8"/>
      </symbol>
      <symbol id="sm-e8a">
         <name>__aeabi_idiv0</name>
         <value>0x4709</value>
         <object_component_ref idref="oc-816"/>
      </symbol>
      <symbol id="sm-e8b">
         <name>__aeabi_ldiv0</name>
         <value>0x4709</value>
         <object_component_ref idref="oc-816"/>
      </symbol>
      <symbol id="sm-e9a">
         <name>__aeabi_memset</name>
         <value>0x2f1b</value>
         <object_component_ref idref="oc-90"/>
      </symbol>
      <symbol id="sm-e9b">
         <name>memset</name>
         <value>0x2f21</value>
         <object_component_ref idref="oc-90"/>
      </symbol>
      <symbol id="sm-e9c">
         <name>__aeabi_memset8</name>
         <value>0x2f1b</value>
         <object_component_ref idref="oc-90"/>
      </symbol>
      <symbol id="sm-e9d">
         <name>__aeabi_memset4</name>
         <value>0x2f1b</value>
         <object_component_ref idref="oc-90"/>
      </symbol>
      <symbol id="sm-e9e">
         <name>__aeabi_memclr8</name>
         <value>0x2f19</value>
         <object_component_ref idref="oc-90"/>
      </symbol>
      <symbol id="sm-e9f">
         <name>__aeabi_memclr4</name>
         <value>0x2f19</value>
         <object_component_ref idref="oc-90"/>
      </symbol>
      <symbol id="sm-ea0">
         <name>__aeabi_memclr</name>
         <value>0x2f19</value>
         <object_component_ref idref="oc-90"/>
      </symbol>
      <symbol id="sm-ec8">
         <name>__TI_auto_init_nobinit_nopinit</name>
         <value>0x3b65</value>
         <object_component_ref idref="oc-12f"/>
      </symbol>
      <symbol id="sm-ed2">
         <name>_system_pre_init</name>
         <value>0x46ff</value>
         <object_component_ref idref="oc-f0"/>
      </symbol>
      <symbol id="sm-ede">
         <name>C$$EXIT</name>
         <value>0x4703</value>
         <object_component_ref idref="oc-123"/>
      </symbol>
      <symbol id="sm-edf">
         <name>abort</name>
         <value>0x4703</value>
         <object_component_ref idref="oc-123"/>
      </symbol>
      <symbol id="sm-ef4">
         <name>_nop</name>
         <value>0x3f0b</value>
         <object_component_ref idref="oc-2ab"/>
      </symbol>
      <symbol id="sm-ef5">
         <name>_lock</name>
         <value>0x20008910</value>
         <object_component_ref idref="oc-1f9"/>
      </symbol>
      <symbol id="sm-ef6">
         <name>_unlock</name>
         <value>0x20008914</value>
         <object_component_ref idref="oc-1f9"/>
      </symbol>
      <symbol id="sm-ef8">
         <name>__TI_static_base__</name>
         <value>0x4958</value>
      </symbol>
      <symbol id="sm-efb">
         <name>__mpu_init</name>
         <value>0x0</value>
      </symbol>
      <symbol id="sm-efc">
         <name>_system_post_cinit</name>
         <value>0x0</value>
      </symbol>
      <symbol id="sm-efd">
         <name>NoRTOS_start</name>
         <value>0x46e3</value>
      </symbol>
   </symbol_table>
   <title>Link successful</title>
</link_info>
