<?xml version="1.0" encoding="ISO-8859-1" ?>
<link_info>
   <banner>TI ARM Linker PC v20.2.6.LTS</banner>
   <copyright>Copyright (c) 1996-2018 Texas Instruments Incorporated</copyright>
   <link_time>0x6210df0f</link_time>
   <link_errors>0x0</link_errors>
   <output_file>VCOM.out</output_file>
   <entry_point>
      <name>resetISR</name>
      <address>0x3c31</address>
   </entry_point>
   <input_file_list>
      <input_file id="fl-2">
         <path>.\</path>
         <kind>object</kind>
         <file>VCOM.obj</file>
         <name>VCOM.obj</name>
      </input_file>
      <input_file id="fl-3">
         <path>.\syscfg\</path>
         <kind>object</kind>
         <file>ti_drivers_config.obj</file>
         <name>ti_drivers_config.obj</name>
      </input_file>
      <input_file id="fl-4">
         <path>.\</path>
         <kind>object</kind>
         <file>main_nortos.obj</file>
         <name>main_nortos.obj</name>
      </input_file>
      <input_file id="fl-f">
         <kind>object</kind>
         <file>&lt;internal&gt;</file>
         <name>&lt;internal&gt;</name>
      </input_file>
      <input_file id="fl-10">
         <path>C:\ti\simplelink_msp432p4_sdk_3_40_01_02\source\ti\display\lib\</path>
         <kind>archive</kind>
         <file>display.aem4f</file>
         <name>Display.oem4f</name>
      </input_file>
      <input_file id="fl-11">
         <path>C:\ti\simplelink_msp432p4_sdk_3_40_01_02\source\ti\display\lib\</path>
         <kind>archive</kind>
         <file>display.aem4f</file>
         <name>DisplayUart.oem4f</name>
      </input_file>
      <input_file id="fl-12">
         <path>C:\ti\simplelink_msp432p4_sdk_3_40_01_02\source\ti\drivers\lib\</path>
         <kind>archive</kind>
         <file>drivers_msp432p401x.aem4f</file>
         <name>GPIOMSP432.oem4f</name>
      </input_file>
      <input_file id="fl-13">
         <path>C:\ti\simplelink_msp432p4_sdk_3_40_01_02\source\ti\drivers\lib\</path>
         <kind>archive</kind>
         <file>drivers_msp432p401x.aem4f</file>
         <name>PowerMSP432.oem4f</name>
      </input_file>
      <input_file id="fl-14">
         <path>C:\ti\simplelink_msp432p4_sdk_3_40_01_02\source\ti\drivers\lib\</path>
         <kind>archive</kind>
         <file>drivers_msp432p401x.aem4f</file>
         <name>UART.oem4f</name>
      </input_file>
      <input_file id="fl-15">
         <path>C:\ti\simplelink_msp432p4_sdk_3_40_01_02\source\ti\drivers\lib\</path>
         <kind>archive</kind>
         <file>drivers_msp432p401x.aem4f</file>
         <name>UARTMSP432.oem4f</name>
      </input_file>
      <input_file id="fl-16">
         <path>C:\ti\simplelink_msp432p4_sdk_3_40_01_02\source\ti\drivers\lib\</path>
         <kind>archive</kind>
         <file>drivers_msp432p401x.aem4f</file>
         <name>List.oem4f</name>
      </input_file>
      <input_file id="fl-17">
         <path>C:\ti\simplelink_msp432p4_sdk_3_40_01_02\source\ti\drivers\lib\</path>
         <kind>archive</kind>
         <file>drivers_msp432p401x.aem4f</file>
         <name>RingBuf.oem4f</name>
      </input_file>
      <input_file id="fl-18">
         <path>C:\ti\simplelink_msp432p4_sdk_3_40_01_02\kernel\nortos\lib\</path>
         <kind>archive</kind>
         <file>nortos_msp432p401x.aem4f</file>
         <name>posix_sleep.oem4f</name>
      </input_file>
      <input_file id="fl-19">
         <path>C:\ti\simplelink_msp432p4_sdk_3_40_01_02\kernel\nortos\lib\</path>
         <kind>archive</kind>
         <file>nortos_msp432p401x.aem4f</file>
         <name>NoRTOS.oem4f</name>
      </input_file>
      <input_file id="fl-1a">
         <path>C:\ti\simplelink_msp432p4_sdk_3_40_01_02\kernel\nortos\lib\</path>
         <kind>archive</kind>
         <file>nortos_msp432p401x.aem4f</file>
         <name>SemaphoreP_nortos.oem4f</name>
      </input_file>
      <input_file id="fl-1b">
         <path>C:\ti\simplelink_msp432p4_sdk_3_40_01_02\kernel\nortos\lib\</path>
         <kind>archive</kind>
         <file>nortos_msp432p401x.aem4f</file>
         <name>SystemP_nortos.oem4f</name>
      </input_file>
      <input_file id="fl-1c">
         <path>C:\ti\simplelink_msp432p4_sdk_3_40_01_02\kernel\nortos\lib\</path>
         <kind>archive</kind>
         <file>nortos_msp432p401x.aem4f</file>
         <name>PowerMSP432_nortos.oem4f</name>
      </input_file>
      <input_file id="fl-1d">
         <path>C:\ti\simplelink_msp432p4_sdk_3_40_01_02\kernel\nortos\lib\</path>
         <kind>archive</kind>
         <file>nortos_msp432p401x.aem4f</file>
         <name>ClockPTimer_nortos.oem4f</name>
      </input_file>
      <input_file id="fl-1e">
         <path>C:\ti\simplelink_msp432p4_sdk_3_40_01_02\kernel\nortos\lib\</path>
         <kind>archive</kind>
         <file>nortos_msp432p401x.aem4f</file>
         <name>TimerPMSP432_nortos.oem4f</name>
      </input_file>
      <input_file id="fl-1f">
         <path>C:\ti\simplelink_msp432p4_sdk_3_40_01_02\kernel\nortos\lib\</path>
         <kind>archive</kind>
         <file>nortos_msp432p401x.aem4f</file>
         <name>HwiPMSP432_nortos.oem4f</name>
      </input_file>
      <input_file id="fl-20">
         <path>C:\ti\simplelink_msp432p4_sdk_3_40_01_02\kernel\nortos\lib\</path>
         <kind>archive</kind>
         <file>nortos_msp432p401x.aem4f</file>
         <name>startup_msp432_ccs.oem4f</name>
      </input_file>
      <input_file id="fl-21">
         <path>C:\ti\simplelink_msp432p4_sdk_3_40_01_02\kernel\nortos\lib\</path>
         <kind>archive</kind>
         <file>nortos_msp432p401x.aem4f</file>
         <name>QueueP_nortos.oem4f</name>
      </input_file>
      <input_file id="fl-22">
         <path>C:\ti\simplelink_msp432p4_sdk_3_40_01_02\kernel\nortos\lib\</path>
         <kind>archive</kind>
         <file>nortos_msp432p401x.aem4f</file>
         <name>SwiP_nortos.oem4f</name>
      </input_file>
      <input_file id="fl-23">
         <path>C:\ti\simplelink_msp432p4_sdk_3_40_01_02\source\ti\devices\msp432p4xx\driverlib\ccs\</path>
         <kind>archive</kind>
         <file>msp432p4xx_driverlib.lib</file>
         <name>cs.o</name>
      </input_file>
      <input_file id="fl-24">
         <path>C:\ti\simplelink_msp432p4_sdk_3_40_01_02\source\ti\devices\msp432p4xx\driverlib\ccs\</path>
         <kind>archive</kind>
         <file>msp432p4xx_driverlib.lib</file>
         <name>interrupt.o</name>
      </input_file>
      <input_file id="fl-25">
         <path>C:\ti\simplelink_msp432p4_sdk_3_40_01_02\source\ti\devices\msp432p4xx\driverlib\ccs\</path>
         <kind>archive</kind>
         <file>msp432p4xx_driverlib.lib</file>
         <name>sysctl.o</name>
      </input_file>
      <input_file id="fl-26">
         <path>C:\ti\simplelink_msp432p4_sdk_3_40_01_02\source\ti\devices\msp432p4xx\driverlib\ccs\</path>
         <kind>archive</kind>
         <file>msp432p4xx_driverlib.lib</file>
         <name>sysctl_a.o</name>
      </input_file>
      <input_file id="fl-27">
         <path>C:\ti\simplelink_msp432p4_sdk_3_40_01_02\source\ti\devices\msp432p4xx\driverlib\ccs\</path>
         <kind>archive</kind>
         <file>msp432p4xx_driverlib.lib</file>
         <name>uart.o</name>
      </input_file>
      <input_file id="fl-28">
         <path>C:\ti\simplelink_msp432p4_sdk_3_40_01_02\source\ti\devices\msp432p4xx\driverlib\ccs\</path>
         <kind>archive</kind>
         <file>msp432p4xx_driverlib.lib</file>
         <name>cpu.o</name>
      </input_file>
      <input_file id="fl-de">
         <path>C:\ti\ccs1110\ccs\tools\compiler\ti-cgt-arm_20.2.6.LTS\lib\</path>
         <kind>archive</kind>
         <file>rtsv7M4_T_le_v4SPD16_eabi.lib</file>
         <name>fd_add_t2.asm.obj</name>
      </input_file>
      <input_file id="fl-df">
         <path>C:\ti\ccs1110\ccs\tools\compiler\ti-cgt-arm_20.2.6.LTS\lib\</path>
         <kind>archive</kind>
         <file>rtsv7M4_T_le_v4SPD16_eabi.lib</file>
         <name>fd_cmp_t2.asm.obj</name>
      </input_file>
      <input_file id="fl-e0">
         <path>C:\ti\ccs1110\ccs\tools\compiler\ti-cgt-arm_20.2.6.LTS\lib\</path>
         <kind>archive</kind>
         <file>rtsv7M4_T_le_v4SPD16_eabi.lib</file>
         <name>fd_mul_t2.asm.obj</name>
      </input_file>
      <input_file id="fl-e1">
         <path>C:\ti\ccs1110\ccs\tools\compiler\ti-cgt-arm_20.2.6.LTS\lib\</path>
         <kind>archive</kind>
         <file>rtsv7M4_T_le_v4SPD16_eabi.lib</file>
         <name>fd_toi_t2.asm.obj</name>
      </input_file>
      <input_file id="fl-e2">
         <path>C:\ti\ccs1110\ccs\tools\compiler\ti-cgt-arm_20.2.6.LTS\lib\</path>
         <kind>archive</kind>
         <file>rtsv7M4_T_le_v4SPD16_eabi.lib</file>
         <name>fd_tou_t2.asm.obj</name>
      </input_file>
      <input_file id="fl-e3">
         <path>C:\ti\ccs1110\ccs\tools\compiler\ti-cgt-arm_20.2.6.LTS\lib\</path>
         <kind>archive</kind>
         <file>rtsv7M4_T_le_v4SPD16_eabi.lib</file>
         <name>i_tofd_t2.asm.obj</name>
      </input_file>
      <input_file id="fl-e4">
         <path>C:\ti\ccs1110\ccs\tools\compiler\ti-cgt-arm_20.2.6.LTS\lib\</path>
         <kind>archive</kind>
         <file>rtsv7M4_T_le_v4SPD16_eabi.lib</file>
         <name>memcpy_t2.asm.obj</name>
      </input_file>
      <input_file id="fl-e5">
         <path>C:\ti\ccs1110\ccs\tools\compiler\ti-cgt-arm_20.2.6.LTS\lib\</path>
         <kind>archive</kind>
         <file>rtsv7M4_T_le_v4SPD16_eabi.lib</file>
         <name>u_divt2.asm.obj</name>
      </input_file>
      <input_file id="fl-e6">
         <path>C:\ti\ccs1110\ccs\tools\compiler\ti-cgt-arm_20.2.6.LTS\lib\</path>
         <kind>archive</kind>
         <file>rtsv7M4_T_le_v4SPD16_eabi.lib</file>
         <name>ull_div_t2.asm.obj</name>
      </input_file>
      <input_file id="fl-e7">
         <path>C:\ti\ccs1110\ccs\tools\compiler\ti-cgt-arm_20.2.6.LTS\lib\</path>
         <kind>archive</kind>
         <file>rtsv7M4_T_le_v4SPD16_eabi.lib</file>
         <name>copy_zero_init.c.obj</name>
      </input_file>
      <input_file id="fl-e8">
         <path>C:\ti\ccs1110\ccs\tools\compiler\ti-cgt-arm_20.2.6.LTS\lib\</path>
         <kind>archive</kind>
         <file>rtsv7M4_T_le_v4SPD16_eabi.lib</file>
         <name>copy_decompress_none.c.obj</name>
      </input_file>
      <input_file id="fl-e9">
         <path>C:\ti\ccs1110\ccs\tools\compiler\ti-cgt-arm_20.2.6.LTS\lib\</path>
         <kind>archive</kind>
         <file>rtsv7M4_T_le_v4SPD16_eabi.lib</file>
         <name>copy_decompress_lzss.c.obj</name>
      </input_file>
      <input_file id="fl-ea">
         <path>C:\ti\ccs1110\ccs\tools\compiler\ti-cgt-arm_20.2.6.LTS\lib\</path>
         <kind>archive</kind>
         <file>rtsv7M4_T_le_v4SPD16_eabi.lib</file>
         <name>memory.c.obj</name>
      </input_file>
      <input_file id="fl-eb">
         <path>C:\ti\ccs1110\ccs\tools\compiler\ti-cgt-arm_20.2.6.LTS\lib\</path>
         <kind>archive</kind>
         <file>rtsv7M4_T_le_v4SPD16_eabi.lib</file>
         <name>strlen.c.obj</name>
      </input_file>
      <input_file id="fl-ec">
         <path>C:\ti\ccs1110\ccs\tools\compiler\ti-cgt-arm_20.2.6.LTS\lib\</path>
         <kind>archive</kind>
         <file>rtsv7M4_T_le_v4SPD16_eabi.lib</file>
         <name>boot_cortex_m.c.obj</name>
      </input_file>
      <input_file id="fl-ed">
         <path>C:\ti\ccs1110\ccs\tools\compiler\ti-cgt-arm_20.2.6.LTS\lib\</path>
         <kind>archive</kind>
         <file>rtsv7M4_T_le_v4SPD16_eabi.lib</file>
         <name>div0.asm.obj</name>
      </input_file>
      <input_file id="fl-ee">
         <path>C:\ti\ccs1110\ccs\tools\compiler\ti-cgt-arm_20.2.6.LTS\lib\</path>
         <kind>archive</kind>
         <file>rtsv7M4_T_le_v4SPD16_eabi.lib</file>
         <name>memset_t2.asm.obj</name>
      </input_file>
      <input_file id="fl-ef">
         <path>C:\ti\ccs1110\ccs\tools\compiler\ti-cgt-arm_20.2.6.LTS\lib\</path>
         <kind>archive</kind>
         <file>rtsv7M4_T_le_v4SPD16_eabi.lib</file>
         <name>autoinit.c.obj</name>
      </input_file>
      <input_file id="fl-f0">
         <path>C:\ti\ccs1110\ccs\tools\compiler\ti-cgt-arm_20.2.6.LTS\lib\</path>
         <kind>archive</kind>
         <file>rtsv7M4_T_le_v4SPD16_eabi.lib</file>
         <name>pre_init.c.obj</name>
      </input_file>
      <input_file id="fl-f1">
         <path>C:\ti\ccs1110\ccs\tools\compiler\ti-cgt-arm_20.2.6.LTS\lib\</path>
         <kind>archive</kind>
         <file>rtsv7M4_T_le_v4SPD16_eabi.lib</file>
         <name>cpy_tbl.c.obj</name>
      </input_file>
      <input_file id="fl-f2">
         <path>C:\ti\ccs1110\ccs\tools\compiler\ti-cgt-arm_20.2.6.LTS\lib\</path>
         <kind>archive</kind>
         <file>rtsv7M4_T_le_v4SPD16_eabi.lib</file>
         <name>exit.c.obj</name>
      </input_file>
      <input_file id="fl-f3">
         <path>C:\ti\ccs1110\ccs\tools\compiler\ti-cgt-arm_20.2.6.LTS\lib\</path>
         <kind>archive</kind>
         <file>rtsv7M4_T_le_v4SPD16_eabi.lib</file>
         <name>_lock.c.obj</name>
      </input_file>
      <input_file id="fl-f4">
         <path>C:\ti\ccs1110\ccs\tools\compiler\ti-cgt-arm_20.2.6.LTS\lib\</path>
         <kind>archive</kind>
         <file>rtsv7M4_T_le_v4SPD16_eabi.lib</file>
         <name>args_main.c.obj</name>
      </input_file>
   </input_file_list>
   <object_component_list>
      <object_component id="oc-485">
         <name>.text:Power_sleep</name>
         <load_address>0x144</load_address>
         <run_address>0x144</run_address>
         <size>0x2f8</size>
         <input_file_ref idref="fl-13"/>
      </object_component>
      <object_component id="oc-6ab">
         <name>.text:doPrint</name>
         <load_address>0x43c</load_address>
         <run_address>0x43c</run_address>
         <size>0x2d8</size>
         <input_file_ref idref="fl-1b"/>
      </object_component>
      <object_component id="oc-737">
         <name>.text:UARTMSP432_open</name>
         <load_address>0x714</load_address>
         <run_address>0x714</run_address>
         <size>0x2d0</size>
         <input_file_ref idref="fl-15"/>
      </object_component>
      <object_component id="oc-1f2">
         <name>.text:initPerfControl</name>
         <load_address>0x9e4</load_address>
         <run_address>0x9e4</run_address>
         <size>0x288</size>
         <input_file_ref idref="fl-13"/>
      </object_component>
      <object_component id="oc-6f0">
         <name>.text</name>
         <load_address>0xc6c</load_address>
         <run_address>0xc6c</run_address>
         <size>0x1b6</size>
         <input_file_ref idref="fl-de"/>
      </object_component>
      <object_component id="oc-193">
         <name>.text:Board_initHook</name>
         <load_address>0xe22</load_address>
         <run_address>0xe22</run_address>
         <size>0x2</size>
         <input_file_ref idref="fl-3"/>
      </object_component>
      <object_component id="oc-231">
         <name>.text:GPIO_setConfig</name>
         <load_address>0xe24</load_address>
         <run_address>0xe24</run_address>
         <size>0x170</size>
         <input_file_ref idref="fl-12"/>
      </object_component>
      <object_component id="oc-84d">
         <name>.text:UART_initModule</name>
         <load_address>0xf94</load_address>
         <run_address>0xf94</run_address>
         <size>0x11c</size>
         <input_file_ref idref="fl-27"/>
      </object_component>
      <object_component id="oc-445">
         <name>.text:aligned_alloc</name>
         <load_address>0x10b0</load_address>
         <run_address>0x10b0</run_address>
         <size>0x100</size>
         <input_file_ref idref="fl-ea"/>
      </object_component>
      <object_component id="oc-6f5">
         <name>.text</name>
         <load_address>0x11b0</load_address>
         <run_address>0x11b0</run_address>
         <size>0xfc</size>
         <input_file_ref idref="fl-e0"/>
      </object_component>
      <object_component id="oc-2cf">
         <name>.text:CS_startHFXTWithTimeout</name>
         <load_address>0x12ac</load_address>
         <run_address>0x12ac</run_address>
         <size>0xe4</size>
         <input_file_ref idref="fl-23"/>
      </object_component>
      <object_component id="oc-2f9">
         <name>.text:free</name>
         <load_address>0x1390</load_address>
         <run_address>0x1390</run_address>
         <size>0xe4</size>
         <input_file_ref idref="fl-ea"/>
      </object_component>
      <object_component id="oc-2d5">
         <name>.text:CS_startLFXTWithTimeout</name>
         <load_address>0x1474</load_address>
         <run_address>0x1474</run_address>
         <size>0xe0</size>
         <input_file_ref idref="fl-23"/>
      </object_component>
      <object_component id="oc-39d">
         <name>.text:TimerP_construct</name>
         <load_address>0x1554</load_address>
         <run_address>0x1554</run_address>
         <size>0xe0</size>
         <input_file_ref idref="fl-1e"/>
      </object_component>
      <object_component id="oc-743">
         <name>.text:UARTMSP432_readPolling</name>
         <load_address>0x1634</load_address>
         <run_address>0x1634</run_address>
         <size>0xdc</size>
         <input_file_ref idref="fl-15"/>
      </object_component>
      <object_component id="oc-41a">
         <name>.text:_CSGetHFXTFrequency</name>
         <load_address>0x1710</load_address>
         <run_address>0x1710</run_address>
         <size>0xdc</size>
         <input_file_ref idref="fl-23"/>
      </object_component>
      <object_component id="oc-391">
         <name>.text:SwiP_construct</name>
         <load_address>0x17ec</load_address>
         <run_address>0x17ec</run_address>
         <size>0xd8</size>
         <input_file_ref idref="fl-22"/>
      </object_component>
      <object_component id="oc-7e3">
         <name>.text:UARTMSP432_hwiIntFxn</name>
         <load_address>0x18c4</load_address>
         <run_address>0x18c4</run_address>
         <size>0xca</size>
         <input_file_ref idref="fl-15"/>
      </object_component>
      <object_component id="oc-4fa">
         <name>.text:DisplayUartAnsi_init</name>
         <load_address>0x198e</load_address>
         <run_address>0x198e</run_address>
         <size>0x2</size>
         <input_file_ref idref="fl-11"/>
      </object_component>
      <object_component id="oc-7d7">
         <name>.text:initHw</name>
         <load_address>0x1990</load_address>
         <run_address>0x1990</run_address>
         <size>0xb8</size>
         <input_file_ref idref="fl-15"/>
      </object_component>
      <object_component id="oc-883">
         <name>.text:readTaskCallback</name>
         <load_address>0x1a48</load_address>
         <run_address>0x1a48</run_address>
         <size>0xb8</size>
         <input_file_ref idref="fl-15"/>
      </object_component>
      <object_component id="oc-25b">
         <name>.text:ClockP_startup</name>
         <load_address>0x1b00</load_address>
         <run_address>0x1b00</run_address>
         <size>0xb4</size>
         <input_file_ref idref="fl-1d"/>
      </object_component>
      <object_component id="oc-72b">
         <name>.text:UARTMSP432_control</name>
         <load_address>0x1bb4</load_address>
         <run_address>0x1bb4</run_address>
         <size>0xb4</size>
         <input_file_ref idref="fl-15"/>
      </object_component>
      <object_component id="oc-755">
         <name>.text:UARTMSP432_writePolling</name>
         <load_address>0x1c68</load_address>
         <run_address>0x1c68</run_address>
         <size>0xb4</size>
         <input_file_ref idref="fl-15"/>
      </object_component>
      <object_component id="oc-3b2">
         <name>.text:ClockP_workFuncDynamic</name>
         <load_address>0x1d1c</load_address>
         <run_address>0x1d1c</run_address>
         <size>0xac</size>
         <input_file_ref idref="fl-1d"/>
      </object_component>
      <object_component id="oc-50c">
         <name>.text:DisplayUartAnsi_clearLines</name>
         <load_address>0x1dc8</load_address>
         <run_address>0x1dc8</run_address>
         <size>0xac</size>
         <input_file_ref idref="fl-11"/>
      </object_component>
      <object_component id="oc-1a1">
         <name>.text:GPIO_init</name>
         <load_address>0x1e74</load_address>
         <run_address>0x1e74</run_address>
         <size>0xac</size>
         <input_file_ref idref="fl-12"/>
      </object_component>
      <object_component id="oc-74f">
         <name>.text:UARTMSP432_write</name>
         <load_address>0x1f20</load_address>
         <run_address>0x1f20</run_address>
         <size>0xa8</size>
         <input_file_ref idref="fl-15"/>
      </object_component>
      <object_component id="oc-871">
         <name>.text:readTaskBlocking</name>
         <load_address>0x1fc8</load_address>
         <run_address>0x1fc8</run_address>
         <size>0xa8</size>
         <input_file_ref idref="fl-15"/>
      </object_component>
      <object_component id="oc-500">
         <name>.text:DisplayUartAnsi_open</name>
         <load_address>0x2070</load_address>
         <run_address>0x2070</run_address>
         <size>0xa7</size>
         <input_file_ref idref="fl-11"/>
      </object_component>
      <object_component id="oc-22b">
         <name>.text:SemaphoreP_pend</name>
         <load_address>0x2118</load_address>
         <run_address>0x2118</run_address>
         <size>0xa0</size>
         <input_file_ref idref="fl-1a"/>
      </object_component>
      <object_component id="oc-889">
         <name>.text:readIsrTextCallback</name>
         <load_address>0x21b8</load_address>
         <run_address>0x21b8</run_address>
         <size>0xa0</size>
         <input_file_ref idref="fl-15"/>
      </object_component>
      <object_component id="oc-512">
         <name>.text:DisplayUartAnsi_vprintf</name>
         <load_address>0x2258</load_address>
         <run_address>0x2258</run_address>
         <size>0x9f</size>
         <input_file_ref idref="fl-11"/>
      </object_component>
      <object_component id="oc-18d">
         <name>.text:Power_init</name>
         <load_address>0x22f8</load_address>
         <run_address>0x22f8</run_address>
         <size>0x9c</size>
         <input_file_ref idref="fl-13"/>
      </object_component>
      <object_component id="oc-651">
         <name>.text:SwiP_dispatch</name>
         <load_address>0x2394</load_address>
         <run_address>0x2394</run_address>
         <size>0x9c</size>
         <input_file_ref idref="fl-22"/>
      </object_component>
      <object_component id="oc-3a">
         <name>.text</name>
         <load_address>0x2430</load_address>
         <run_address>0x2430</run_address>
         <size>0x9c</size>
         <input_file_ref idref="fl-e4"/>
      </object_component>
      <object_component id="oc-261">
         <name>.text</name>
         <load_address>0x24cc</load_address>
         <run_address>0x24cc</run_address>
         <size>0x96</size>
         <input_file_ref idref="fl-e6"/>
      </object_component>
      <object_component id="oc-725">
         <name>.text:UARTMSP432_close</name>
         <load_address>0x2562</load_address>
         <run_address>0x2562</run_address>
         <size>0x92</size>
         <input_file_ref idref="fl-15"/>
      </object_component>
      <object_component id="oc-861">
         <name>.text:writeData</name>
         <load_address>0x25f4</load_address>
         <run_address>0x25f4</run_address>
         <size>0x92</size>
         <input_file_ref idref="fl-15"/>
      </object_component>
      <object_component id="oc-877">
         <name>.text:readIsrTextBlocking</name>
         <load_address>0x2686</load_address>
         <run_address>0x2686</run_address>
         <size>0x8c</size>
         <input_file_ref idref="fl-15"/>
      </object_component>
      <object_component id="oc-6e1">
         <name>.text:__aeabi_cdcmple</name>
         <load_address>0x2712</load_address>
         <run_address>0x2712</run_address>
         <size>0x86</size>
         <input_file_ref idref="fl-df"/>
      </object_component>
      <object_component id="oc-5c4">
         <name>.text:restartHFXT</name>
         <load_address>0x2798</load_address>
         <run_address>0x2798</run_address>
         <size>0x84</size>
         <input_file_ref idref="fl-13"/>
      </object_component>
      <object_component id="oc-32a">
         <name>.text:ClockP_start</name>
         <load_address>0x281c</load_address>
         <run_address>0x281c</run_address>
         <size>0x80</size>
         <input_file_ref idref="fl-1d"/>
      </object_component>
      <object_component id="oc-81c">
         <name>.text:Interrupt_disableInterrupt</name>
         <load_address>0x289c</load_address>
         <run_address>0x289c</run_address>
         <size>0x80</size>
         <input_file_ref idref="fl-24"/>
      </object_component>
      <object_component id="oc-458">
         <name>.text:Interrupt_enableInterrupt</name>
         <load_address>0x291c</load_address>
         <run_address>0x291c</run_address>
         <size>0x80</size>
         <input_file_ref idref="fl-24"/>
      </object_component>
      <object_component id="oc-90">
         <name>.text</name>
         <load_address>0x299c</load_address>
         <run_address>0x299c</run_address>
         <size>0x7a</size>
         <input_file_ref idref="fl-ee"/>
      </object_component>
      <object_component id="oc-897">
         <name>.text:IntDefaultHandler</name>
         <load_address>0x2a16</load_address>
         <run_address>0x2a16</run_address>
         <size>0x2</size>
         <input_file_ref idref="fl-24"/>
      </object_component>
      <object_component id="oc-576">
         <name>.text:ClockP_walkQueueDynamic</name>
         <load_address>0x2a18</load_address>
         <run_address>0x2a18</run_address>
         <size>0x78</size>
         <input_file_ref idref="fl-1d"/>
      </object_component>
      <object_component id="oc-2f3">
         <name>.text:HwiP_construct</name>
         <load_address>0x2a90</load_address>
         <run_address>0x2a90</run_address>
         <size>0x70</size>
         <input_file_ref idref="fl-1f"/>
      </object_component>
      <object_component id="oc-75b">
         <name>.text:UARTMSP432_writeCancel</name>
         <load_address>0x2b00</load_address>
         <run_address>0x2b00</run_address>
         <size>0x70</size>
         <input_file_ref idref="fl-15"/>
      </object_component>
      <object_component id="oc-593">
         <name>.text:split</name>
         <load_address>0x2b70</load_address>
         <run_address>0x2b70</run_address>
         <size>0x70</size>
         <input_file_ref idref="fl-ea"/>
      </object_component>
      <object_component id="oc-6ff">
         <name>.text:formatNum</name>
         <load_address>0x2be0</load_address>
         <run_address>0x2be0</run_address>
         <size>0x6d</size>
         <input_file_ref idref="fl-1b"/>
      </object_component>
      <object_component id="oc-4cf">
         <name>.text:TimerP_getCurrentTick</name>
         <load_address>0x2c4e</load_address>
         <run_address>0x2c4e</run_address>
         <size>0x6c</size>
         <input_file_ref idref="fl-1e"/>
      </object_component>
      <object_component id="oc-302">
         <name>.text:PowerMSP432_initPolicy</name>
         <load_address>0x2cba</load_address>
         <run_address>0x2cba</run_address>
         <size>0x2</size>
         <input_file_ref idref="fl-1c"/>
      </object_component>
      <object_component id="oc-354">
         <name>.text:GPIO_hwiIntFxn</name>
         <load_address>0x2cbc</load_address>
         <run_address>0x2cbc</run_address>
         <size>0x68</size>
         <input_file_ref idref="fl-12"/>
      </object_component>
      <object_component id="oc-692">
         <name>.text:Interrupt_pendInterrupt</name>
         <load_address>0x2d24</load_address>
         <run_address>0x2d24</run_address>
         <size>0x68</size>
         <input_file_ref idref="fl-24"/>
      </object_component>
      <object_component id="oc-7b3">
         <name>.text:PowerMSP432_getFreqs</name>
         <load_address>0x2d8c</load_address>
         <run_address>0x2d8c</run_address>
         <size>0x68</size>
         <input_file_ref idref="fl-13"/>
      </object_component>
      <object_component id="oc-57d">
         <name>.text:SwiP_post</name>
         <load_address>0x2df4</load_address>
         <run_address>0x2df4</run_address>
         <size>0x68</size>
         <input_file_ref idref="fl-22"/>
      </object_component>
      <object_component id="oc-12">
         <name>.text:decompress:lzss:__TI_decompress_lzss</name>
         <load_address>0x2e5c</load_address>
         <run_address>0x2e5c</run_address>
         <size>0x68</size>
         <input_file_ref idref="fl-e9"/>
      </object_component>
      <object_component id="oc-237">
         <name>.text:GPIO_setCallback</name>
         <load_address>0x2ec4</load_address>
         <run_address>0x2ec4</run_address>
         <size>0x60</size>
         <input_file_ref idref="fl-12"/>
      </object_component>
      <object_component id="oc-1b3">
         <name>.text:Display_doOpen</name>
         <load_address>0x2f24</load_address>
         <run_address>0x2f24</run_address>
         <size>0x5c</size>
         <input_file_ref idref="fl-10"/>
      </object_component>
      <object_component id="oc-44c">
         <name>.text:Interrupt_registerInterrupt</name>
         <load_address>0x2f80</load_address>
         <run_address>0x2f80</run_address>
         <size>0x5c</size>
         <input_file_ref idref="fl-24"/>
      </object_component>
      <object_component id="oc-11c">
         <name>.text:mainThread</name>
         <load_address>0x2fdc</load_address>
         <run_address>0x2fdc</run_address>
         <size>0x5c</size>
         <input_file_ref idref="fl-2"/>
      </object_component>
      <object_component id="oc-568">
         <name>.text:TimerP_dynamicStub</name>
         <load_address>0x3038</load_address>
         <run_address>0x3038</run_address>
         <size>0x58</size>
         <input_file_ref idref="fl-1e"/>
      </object_component>
      <object_component id="oc-86b">
         <name>.text:readIsrBinaryBlocking</name>
         <load_address>0x3090</load_address>
         <run_address>0x3090</run_address>
         <size>0x58</size>
         <input_file_ref idref="fl-15"/>
      </object_component>
      <object_component id="oc-452">
         <name>.text:Interrupt_setPriority</name>
         <load_address>0x30e8</load_address>
         <run_address>0x30e8</run_address>
         <size>0x54</size>
         <input_file_ref idref="fl-24"/>
      </object_component>
      <object_component id="oc-3d5">
         <name>.text:SemaphoreP_construct</name>
         <load_address>0x313c</load_address>
         <run_address>0x313c</run_address>
         <size>0x50</size>
         <input_file_ref idref="fl-1a"/>
      </object_component>
      <object_component id="oc-87d">
         <name>.text:readIsrBinaryCallback</name>
         <load_address>0x318c</load_address>
         <run_address>0x318c</run_address>
         <size>0x4c</size>
         <input_file_ref idref="fl-15"/>
      </object_component>
      <object_component id="oc-845">
         <name>.text:ClockP_construct</name>
         <load_address>0x31d8</load_address>
         <run_address>0x31d8</run_address>
         <size>0x48</size>
         <input_file_ref idref="fl-1d"/>
      </object_component>
      <object_component id="oc-308">
         <name>.text:PowerMSP432_sleepPolicy</name>
         <load_address>0x3220</load_address>
         <run_address>0x3220</run_address>
         <size>0x48</size>
         <input_file_ref idref="fl-1c"/>
      </object_component>
      <object_component id="oc-786">
         <name>.text:Power_releaseConstraint</name>
         <load_address>0x3268</load_address>
         <run_address>0x3268</run_address>
         <size>0x48</size>
         <input_file_ref idref="fl-13"/>
      </object_component>
      <object_component id="oc-6e6">
         <name>.text</name>
         <load_address>0x32b0</load_address>
         <run_address>0x32b0</run_address>
         <size>0x48</size>
         <input_file_ref idref="fl-e1"/>
      </object_component>
      <object_component id="oc-8ae">
         <name>.text:RingBuf_put</name>
         <load_address>0x32f8</load_address>
         <run_address>0x32f8</run_address>
         <size>0x46</size>
         <input_file_ref idref="fl-17"/>
      </object_component>
      <object_component id="oc-2db">
         <name>.text:PowerMSP432_updateFreqs</name>
         <load_address>0x333e</load_address>
         <run_address>0x333e</run_address>
         <size>0x2</size>
         <input_file_ref idref="fl-1c"/>
      </object_component>
      <object_component id="oc-23d">
         <name>.text:SemaphoreP_post</name>
         <load_address>0x3340</load_address>
         <run_address>0x3340</run_address>
         <size>0x44</size>
         <input_file_ref idref="fl-1a"/>
      </object_component>
      <object_component id="oc-48b">
         <name>.text:SwiP_restore</name>
         <load_address>0x3384</load_address>
         <run_address>0x3384</run_address>
         <size>0x44</size>
         <input_file_ref idref="fl-22"/>
      </object_component>
      <object_component id="oc-55c">
         <name>.text:TimerP_start</name>
         <load_address>0x33c8</load_address>
         <run_address>0x33c8</run_address>
         <size>0x44</size>
         <input_file_ref idref="fl-1e"/>
      </object_component>
      <object_component id="oc-60d">
         <name>.text:UART_init</name>
         <load_address>0x340c</load_address>
         <run_address>0x340c</run_address>
         <size>0x44</size>
         <input_file_ref idref="fl-14"/>
      </object_component>
      <object_component id="oc-12f">
         <name>.text:__TI_auto_init_nobinit_nopinit:__TI_auto_init_nobinit_nopinit</name>
         <load_address>0x3450</load_address>
         <run_address>0x3450</run_address>
         <size>0x44</size>
         <input_file_ref idref="fl-ef"/>
      </object_component>
      <object_component id="oc-6fa">
         <name>.text</name>
         <load_address>0x3494</load_address>
         <run_address>0x3494</run_address>
         <size>0x44</size>
         <input_file_ref idref="fl-e2"/>
      </object_component>
      <object_component id="oc-804">
         <name>.text:RingBuf_get</name>
         <load_address>0x34d8</load_address>
         <run_address>0x34d8</run_address>
         <size>0x40</size>
         <input_file_ref idref="fl-17"/>
      </object_component>
      <object_component id="oc-5f1">
         <name>.text:TimerP_setNextTick</name>
         <load_address>0x3518</load_address>
         <run_address>0x3518</run_address>
         <size>0x40</size>
         <input_file_ref idref="fl-1e"/>
      </object_component>
      <object_component id="oc-73d">
         <name>.text:UARTMSP432_read</name>
         <load_address>0x3558</load_address>
         <run_address>0x3558</run_address>
         <size>0x40</size>
         <input_file_ref idref="fl-15"/>
      </object_component>
      <object_component id="oc-613">
         <name>.text:UART_open</name>
         <load_address>0x3598</load_address>
         <run_address>0x3598</run_address>
         <size>0x40</size>
         <input_file_ref idref="fl-14"/>
      </object_component>
      <object_component id="oc-7dd">
         <name>.text:perfChangeNotifyFxn</name>
         <load_address>0x35d8</load_address>
         <run_address>0x35d8</run_address>
         <size>0x40</size>
         <input_file_ref idref="fl-15"/>
      </object_component>
      <object_component id="oc-771">
         <name>.text</name>
         <load_address>0x3618</load_address>
         <run_address>0x3618</run_address>
         <size>0x40</size>
         <input_file_ref idref="fl-e5"/>
      </object_component>
      <object_component id="oc-550">
         <name>.text:TimerP_initDevice</name>
         <load_address>0x3658</load_address>
         <run_address>0x3658</run_address>
         <size>0x3c</size>
         <input_file_ref idref="fl-1e"/>
      </object_component>
      <object_component id="oc-799">
         <name>.text:Power_setConstraint</name>
         <load_address>0x3694</load_address>
         <run_address>0x3694</run_address>
         <size>0x38</size>
         <input_file_ref idref="fl-13"/>
      </object_component>
      <object_component id="oc-5b8">
         <name>.text:notify</name>
         <load_address>0x36cc</load_address>
         <run_address>0x36cc</run_address>
         <size>0x38</size>
         <input_file_ref idref="fl-13"/>
      </object_component>
      <object_component id="oc-749">
         <name>.text:UARTMSP432_readCancel</name>
         <load_address>0x3704</load_address>
         <run_address>0x3704</run_address>
         <size>0x36</size>
         <input_file_ref idref="fl-15"/>
      </object_component>
      <object_component id="oc-3db">
         <name>.text:SemaphoreP_destruct</name>
         <load_address>0x373a</load_address>
         <run_address>0x373a</run_address>
         <size>0x2</size>
         <input_file_ref idref="fl-1a"/>
      </object_component>
      <object_component id="oc-a8">
         <name>.text:_c_int00_noargs:_c_int00_noargs</name>
         <load_address>0x373c</load_address>
         <run_address>0x373c</run_address>
         <size>0x34</size>
         <input_file_ref idref="fl-ec"/>
      </object_component>
      <object_component id="oc-7a1">
         <name>.text:mapPin</name>
         <load_address>0x3770</load_address>
         <run_address>0x3770</run_address>
         <size>0x30</size>
         <input_file_ref idref="fl-15"/>
      </object_component>
      <object_component id="oc-6eb">
         <name>.text</name>
         <load_address>0x37a0</load_address>
         <run_address>0x37a0</run_address>
         <size>0x2e</size>
         <input_file_ref idref="fl-e3"/>
      </object_component>
      <object_component id="oc-731">
         <name>.text:UARTMSP432_init</name>
         <load_address>0x37ce</load_address>
         <run_address>0x37ce</run_address>
         <size>0x2</size>
         <input_file_ref idref="fl-15"/>
      </object_component>
      <object_component id="oc-506">
         <name>.text:DisplayUartAnsi_clear</name>
         <load_address>0x37d0</load_address>
         <run_address>0x37d0</run_address>
         <size>0x2a</size>
         <input_file_ref idref="fl-11"/>
      </object_component>
      <object_component id="oc-1b9">
         <name>.text:Display_doPrintf</name>
         <load_address>0x37fa</load_address>
         <run_address>0x37fa</run_address>
         <size>0x2a</size>
         <input_file_ref idref="fl-10"/>
      </object_component>
      <object_component id="oc-1fe">
         <name>.text:HwiP_create</name>
         <load_address>0x3824</load_address>
         <run_address>0x3824</run_address>
         <size>0x2a</size>
         <input_file_ref idref="fl-1f"/>
      </object_component>
      <object_component id="oc-298">
         <name>.text:_nop</name>
         <load_address>0x384e</load_address>
         <run_address>0x384e</run_address>
         <size>0x2</size>
         <input_file_ref idref="fl-f3"/>
      </object_component>
      <object_component id="oc-1bf">
         <name>.text:ClockP_sleep</name>
         <load_address>0x3850</load_address>
         <run_address>0x3850</run_address>
         <size>0x28</size>
         <input_file_ref idref="fl-1d"/>
      </object_component>
      <object_component id="oc-1a7">
         <name>.text:Display_doInit</name>
         <load_address>0x3878</load_address>
         <run_address>0x3878</run_address>
         <size>0x28</size>
         <input_file_ref idref="fl-10"/>
      </object_component>
      <object_component id="oc-7bf">
         <name>.text:Power_registerNotify</name>
         <load_address>0x38a0</load_address>
         <run_address>0x38a0</run_address>
         <size>0x28</size>
         <input_file_ref idref="fl-13"/>
      </object_component>
      <object_component id="oc-2c9">
         <name>.text:disableFaultCounter</name>
         <load_address>0x38c8</load_address>
         <run_address>0x38c8</run_address>
         <size>0x28</size>
         <input_file_ref idref="fl-13"/>
      </object_component>
      <object_component id="oc-5be">
         <name>.text:disableHFXT</name>
         <load_address>0x38f0</load_address>
         <run_address>0x38f0</run_address>
         <size>0x28</size>
         <input_file_ref idref="fl-13"/>
      </object_component>
      <object_component id="oc-7b9">
         <name>.text:findBaudDividerIndex</name>
         <load_address>0x3918</load_address>
         <run_address>0x3918</run_address>
         <size>0x28</size>
         <input_file_ref idref="fl-15"/>
      </object_component>
      <object_component id="oc-471">
         <name>.text:free_list_insert</name>
         <load_address>0x3940</load_address>
         <run_address>0x3940</run_address>
         <size>0x28</size>
         <input_file_ref idref="fl-ea"/>
      </object_component>
      <object_component id="oc-83a">
         <name>.text:List_put</name>
         <load_address>0x3968</load_address>
         <run_address>0x3968</run_address>
         <size>0x26</size>
         <input_file_ref idref="fl-16"/>
      </object_component>
      <object_component id="oc-82b">
         <name>.text:List_remove</name>
         <load_address>0x398e</load_address>
         <run_address>0x398e</run_address>
         <size>0x26</size>
         <input_file_ref idref="fl-16"/>
      </object_component>
      <object_component id="oc-4db">
         <name>.text:ClockP_getTicks</name>
         <load_address>0x39b4</load_address>
         <run_address>0x39b4</run_address>
         <size>0x24</size>
         <input_file_ref idref="fl-1d"/>
      </object_component>
      <object_component id="oc-4d5">
         <name>.text:ClockP_scheduleNextTick</name>
         <load_address>0x39d8</load_address>
         <run_address>0x39d8</run_address>
         <size>0x24</size>
         <input_file_ref idref="fl-1d"/>
      </object_component>
      <object_component id="oc-45e">
         <name>.text:HwiP_dispatch</name>
         <load_address>0x39fc</load_address>
         <run_address>0x39fc</run_address>
         <size>0x24</size>
         <input_file_ref idref="fl-1f"/>
      </object_component>
      <object_component id="oc-266">
         <name>.text:sleepTicks</name>
         <load_address>0x3a20</load_address>
         <run_address>0x3a20</run_address>
         <size>0x24</size>
         <input_file_ref idref="fl-1d"/>
      </object_component>
      <object_component id="oc-2c3">
         <name>.text:CS_setExternalClockSourceFrequency</name>
         <load_address>0x3a44</load_address>
         <run_address>0x3a44</run_address>
         <size>0x20</size>
         <input_file_ref idref="fl-23"/>
      </object_component>
      <object_component id="oc-324">
         <name>.text:ClockP_add</name>
         <load_address>0x3a64</load_address>
         <run_address>0x3a64</run_address>
         <size>0x20</size>
         <input_file_ref idref="fl-1d"/>
      </object_component>
      <object_component id="oc-78c">
         <name>.text:Power_unregisterNotify</name>
         <load_address>0x3a84</load_address>
         <run_address>0x3a84</run_address>
         <size>0x20</size>
         <input_file_ref idref="fl-13"/>
      </object_component>
      <object_component id="oc-4c8">
         <name>.text:QueueP_put</name>
         <load_address>0x3aa4</load_address>
         <run_address>0x3aa4</run_address>
         <size>0x20</size>
         <input_file_ref idref="fl-21"/>
      </object_component>
      <object_component id="oc-793">
         <name>.text:RingBuf_peek</name>
         <load_address>0x3ac4</load_address>
         <run_address>0x3ac4</run_address>
         <size>0x20</size>
         <input_file_ref idref="fl-17"/>
      </object_component>
      <object_component id="oc-822">
         <name>.text:Interrupt_unregisterInterrupt</name>
         <load_address>0x3ae4</load_address>
         <run_address>0x3ae4</run_address>
         <size>0x1c</size>
         <input_file_ref idref="fl-24"/>
      </object_component>
      <object_component id="oc-479">
         <name>.text:SwiP_disable</name>
         <load_address>0x3b00</load_address>
         <run_address>0x3b00</run_address>
         <size>0x1c</size>
         <input_file_ref idref="fl-22"/>
      </object_component>
      <object_component id="oc-46b">
         <name>.text:free_list_remove</name>
         <load_address>0x3b1c</load_address>
         <run_address>0x3b1c</run_address>
         <size>0x1c</size>
         <input_file_ref idref="fl-ea"/>
      </object_component>
      <object_component id="oc-7cb">
         <name>.text:ClockP_create</name>
         <load_address>0x3b38</load_address>
         <run_address>0x3b38</run_address>
         <size>0x1a</size>
         <input_file_ref idref="fl-1d"/>
      </object_component>
      <object_component id="oc-6bd">
         <name>.text:QueueP_get</name>
         <load_address>0x3b52</load_address>
         <run_address>0x3b52</run_address>
         <size>0x1a</size>
         <input_file_ref idref="fl-21"/>
      </object_component>
      <object_component id="oc-213">
         <name>.text:SemaphoreP_createBinary</name>
         <load_address>0x3b6c</load_address>
         <run_address>0x3b6c</run_address>
         <size>0x1a</size>
         <input_file_ref idref="fl-1a"/>
      </object_component>
      <object_component id="oc-627">
         <name>.text:SystemP_snprintf</name>
         <load_address>0x3b86</load_address>
         <run_address>0x3b86</run_address>
         <size>0x1a</size>
         <input_file_ref idref="fl-1b"/>
      </object_component>
      <object_component id="oc-33c">
         <name>.text:ClockP_destruct</name>
         <load_address>0x3ba0</load_address>
         <run_address>0x3ba0</run_address>
         <size>0x18</size>
         <input_file_ref idref="fl-1d"/>
      </object_component>
      <object_component id="oc-77a">
         <name>.text:HwiP_delete</name>
         <load_address>0x3bb8</load_address>
         <run_address>0x3bb8</run_address>
         <size>0x18</size>
         <input_file_ref idref="fl-1f"/>
      </object_component>
      <object_component id="oc-35f">
         <name>.text:HwiP_inISR</name>
         <load_address>0x3bd0</load_address>
         <run_address>0x3bd0</run_address>
         <size>0x18</size>
         <input_file_ref idref="fl-1f"/>
      </object_component>
      <object_component id="oc-414">
         <name>.text:SysCtl_A_disableNMISource</name>
         <load_address>0x3be8</load_address>
         <run_address>0x3be8</run_address>
         <size>0x18</size>
         <input_file_ref idref="fl-26"/>
      </object_component>
      <object_component id="oc-420">
         <name>.text:SysCtl_A_enableNMISource</name>
         <load_address>0x3c00</load_address>
         <run_address>0x3c00</run_address>
         <size>0x18</size>
         <input_file_ref idref="fl-26"/>
      </object_component>
      <object_component id="oc-607">
         <name>.text:UART_Params_init</name>
         <load_address>0x3c18</load_address>
         <run_address>0x3c18</run_address>
         <size>0x18</size>
         <input_file_ref idref="fl-14"/>
      </object_component>
      <object_component id="oc-1f">
         <name>.text:resetISR</name>
         <load_address>0x3c30</load_address>
         <run_address>0x3c30</run_address>
         <size>0x18</size>
         <input_file_ref idref="fl-20"/>
      </object_component>
      <object_component id="oc-518">
         <name>.text:DisplayUartAnsi_close</name>
         <load_address>0x3c48</load_address>
         <run_address>0x3c48</run_address>
         <size>0x16</size>
         <input_file_ref idref="fl-11"/>
      </object_component>
      <object_component id="oc-319">
         <name>.text:SemaphoreP_create</name>
         <load_address>0x3c5e</load_address>
         <run_address>0x3c5e</run_address>
         <size>0x16</size>
         <input_file_ref idref="fl-1a"/>
      </object_component>
      <object_component id="oc-6b7">
         <name>.text:maxbit</name>
         <load_address>0x3c74</load_address>
         <run_address>0x3c74</run_address>
         <size>0x16</size>
         <input_file_ref idref="fl-22"/>
      </object_component>
      <object_component id="oc-70b">
         <name>.text:putChar</name>
         <load_address>0x3c8a</load_address>
         <run_address>0x3c8a</run_address>
         <size>0x16</size>
         <input_file_ref idref="fl-1b"/>
      </object_component>
      <object_component id="oc-5e1">
         <name>.text:Power_idleFunc</name>
         <load_address>0x3ca0</load_address>
         <run_address>0x3ca0</run_address>
         <size>0x14</size>
         <input_file_ref idref="fl-13"/>
      </object_component>
      <object_component id="oc-544">
         <name>.text:SwiP_handleHwi</name>
         <load_address>0x3cb4</load_address>
         <run_address>0x3cb4</run_address>
         <size>0x14</size>
         <input_file_ref idref="fl-22"/>
      </object_component>
      <object_component id="oc-5ea">
         <name>.text:TimerP_getCount</name>
         <load_address>0x3cc8</load_address>
         <run_address>0x3cc8</run_address>
         <size>0x14</size>
         <input_file_ref idref="fl-1e"/>
      </object_component>
      <object_component id="oc-80d">
         <name>.text:clearTXCPTIFG</name>
         <load_address>0x3cdc</load_address>
         <run_address>0x3cdc</run_address>
         <size>0x14</size>
         <input_file_ref idref="fl-15"/>
      </object_component>
      <object_component id="oc-705">
         <name>.text:strlen</name>
         <load_address>0x3cf0</load_address>
         <run_address>0x3cf0</run_address>
         <size>0x14</size>
         <input_file_ref idref="fl-eb"/>
      </object_component>
      <object_component id="oc-1f8">
         <name>.text:HwiP_Params_init</name>
         <load_address>0x3d04</load_address>
         <run_address>0x3d04</run_address>
         <size>0x12</size>
         <input_file_ref idref="fl-1f"/>
      </object_component>
      <object_component id="oc-7d1">
         <name>.text:RingBuf_construct</name>
         <load_address>0x3d16</load_address>
         <run_address>0x3d16</run_address>
         <size>0x12</size>
         <input_file_ref idref="fl-17"/>
      </object_component>
      <object_component id="oc-f6">
         <name>.text:main</name>
         <load_address>0x3d28</load_address>
         <run_address>0x3d28</run_address>
         <size>0x12</size>
         <input_file_ref idref="fl-4"/>
      </object_component>
      <object_component id="oc-6c">
         <name>.text:busFaultISR</name>
         <load_address>0x3d3a</load_address>
         <run_address>0x3d3a</run_address>
         <size>0x2</size>
         <input_file_ref idref="fl-20"/>
      </object_component>
      <object_component id="oc-7c5">
         <name>.text:ClockP_Params_init</name>
         <load_address>0x3d3c</load_address>
         <run_address>0x3d3c</run_address>
         <size>0x10</size>
         <input_file_ref idref="fl-1d"/>
      </object_component>
      <object_component id="oc-780">
         <name>.text:ClockP_delete</name>
         <load_address>0x3d4c</load_address>
         <run_address>0x3d4c</run_address>
         <size>0x10</size>
         <input_file_ref idref="fl-1d"/>
      </object_component>
      <object_component id="oc-219">
         <name>.text:HwiP_disable</name>
         <load_address>0x3d5c</load_address>
         <run_address>0x3d5c</run_address>
         <size>0x10</size>
         <input_file_ref idref="fl-1f"/>
      </object_component>
      <object_component id="oc-52">
         <name>.text:Interrupt_disableMaster</name>
         <load_address>0x3d6c</load_address>
         <run_address>0x3d6c</run_address>
         <size>0x10</size>
         <input_file_ref idref="fl-24"/>
      </object_component>
      <object_component id="oc-19a">
         <name>.text:Interrupt_enableMaster</name>
         <load_address>0x3d7c</load_address>
         <run_address>0x3d7c</run_address>
         <size>0x10</size>
         <input_file_ref idref="fl-24"/>
      </object_component>
      <object_component id="oc-7a7">
         <name>.text:PowerMSP432_getNumPerfLevels</name>
         <load_address>0x3d8c</load_address>
         <run_address>0x3d8c</run_address>
         <size>0x10</size>
         <input_file_ref idref="fl-13"/>
      </object_component>
      <object_component id="oc-365">
         <name>.text:Power_disablePolicy</name>
         <load_address>0x3d9c</load_address>
         <run_address>0x3d9c</run_address>
         <size>0x10</size>
         <input_file_ref idref="fl-13"/>
      </object_component>
      <object_component id="oc-330">
         <name>.text:Power_enablePolicy</name>
         <load_address>0x3dac</load_address>
         <run_address>0x3dac</run_address>
         <size>0x10</size>
         <input_file_ref idref="fl-13"/>
      </object_component>
      <object_component id="oc-313">
         <name>.text:SemaphoreP_Params_init</name>
         <load_address>0x3dbc</load_address>
         <run_address>0x3dbc</run_address>
         <size>0x10</size>
         <input_file_ref idref="fl-1a"/>
      </object_component>
      <object_component id="oc-38b">
         <name>.text:SwiP_Params_init</name>
         <load_address>0x3dcc</load_address>
         <run_address>0x3dcc</run_address>
         <size>0x10</size>
         <input_file_ref idref="fl-22"/>
      </object_component>
      <object_component id="oc-40e">
         <name>.text:SysCtl_A_getNMISourceStatus</name>
         <load_address>0x3ddc</load_address>
         <run_address>0x3ddc</run_address>
         <size>0x10</size>
         <input_file_ref idref="fl-26"/>
      </object_component>
      <object_component id="oc-68b">
         <name>.text:SysCtl_getNMISourceStatus</name>
         <load_address>0x3dec</load_address>
         <run_address>0x3dec</run_address>
         <size>0x10</size>
         <input_file_ref idref="fl-25"/>
      </object_component>
      <object_component id="oc-397">
         <name>.text:TimerP_Params_init</name>
         <load_address>0x3dfc</load_address>
         <run_address>0x3dfc</run_address>
         <size>0x10</size>
         <input_file_ref idref="fl-1e"/>
      </object_component>
      <object_component id="oc-7f5">
         <name>.text:readBlockingTimeout</name>
         <load_address>0x3e0c</load_address>
         <run_address>0x3e0c</run_address>
         <size>0x10</size>
         <input_file_ref idref="fl-15"/>
      </object_component>
      <object_component id="oc-6c3">
         <name>.text:QueueP_empty</name>
         <load_address>0x3e1c</load_address>
         <run_address>0x3e1c</run_address>
         <size>0xe</size>
         <input_file_ref idref="fl-21"/>
      </object_component>
      <object_component id="oc-4e4">
         <name>.text:QueueP_remove</name>
         <load_address>0x3e2a</load_address>
         <run_address>0x3e2a</run_address>
         <size>0xe</size>
         <input_file_ref idref="fl-21"/>
      </object_component>
      <object_component id="oc-18">
         <name>.text:decompress:none:__TI_decompress_none</name>
         <load_address>0x3e38</load_address>
         <run_address>0x3e38</run_address>
         <size>0xe</size>
         <input_file_ref idref="fl-e8"/>
      </object_component>
      <object_component id="oc-110">
         <name>.text:Board_init</name>
         <load_address>0x3e46</load_address>
         <run_address>0x3e46</run_address>
         <size>0xc</size>
         <input_file_ref idref="fl-3"/>
      </object_component>
      <object_component id="oc-96">
         <name>.text:CPU_cpsid</name>
         <load_address>0x3e52</load_address>
         <run_address>0x3e52</run_address>
         <size>0xc</size>
         <input_file_ref idref="fl-28"/>
      </object_component>
      <object_component id="oc-20c">
         <name>.text:CPU_cpsie</name>
         <load_address>0x3e5e</load_address>
         <run_address>0x3e5e</run_address>
         <size>0xc</size>
         <input_file_ref idref="fl-28"/>
      </object_component>
      <object_component id="oc-342">
         <name>.text:clkFxn</name>
         <load_address>0x3e6a</load_address>
         <run_address>0x3e6a</run_address>
         <size>0x2</size>
         <input_file_ref idref="fl-1a"/>
      </object_component>
      <object_component id="oc-3b8">
         <name>.text:ClockP_doTick</name>
         <load_address>0x3e6c</load_address>
         <run_address>0x3e6c</run_address>
         <size>0xc</size>
         <input_file_ref idref="fl-1d"/>
      </object_component>
      <object_component id="oc-47f">
         <name>.text:Power_getConstraintMask</name>
         <load_address>0x3e78</load_address>
         <run_address>0x3e78</run_address>
         <size>0xc</size>
         <input_file_ref idref="fl-13"/>
      </object_component>
      <object_component id="oc-7ad">
         <name>.text:Power_getPerformanceLevel</name>
         <load_address>0x3e84</load_address>
         <run_address>0x3e84</run_address>
         <size>0xc</size>
         <input_file_ref idref="fl-13"/>
      </object_component>
      <object_component id="oc-3a9">
         <name>.text:TimerP_getFreq</name>
         <load_address>0x3e90</load_address>
         <run_address>0x3e90</run_address>
         <size>0xc</size>
         <input_file_ref idref="fl-1e"/>
      </object_component>
      <object_component id="oc-3a3">
         <name>.text:TimerP_getMaxTicks</name>
         <load_address>0x3e9c</load_address>
         <run_address>0x3e9c</run_address>
         <size>0xc</size>
         <input_file_ref idref="fl-1e"/>
      </object_component>
      <object_component id="oc-4c">
         <name>.text:decompress:ZI:__TI_zero_init</name>
         <load_address>0x3ea8</load_address>
         <run_address>0x3ea8</run_address>
         <size>0xc</size>
         <input_file_ref idref="fl-e7"/>
      </object_component>
      <object_component id="oc-638">
         <name>.text:UART_close</name>
         <load_address>0x3eb4</load_address>
         <run_address>0x3eb4</run_address>
         <size>0xa</size>
         <input_file_ref idref="fl-14"/>
      </object_component>
      <object_component id="oc-619">
         <name>.text:UART_control</name>
         <load_address>0x3ebe</load_address>
         <run_address>0x3ebe</run_address>
         <size>0xa</size>
         <input_file_ref idref="fl-14"/>
      </object_component>
      <object_component id="oc-61f">
         <name>.text:UART_write</name>
         <load_address>0x3ec8</load_address>
         <run_address>0x3ec8</run_address>
         <size>0xa</size>
         <input_file_ref idref="fl-14"/>
      </object_component>
      <object_component id="oc-21f">
         <name>.text:HwiP_restore</name>
         <load_address>0x3ed2</load_address>
         <run_address>0x3ed2</run_address>
         <size>0x8</size>
         <input_file_ref idref="fl-1f"/>
      </object_component>
      <object_component id="oc-2ed">
         <name>.text:malloc</name>
         <load_address>0x3eda</load_address>
         <run_address>0x3eda</run_address>
         <size>0x8</size>
         <input_file_ref idref="fl-ea"/>
      </object_component>
      <object_component id="oc-7ef">
         <name>.text:readSemCallback</name>
         <load_address>0x3ee2</load_address>
         <run_address>0x3ee2</run_address>
         <size>0x8</size>
         <input_file_ref idref="fl-15"/>
      </object_component>
      <object_component id="oc-85b">
         <name>.text:txcptEnabledStatus</name>
         <load_address>0x3eea</load_address>
         <run_address>0x3eea</run_address>
         <size>0x8</size>
         <input_file_ref idref="fl-15"/>
      </object_component>
      <object_component id="oc-7e9">
         <name>.text:writeSemCallback</name>
         <load_address>0x3ef2</load_address>
         <run_address>0x3ef2</run_address>
         <size>0x8</size>
         <input_file_ref idref="fl-15"/>
      </object_component>
      <object_component id="oc-8bb">
         <name>.text:ClockP_stop</name>
         <load_address>0x3efa</load_address>
         <run_address>0x3efa</run_address>
         <size>0x6</size>
         <input_file_ref idref="fl-1d"/>
      </object_component>
      <object_component id="oc-51e">
         <name>.text:DisplayUartAnsi_control</name>
         <load_address>0x3f00</load_address>
         <run_address>0x3f00</run_address>
         <size>0x6</size>
         <input_file_ref idref="fl-11"/>
      </object_component>
      <object_component id="oc-524">
         <name>.text:DisplayUartAnsi_getType</name>
         <load_address>0x3f06</load_address>
         <run_address>0x3f06</run_address>
         <size>0x6</size>
         <input_file_ref idref="fl-11"/>
      </object_component>
      <object_component id="oc-1ad">
         <name>.text:Display_doParamsInit</name>
         <load_address>0x3f0c</load_address>
         <run_address>0x3f0c</run_address>
         <size>0x6</size>
         <input_file_ref idref="fl-10"/>
      </object_component>
      <object_component id="oc-385">
         <name>.text:QueueP_init</name>
         <load_address>0x3f12</load_address>
         <run_address>0x3f12</run_address>
         <size>0x6</size>
         <input_file_ref idref="fl-21"/>
      </object_component>
      <object_component id="oc-336">
         <name>.text:ClockP_isActive</name>
         <load_address>0x3f18</load_address>
         <run_address>0x3f18</run_address>
         <size>0x4</size>
         <input_file_ref idref="fl-1d"/>
      </object_component>
      <object_component id="oc-8b5">
         <name>.text:ClockP_setTimeout</name>
         <load_address>0x3f1c</load_address>
         <run_address>0x3f1c</run_address>
         <size>0x4</size>
         <input_file_ref idref="fl-1d"/>
      </object_component>
      <object_component id="oc-116">
         <name>.text:HwiP_enable</name>
         <load_address>0x3f20</load_address>
         <run_address>0x3f20</run_address>
         <size>0x4</size>
         <input_file_ref idref="fl-1f"/>
      </object_component>
      <object_component id="oc-5cb">
         <name>.text:HwiP_post</name>
         <load_address>0x3f24</load_address>
         <run_address>0x3f24</run_address>
         <size>0x4</size>
         <input_file_ref idref="fl-1f"/>
      </object_component>
      <object_component id="oc-66b">
         <name>.text:QueueP_head</name>
         <load_address>0x3f28</load_address>
         <run_address>0x3f28</run_address>
         <size>0x4</size>
         <input_file_ref idref="fl-21"/>
      </object_component>
      <object_component id="oc-671">
         <name>.text:QueueP_next</name>
         <load_address>0x3f2c</load_address>
         <run_address>0x3f2c</run_address>
         <size>0x4</size>
         <input_file_ref idref="fl-21"/>
      </object_component>
      <object_component id="oc-225">
         <name>.text:SemaphoreP_delete</name>
         <load_address>0x3f30</load_address>
         <run_address>0x3f30</run_address>
         <size>0x4</size>
         <input_file_ref idref="fl-1a"/>
      </object_component>
      <object_component id="oc-631">
         <name>.text:SystemP_vsnprintf</name>
         <load_address>0x3f34</load_address>
         <run_address>0x3f34</run_address>
         <size>0x4</size>
         <input_file_ref idref="fl-1b"/>
      </object_component>
      <object_component id="oc-556">
         <name>.text:TimerP_setPeriod</name>
         <load_address>0x3f38</load_address>
         <run_address>0x3f38</run_address>
         <size>0x4</size>
         <input_file_ref idref="fl-1e"/>
      </object_component>
      <object_component id="oc-f0">
         <name>.text:_system_pre_init</name>
         <load_address>0x3f3c</load_address>
         <run_address>0x3f3c</run_address>
         <size>0x4</size>
         <input_file_ref idref="fl-f0"/>
      </object_component>
      <object_component id="oc-123">
         <name>.text:abort:abort</name>
         <load_address>0x3f40</load_address>
         <run_address>0x3f40</run_address>
         <size>0x4</size>
         <input_file_ref idref="fl-f2"/>
      </object_component>
      <object_component id="oc-66">
         <name>.text:defaultISR</name>
         <load_address>0x3f44</load_address>
         <run_address>0x3f44</run_address>
         <size>0x2</size>
         <input_file_ref idref="fl-20"/>
      </object_component>
      <object_component id="oc-60">
         <name>.text:faultISR</name>
         <load_address>0x3f46</load_address>
         <run_address>0x3f46</run_address>
         <size>0x2</size>
         <input_file_ref idref="fl-20"/>
      </object_component>
      <object_component id="oc-5a">
         <name>.text:nmiISR</name>
         <load_address>0x3f48</load_address>
         <run_address>0x3f48</run_address>
         <size>0x2</size>
         <input_file_ref idref="fl-20"/>
      </object_component>
      <object_component id="oc-3cf">
         <name>.text</name>
         <load_address>0x3f4a</load_address>
         <run_address>0x3f4a</run_address>
         <size>0x2</size>
         <input_file_ref idref="fl-ed"/>
      </object_component>
      <object_component id="oc-5a2">
         <name>.const:g_pulRegs</name>
         <load_address>0x3f4c</load_address>
         <run_address>0x3f4c</run_address>
         <size>0x50</size>
         <input_file_ref idref="fl-24"/>
      </object_component>
      <object_component id="oc-763">
         <name>.const:uartMSP432Baudrates</name>
         <load_address>0x3f9c</load_address>
         <run_address>0x3f9c</run_address>
         <size>0x40</size>
         <input_file_ref idref="fl-3"/>
      </object_component>
      <object_component id="oc-207">
         <name>.const:PowerMSP432_config</name>
         <load_address>0x3fdc</load_address>
         <run_address>0x3fdc</run_address>
         <size>0x38</size>
         <input_file_ref idref="fl-3"/>
      </object_component>
      <object_component id="oc-6dc">
         <name>.const:uartMSP432HWAttrs</name>
         <load_address>0x4014</load_address>
         <run_address>0x4014</run_address>
         <size>0x2c</size>
         <input_file_ref idref="fl-3"/>
      </object_component>
      <object_component id="oc-6d8">
         <name>.const:UARTMSP432_fxnTable</name>
         <load_address>0x4040</load_address>
         <run_address>0x4040</run_address>
         <size>0x28</size>
         <input_file_ref idref="fl-15"/>
      </object_component>
      <object_component id="oc-69c">
         <name>.const:UART_defaultParams</name>
         <load_address>0x4068</load_address>
         <run_address>0x4068</run_address>
         <size>0x24</size>
         <input_file_ref idref="fl-14"/>
      </object_component>
      <object_component id="oc-37a">
         <name>.const:DisplayUartAnsi_fxnTable</name>
         <load_address>0x408c</load_address>
         <run_address>0x408c</run_address>
         <size>0x20</size>
         <input_file_ref idref="fl-11"/>
      </object_component>
      <object_component id="oc-7fb">
         <name>.const:staticFxnTable</name>
         <load_address>0x40ac</load_address>
         <run_address>0x40ac</run_address>
         <size>0x20</size>
         <input_file_ref idref="fl-15"/>
      </object_component>
      <object_component id="oc-247">
         <name>.const:GPIOMSP432_config</name>
         <load_address>0x40cc</load_address>
         <run_address>0x40cc</run_address>
         <size>0x14</size>
         <input_file_ref idref="fl-3"/>
      </object_component>
      <object_component id="oc-37e">
         <name>.const:displayUartHWAttrs</name>
         <load_address>0x40e0</load_address>
         <run_address>0x40e0</run_address>
         <size>0x14</size>
         <input_file_ref idref="fl-3"/>
      </object_component>
      <object_component id="oc-533">
         <name>.const:SwiP_defaultParams</name>
         <load_address>0x40f4</load_address>
         <run_address>0x40f4</run_address>
         <size>0x10</size>
         <input_file_ref idref="fl-22"/>
      </object_component>
      <object_component id="oc-251">
         <name>.const:Display_config</name>
         <load_address>0x4104</load_address>
         <run_address>0x4104</run_address>
         <size>0xc</size>
         <input_file_ref idref="fl-3"/>
      </object_component>
      <object_component id="oc-6a4">
         <name>.const:UART_config</name>
         <load_address>0x4110</load_address>
         <run_address>0x4110</run_address>
         <size>0xc</size>
         <input_file_ref idref="fl-3"/>
      </object_component>
      <object_component id="oc-893">
         <name>.const:g_pulDisRegs</name>
         <load_address>0x411c</load_address>
         <run_address>0x411c</run_address>
         <size>0x8</size>
         <input_file_ref idref="fl-24"/>
      </object_component>
      <object_component id="oc-5a6">
         <name>.const:g_pulEnRegs</name>
         <load_address>0x4124</load_address>
         <run_address>0x4124</run_address>
         <size>0x8</size>
         <input_file_ref idref="fl-24"/>
      </object_component>
      <object_component id="oc-6ce">
         <name>.const:g_pulPendRegs</name>
         <load_address>0x412c</load_address>
         <run_address>0x412c</run_address>
         <size>0x8</size>
         <input_file_ref idref="fl-24"/>
      </object_component>
      <object_component id="oc-62d">
         <name>.const:.string:$P$T0$1</name>
         <load_address>0x4134</load_address>
         <run_address>0x4134</run_address>
         <size>0x7</size>
         <input_file_ref idref="fl-11"/>
      </object_component>
      <object_component id="oc-35a">
         <name>.const:.string:interruptType</name>
         <load_address>0x413b</load_address>
         <run_address>0x413b</run_address>
         <size>0x6</size>
         <input_file_ref idref="fl-12"/>
      </object_component>
      <object_component id="oc-351">
         <name>.const:.string:portInterruptIds</name>
         <load_address>0x4141</load_address>
         <run_address>0x4141</run_address>
         <size>0x6</size>
         <input_file_ref idref="fl-12"/>
      </object_component>
      <object_component id="oc-853">
         <name>.const:.string:parityTypes</name>
         <load_address>0x4147</load_address>
         <run_address>0x4147</run_address>
         <size>0x5</size>
         <input_file_ref idref="fl-15"/>
      </object_component>
      <object_component id="oc-856">
         <name>.const:stopBits</name>
         <load_address>0x414c</load_address>
         <run_address>0x414c</run_address>
         <size>0x4</size>
         <input_file_ref idref="fl-15"/>
      </object_component>
      <object_component id="oc-24e">
         <name>.const</name>
         <load_address>0x4150</load_address>
         <run_address>0x4150</run_address>
         <size>0x2</size>
         <input_file_ref idref="fl-3"/>
      </object_component>
      <object_component id="oc-256">
         <name>.const:Display_defaultParams</name>
         <load_address>0x4152</load_address>
         <run_address>0x4152</run_address>
         <size>0x1</size>
         <input_file_ref idref="fl-10"/>
      </object_component>
      <object_component id="oc-8ff">
         <name>.cinit..data.load</name>
         <load_address>0x4158</load_address>
         <run_address>0x4158</run_address>
         <size>0x89</size>
      </object_component>
      <object_component id="oc-8fd">
         <name>__TI_handler_table</name>
         <load_address>0x41e4</load_address>
         <run_address>0x41e4</run_address>
         <size>0xc</size>
      </object_component>
      <object_component id="oc-900">
         <name>.cinit..bss.load</name>
         <load_address>0x41f0</load_address>
         <run_address>0x41f0</run_address>
         <size>0x8</size>
      </object_component>
      <object_component id="oc-901">
         <name>.cinit..vtable.load</name>
         <load_address>0x41f8</load_address>
         <run_address>0x41f8</run_address>
         <size>0x8</size>
      </object_component>
      <object_component id="oc-8fe">
         <name>__TI_cinit_table</name>
         <load_address>0x4200</load_address>
         <run_address>0x4200</run_address>
         <size>0x18</size>
      </object_component>
      <object_component id="oc-36e">
         <name>.data:gpioPinConfigs</name>
         <load_address>0x200088f0</load_address>
         <run_address>0x200088f0</run_address>
         <size>0x4</size>
         <input_file_ref idref="fl-3"/>
      </object_component>
      <object_component id="oc-371">
         <name>.data:gpioCallbackFunctions</name>
         <load_address>0x200088ec</load_address>
         <run_address>0x200088ec</run_address>
         <size>0x4</size>
         <input_file_ref idref="fl-3"/>
      </object_component>
      <object_component id="oc-244">
         <name>.data</name>
         <load_address>0x200088f7</load_address>
         <run_address>0x200088f7</run_address>
         <size>0x2</size>
         <input_file_ref idref="fl-12"/>
      </object_component>
      <object_component id="oc-204">
         <name>.data:PowerMSP432_module</name>
         <load_address>0x20008880</load_address>
         <run_address>0x20008880</run_address>
         <size>0x2c</size>
         <input_file_ref idref="fl-13"/>
      </object_component>
      <object_component id="oc-2e1">
         <name>.data:PowerMSP432_perfLevels</name>
         <load_address>0x20008740</load_address>
         <run_address>0x20008740</run_address>
         <size>0x140</size>
         <input_file_ref idref="fl-13"/>
      </object_component>
      <object_component id="oc-6a1">
         <name>.data</name>
         <load_address>0x200088f9</load_address>
         <run_address>0x200088f9</run_address>
         <size>0x1</size>
         <input_file_ref idref="fl-14"/>
      </object_component>
      <object_component id="oc-348">
         <name>.data</name>
         <load_address>0x200088f4</load_address>
         <run_address>0x200088f4</run_address>
         <size>0x3</size>
         <input_file_ref idref="fl-1a"/>
      </object_component>
      <object_component id="oc-4b7">
         <name>.data:SemaphoreP_defaultParams</name>
         <load_address>0x200088d4</load_address>
         <run_address>0x200088d4</run_address>
         <size>0x8</size>
         <input_file_ref idref="fl-1a"/>
      </object_component>
      <object_component id="oc-26c">
         <name>.data</name>
         <load_address>0x200088dc</load_address>
         <run_address>0x200088dc</run_address>
         <size>0x8</size>
         <input_file_ref idref="fl-1d"/>
      </object_component>
      <object_component id="oc-841">
         <name>.data:ClockP_defaultParams</name>
         <load_address>0x200088ac</load_address>
         <run_address>0x200088ac</run_address>
         <size>0xc</size>
         <input_file_ref idref="fl-1d"/>
      </object_component>
      <object_component id="oc-562">
         <name>.data</name>
         <load_address>0x200088fb</load_address>
         <run_address>0x200088fb</run_address>
         <size>0x1</size>
         <input_file_ref idref="fl-1e"/>
      </object_component>
      <object_component id="oc-54b">
         <name>.data:TimerP_defaultParams</name>
         <load_address>0x200088b8</load_address>
         <run_address>0x200088b8</run_address>
         <size>0xc</size>
         <input_file_ref idref="fl-1e"/>
      </object_component>
      <object_component id="oc-467">
         <name>.data:HwiP_dispatchTable</name>
         <load_address>0x20008600</load_address>
         <run_address>0x20008600</run_address>
         <size>0x140</size>
         <input_file_ref idref="fl-1f"/>
      </object_component>
      <object_component id="oc-464">
         <name>.data</name>
         <load_address>0x200088e4</load_address>
         <run_address>0x200088e4</run_address>
         <size>0x8</size>
         <input_file_ref idref="fl-1f"/>
      </object_component>
      <object_component id="oc-538">
         <name>.data</name>
         <load_address>0x200088fa</load_address>
         <run_address>0x200088fa</run_address>
         <size>0x1</size>
         <input_file_ref idref="fl-22"/>
      </object_component>
      <object_component id="oc-599">
         <name>.data:$O1$$</name>
         <load_address>0x200088cc</load_address>
         <run_address>0x200088cc</run_address>
         <size>0x8</size>
         <input_file_ref idref="fl-ea"/>
      </object_component>
      <object_component id="oc-1d5">
         <name>.data:$O1$$</name>
         <load_address>0x200088c4</load_address>
         <run_address>0x200088c4</run_address>
         <size>0x8</size>
         <input_file_ref idref="fl-f3"/>
      </object_component>
      <object_component id="oc-52c">
         <name>.bss:displayUARTBuffer</name>
         <uninitialized>true</uninitialized>
         <run_address>0x20008000</run_address>
         <size>0x400</size>
         <input_file_ref idref="fl-3"/>
      </object_component>
      <object_component id="oc-766">
         <name>.bss:uartMSP432RingBuffer0</name>
         <uninitialized>true</uninitialized>
         <run_address>0x20008570</run_address>
         <size>0x20</size>
         <input_file_ref idref="fl-3"/>
      </object_component>
      <object_component id="oc-24a">
         <name>.bss:gpioCallbackInfo</name>
         <uninitialized>true</uninitialized>
         <run_address>0x20008520</run_address>
         <size>0x30</size>
         <input_file_ref idref="fl-12"/>
      </object_component>
      <object_component id="oc-243">
         <name>.bss</name>
         <uninitialized>true</uninitialized>
         <run_address>0x200085f4</run_address>
         <size>0x4</size>
         <input_file_ref idref="fl-12"/>
      </object_component>
      <object_component id="oc-3af">
         <name>.bss:ClockP_module</name>
         <uninitialized>true</uninitialized>
         <run_address>0x20008400</run_address>
         <size>0xa0</size>
         <input_file_ref idref="fl-1d"/>
      </object_component>
      <object_component id="oc-3be">
         <name>.bss:timerFreq</name>
         <uninitialized>true</uninitialized>
         <run_address>0x200085ec</run_address>
         <size>0x8</size>
         <input_file_ref idref="fl-1d"/>
      </object_component>
      <object_component id="oc-3c1">
         <name>.bss</name>
         <uninitialized>true</uninitialized>
         <run_address>0x200085f8</run_address>
         <size>0x4</size>
         <input_file_ref idref="fl-1d"/>
      </object_component>
      <object_component id="oc-56e">
         <name>.bss</name>
         <uninitialized>true</uninitialized>
         <run_address>0x200085fc</run_address>
         <size>0x4</size>
         <input_file_ref idref="fl-1e"/>
      </object_component>
      <object_component id="oc-565">
         <name>.bss:TimerP_hwiStruct</name>
         <uninitialized>true</uninitialized>
         <run_address>0x200085ac</run_address>
         <size>0x1c</size>
         <input_file_ref idref="fl-1e"/>
      </object_component>
      <object_component id="oc-53e">
         <name>.bss</name>
         <uninitialized>true</uninitialized>
         <run_address>0x200085c8</run_address>
         <size>0xd</size>
         <input_file_ref idref="fl-22"/>
      </object_component>
      <object_component id="oc-541">
         <name>.bss:SwiP_hwiStruct</name>
[...]
      </symbol>
      <symbol id="sm-6fb">
         <name>SystemP_vsnprintf</name>
         <value>0x3f35</value>
         <object_component_ref idref="oc-631"/>
      </symbol>
      <symbol id="sm-6fc">
         <name>SystemP_snprintf</name>
         <value>0x3b87</value>
         <object_component_ref idref="oc-627"/>
      </symbol>
      <symbol id="sm-725">
         <name>PowerMSP432_initPolicy</name>
         <value>0x2cbb</value>
         <object_component_ref idref="oc-302"/>
      </symbol>
      <symbol id="sm-726">
         <name>PowerMSP432_updateFreqs</name>
         <value>0x333f</value>
         <object_component_ref idref="oc-2db"/>
      </symbol>
      <symbol id="sm-727">
         <name>PowerMSP432_sleepPolicy</name>
         <value>0x3221</value>
         <object_component_ref idref="oc-308"/>
      </symbol>
      <symbol id="sm-822">
         <name>ClockP_delete</name>
         <value>0x3d4d</value>
         <object_component_ref idref="oc-780"/>
      </symbol>
      <symbol id="sm-823">
         <name>ClockP_doTick</name>
         <value>0x3e6d</value>
         <object_component_ref idref="oc-3b8"/>
      </symbol>
      <symbol id="sm-824">
         <name>ClockP_setTimeout</name>
         <value>0x3f1d</value>
         <object_component_ref idref="oc-8b5"/>
      </symbol>
      <symbol id="sm-825">
         <name>ClockP_startup</name>
         <value>0x1b01</value>
         <object_component_ref idref="oc-25b"/>
      </symbol>
      <symbol id="sm-826">
         <name>ClockP_stop</name>
         <value>0x3efb</value>
         <object_component_ref idref="oc-8bb"/>
      </symbol>
      <symbol id="sm-827">
         <name>ClockP_construct</name>
         <value>0x31d9</value>
         <object_component_ref idref="oc-845"/>
      </symbol>
      <symbol id="sm-828">
         <name>ClockP_scheduleNextTick</name>
         <value>0x39d9</value>
         <object_component_ref idref="oc-4d5"/>
      </symbol>
      <symbol id="sm-829">
         <name>ClockP_tickPeriod</name>
         <value>0x200088e0</value>
         <object_component_ref idref="oc-26c"/>
      </symbol>
      <symbol id="sm-82a">
         <name>ClockP_create</name>
         <value>0x3b39</value>
         <object_component_ref idref="oc-7cb"/>
      </symbol>
      <symbol id="sm-82b">
         <name>ClockP_Params_init</name>
         <value>0x3d3d</value>
         <object_component_ref idref="oc-7c5"/>
      </symbol>
      <symbol id="sm-82c">
         <name>ClockP_workFuncDynamic</name>
         <value>0x1d1d</value>
         <object_component_ref idref="oc-3b2"/>
      </symbol>
      <symbol id="sm-82d">
         <name>ClockP_walkQueueDynamic</name>
         <value>0x2a19</value>
         <object_component_ref idref="oc-576"/>
      </symbol>
      <symbol id="sm-82e">
         <name>ClockP_destruct</name>
         <value>0x3ba1</value>
         <object_component_ref idref="oc-33c"/>
      </symbol>
      <symbol id="sm-82f">
         <name>ClockP_start</name>
         <value>0x281d</value>
         <object_component_ref idref="oc-32a"/>
      </symbol>
      <symbol id="sm-830">
         <name>ClockP_isActive</name>
         <value>0x3f19</value>
         <object_component_ref idref="oc-336"/>
      </symbol>
      <symbol id="sm-831">
         <name>ClockP_sleep</name>
         <value>0x3851</value>
         <object_component_ref idref="oc-1bf"/>
      </symbol>
      <symbol id="sm-832">
         <name>ClockP_getTicks</name>
         <value>0x39b5</value>
         <object_component_ref idref="oc-4db"/>
      </symbol>
      <symbol id="sm-833">
         <name>ClockP_add</name>
         <value>0x3a65</value>
         <object_component_ref idref="oc-324"/>
      </symbol>
      <symbol id="sm-8c9">
         <name>TimerP_setNextTick</name>
         <value>0x3519</value>
         <object_component_ref idref="oc-5f1"/>
      </symbol>
      <symbol id="sm-8ca">
         <name>TimerP_getCurrentTick</name>
         <value>0x2c4f</value>
         <object_component_ref idref="oc-4cf"/>
      </symbol>
      <symbol id="sm-8cb">
         <name>TimerP_setPeriod</name>
         <value>0x3f39</value>
         <object_component_ref idref="oc-556"/>
      </symbol>
      <symbol id="sm-8cc">
         <name>TimerP_dynamicStub</name>
         <value>0x3039</value>
         <object_component_ref idref="oc-568"/>
      </symbol>
      <symbol id="sm-8cd">
         <name>TimerP_getMaxTicks</name>
         <value>0x3e9d</value>
         <object_component_ref idref="oc-3a3"/>
      </symbol>
      <symbol id="sm-8ce">
         <name>TimerP_construct</name>
         <value>0x1555</value>
         <object_component_ref idref="oc-39d"/>
      </symbol>
      <symbol id="sm-8cf">
         <name>TimerP_getFreq</name>
         <value>0x3e91</value>
         <object_component_ref idref="oc-3a9"/>
      </symbol>
      <symbol id="sm-8d0">
         <name>TimerP_initDevice</name>
         <value>0x3659</value>
         <object_component_ref idref="oc-550"/>
      </symbol>
      <symbol id="sm-8d1">
         <name>TimerP_start</name>
         <value>0x33c9</value>
         <object_component_ref idref="oc-55c"/>
      </symbol>
      <symbol id="sm-8d2">
         <name>TimerP_Params_init</name>
         <value>0x3dfd</value>
         <object_component_ref idref="oc-397"/>
      </symbol>
      <symbol id="sm-94c">
         <name>HwiP_delete</name>
         <value>0x3bb9</value>
         <object_component_ref idref="oc-77a"/>
      </symbol>
      <symbol id="sm-94d">
         <name>HwiP_construct</name>
         <value>0x2a91</value>
         <object_component_ref idref="oc-2f3"/>
      </symbol>
      <symbol id="sm-94e">
         <name>HwiP_inISR</name>
         <value>0x3bd1</value>
         <object_component_ref idref="oc-35f"/>
      </symbol>
      <symbol id="sm-94f">
         <name>HwiP_dispatch</name>
         <value>0x39fd</value>
         <object_component_ref idref="oc-45e"/>
      </symbol>
      <symbol id="sm-950">
         <name>HwiP_swiPIntNum</name>
         <value>0x200088e8</value>
         <object_component_ref idref="oc-464"/>
      </symbol>
      <symbol id="sm-951">
         <name>HwiP_Params_init</name>
         <value>0x3d05</value>
         <object_component_ref idref="oc-1f8"/>
      </symbol>
      <symbol id="sm-952">
         <name>HwiP_disable</name>
         <value>0x3d5d</value>
         <object_component_ref idref="oc-219"/>
      </symbol>
      <symbol id="sm-953">
         <name>HwiP_key</name>
         <value>0x200088e4</value>
         <object_component_ref idref="oc-464"/>
      </symbol>
      <symbol id="sm-954">
         <name>HwiP_create</name>
         <value>0x3825</value>
         <object_component_ref idref="oc-1fe"/>
      </symbol>
      <symbol id="sm-955">
         <name>HwiP_post</name>
         <value>0x3f25</value>
         <object_component_ref idref="oc-5cb"/>
      </symbol>
      <symbol id="sm-956">
         <name>HwiP_enable</name>
         <value>0x3f21</value>
         <object_component_ref idref="oc-116"/>
      </symbol>
      <symbol id="sm-957">
         <name>HwiP_restore</name>
         <value>0x3ed3</value>
         <object_component_ref idref="oc-21f"/>
      </symbol>
      <symbol id="sm-994">
         <name>resetISR</name>
         <value>0x3c31</value>
         <object_component_ref idref="oc-1f"/>
      </symbol>
      <symbol id="sm-995">
         <name>interruptVectors</name>
         <value>0x0</value>
         <object_component_ref idref="oc-26"/>
      </symbol>
      <symbol id="sm-9d2">
         <name>QueueP_next</name>
         <value>0x3f2d</value>
         <object_component_ref idref="oc-671"/>
      </symbol>
      <symbol id="sm-9d3">
         <name>QueueP_put</name>
         <value>0x3aa5</value>
         <object_component_ref idref="oc-4c8"/>
      </symbol>
      <symbol id="sm-9d4">
         <name>QueueP_remove</name>
         <value>0x3e2b</value>
         <object_component_ref idref="oc-4e4"/>
      </symbol>
      <symbol id="sm-9d5">
         <name>QueueP_head</name>
         <value>0x3f29</value>
         <object_component_ref idref="oc-66b"/>
      </symbol>
      <symbol id="sm-9d6">
         <name>QueueP_init</name>
         <value>0x3f13</value>
         <object_component_ref idref="oc-385"/>
      </symbol>
      <symbol id="sm-9d7">
         <name>QueueP_empty</name>
         <value>0x3e1d</value>
         <object_component_ref idref="oc-6c3"/>
      </symbol>
      <symbol id="sm-9d8">
         <name>QueueP_get</name>
         <value>0x3b53</value>
         <object_component_ref idref="oc-6bd"/>
      </symbol>
      <symbol id="sm-a77">
         <name>SwiP_disable</name>
         <value>0x3b01</value>
         <object_component_ref idref="oc-479"/>
      </symbol>
      <symbol id="sm-a78">
         <name>SwiP_restore</name>
         <value>0x3385</value>
         <object_component_ref idref="oc-48b"/>
      </symbol>
      <symbol id="sm-a79">
         <name>SwiP_construct</name>
         <value>0x17ed</value>
         <object_component_ref idref="oc-391"/>
      </symbol>
      <symbol id="sm-a7a">
         <name>SwiP_Params_init</name>
         <value>0x3dcd</value>
         <object_component_ref idref="oc-38b"/>
      </symbol>
      <symbol id="sm-a7b">
         <name>SwiP_post</name>
         <value>0x2df5</value>
         <object_component_ref idref="oc-57d"/>
      </symbol>
      <symbol id="sm-a7c">
         <name>SwiP_dispatch</name>
         <value>0x2395</value>
         <object_component_ref idref="oc-651"/>
      </symbol>
      <symbol id="sm-af5">
         <name>CS_setExternalClockSourceFrequency</name>
         <value>0x3a45</value>
         <object_component_ref idref="oc-2c3"/>
      </symbol>
      <symbol id="sm-af6">
         <name>CS_startHFXTWithTimeout</name>
         <value>0x12ad</value>
         <object_component_ref idref="oc-2cf"/>
      </symbol>
      <symbol id="sm-af7">
         <name>CS_startLFXTWithTimeout</name>
         <value>0x1475</value>
         <object_component_ref idref="oc-2d5"/>
      </symbol>
      <symbol id="sm-b8d">
         <name>Interrupt_disableMaster</name>
         <value>0x3d6d</value>
         <object_component_ref idref="oc-52"/>
      </symbol>
      <symbol id="sm-b8e">
         <name>Interrupt_disableInterrupt</name>
         <value>0x289d</value>
         <object_component_ref idref="oc-81c"/>
      </symbol>
      <symbol id="sm-b8f">
         <name>Interrupt_unregisterInterrupt</name>
         <value>0x3ae5</value>
         <object_component_ref idref="oc-822"/>
      </symbol>
      <symbol id="sm-b90">
         <name>Interrupt_setPriority</name>
         <value>0x30e9</value>
         <object_component_ref idref="oc-452"/>
      </symbol>
      <symbol id="sm-b91">
         <name>Interrupt_enableMaster</name>
         <value>0x3d7d</value>
         <object_component_ref idref="oc-19a"/>
      </symbol>
      <symbol id="sm-b92">
         <name>Interrupt_enableInterrupt</name>
         <value>0x291d</value>
         <object_component_ref idref="oc-458"/>
      </symbol>
      <symbol id="sm-b93">
         <name>Interrupt_registerInterrupt</name>
         <value>0x2f81</value>
         <object_component_ref idref="oc-44c"/>
      </symbol>
      <symbol id="sm-b94">
         <name>g_pfnRAMVectors</name>
         <value>0x20008c00</value>
         <object_component_ref idref="oc-59d"/>
      </symbol>
      <symbol id="sm-b95">
         <name>Interrupt_pendInterrupt</name>
         <value>0x2d25</value>
         <object_component_ref idref="oc-692"/>
      </symbol>
      <symbol id="sm-ba1">
         <name>SysCtl_getNMISourceStatus</name>
         <value>0x3ded</value>
         <object_component_ref idref="oc-68b"/>
      </symbol>
      <symbol id="sm-bc1">
         <name>SysCtl_A_enableNMISource</name>
         <value>0x3c01</value>
         <object_component_ref idref="oc-420"/>
      </symbol>
      <symbol id="sm-bc2">
         <name>SysCtl_A_getNMISourceStatus</name>
         <value>0x3ddd</value>
         <object_component_ref idref="oc-40e"/>
      </symbol>
      <symbol id="sm-bc3">
         <name>SysCtl_A_disableNMISource</name>
         <value>0x3be9</value>
         <object_component_ref idref="oc-414"/>
      </symbol>
      <symbol id="sm-be1">
         <name>UART_initModule</name>
         <value>0xf95</value>
         <object_component_ref idref="oc-84d"/>
      </symbol>
      <symbol id="sm-bf3">
         <name>CPU_cpsie</name>
         <value>0x3e5f</value>
         <object_component_ref idref="oc-20c"/>
      </symbol>
      <symbol id="sm-bf4">
         <name>CPU_cpsid</name>
         <value>0x3e53</value>
         <object_component_ref idref="oc-96"/>
      </symbol>
      <symbol id="sm-c0b">
         <name>__aeabi_dsub</name>
         <value>0xc6d</value>
         <object_component_ref idref="oc-6f0"/>
      </symbol>
      <symbol id="sm-c0c">
         <name>__aeabi_dadd</name>
         <value>0xc77</value>
         <object_component_ref idref="oc-6f0"/>
      </symbol>
      <symbol id="sm-c1e">
         <name>__aeabi_cdcmpeq</name>
         <value>0x2713</value>
         <object_component_ref idref="oc-6e1"/>
      </symbol>
      <symbol id="sm-c1f">
         <name>__aeabi_cdcmple</name>
         <value>0x2713</value>
         <object_component_ref idref="oc-6e1"/>
      </symbol>
      <symbol id="sm-c2a">
         <name>__aeabi_dmul</name>
         <value>0x11b1</value>
         <object_component_ref idref="oc-6f5"/>
      </symbol>
      <symbol id="sm-c34">
         <name>__aeabi_d2iz</name>
         <value>0x32b1</value>
         <object_component_ref idref="oc-6e6"/>
      </symbol>
      <symbol id="sm-c3e">
         <name>__aeabi_d2uiz</name>
         <value>0x3495</value>
         <object_component_ref idref="oc-6fa"/>
      </symbol>
      <symbol id="sm-c48">
         <name>__aeabi_i2d</name>
         <value>0x37a1</value>
         <object_component_ref idref="oc-6eb"/>
      </symbol>
      <symbol id="sm-c63">
         <name>memcpy</name>
         <value>0x2431</value>
         <object_component_ref idref="oc-3a"/>
      </symbol>
      <symbol id="sm-c64">
         <name>__aeabi_memcpy</name>
         <value>0x2431</value>
         <object_component_ref idref="oc-3a"/>
      </symbol>
      <symbol id="sm-c65">
         <name>__aeabi_memcpy8</name>
         <value>0x2431</value>
         <object_component_ref idref="oc-3a"/>
      </symbol>
      <symbol id="sm-c66">
         <name>__aeabi_memcpy4</name>
         <value>0x2431</value>
         <object_component_ref idref="oc-3a"/>
      </symbol>
      <symbol id="sm-c75">
         <name>__aeabi_uidivmod</name>
         <value>0x3619</value>
         <object_component_ref idref="oc-771"/>
      </symbol>
      <symbol id="sm-c76">
         <name>__aeabi_uidiv</name>
         <value>0x3619</value>
         <object_component_ref idref="oc-771"/>
      </symbol>
      <symbol id="sm-c83">
         <name>__aeabi_uldivmod</name>
         <value>0x24cd</value>
         <object_component_ref idref="oc-261"/>
      </symbol>
      <symbol id="sm-c9a">
         <name>__TI_zero_init</name>
         <value>0x3ea9</value>
         <object_component_ref idref="oc-4c"/>
      </symbol>
      <symbol id="sm-cb1">
         <name>__TI_decompress_none</name>
         <value>0x3e39</value>
         <object_component_ref idref="oc-18"/>
      </symbol>
      <symbol id="sm-cd4">
         <name>__TI_decompress_lzss</name>
         <value>0x2e5d</value>
         <object_component_ref idref="oc-12"/>
      </symbol>
      <symbol id="sm-d5d">
         <name>_sys_memory</name>
         <value>0x20000000</value>
         <object_component_ref idref="oc-29"/>
      </symbol>
      <symbol id="sm-d5e">
         <name>free</name>
         <value>0x1391</value>
         <object_component_ref idref="oc-2f9"/>
      </symbol>
      <symbol id="sm-d5f">
         <name>memalign</name>
         <value>0x10b1</value>
         <object_component_ref idref="oc-445"/>
      </symbol>
      <symbol id="sm-d60">
         <name>malloc</name>
         <value>0x3edb</value>
         <object_component_ref idref="oc-2ed"/>
      </symbol>
      <symbol id="sm-d61">
         <name>aligned_alloc</name>
         <value>0x10b1</value>
         <object_component_ref idref="oc-445"/>
      </symbol>
      <symbol id="sm-d6f">
         <name>strlen</name>
         <value>0x3cf1</value>
         <object_component_ref idref="oc-705"/>
      </symbol>
      <symbol id="sm-d82">
         <name>__stack</name>
         <value>0x2000f000</value>
         <object_component_ref idref="oc-2c"/>
      </symbol>
      <symbol id="sm-d83">
         <name>_c_int00_noargs</name>
         <value>0x373d</value>
         <object_component_ref idref="oc-a8"/>
      </symbol>
      <symbol id="sm-d8d">
         <name>__aeabi_idiv0</name>
         <value>0x3f4b</value>
         <object_component_ref idref="oc-3cf"/>
      </symbol>
      <symbol id="sm-d8e">
         <name>__aeabi_ldiv0</name>
         <value>0x3f4b</value>
         <object_component_ref idref="oc-3cf"/>
      </symbol>
      <symbol id="sm-d9d">
         <name>__aeabi_memset</name>
         <value>0x299f</value>
         <object_component_ref idref="oc-90"/>
      </symbol>
      <symbol id="sm-d9e">
         <name>memset</name>
         <value>0x29a5</value>
         <object_component_ref idref="oc-90"/>
      </symbol>
      <symbol id="sm-d9f">
         <name>__aeabi_memset8</name>
         <value>0x299f</value>
         <object_component_ref idref="oc-90"/>
      </symbol>
      <symbol id="sm-da0">
         <name>__aeabi_memset4</name>
         <value>0x299f</value>
         <object_component_ref idref="oc-90"/>
      </symbol>
      <symbol id="sm-da1">
         <name>__aeabi_memclr8</name>
         <value>0x299d</value>
         <object_component_ref idref="oc-90"/>
      </symbol>
      <symbol id="sm-da2">
         <name>__aeabi_memclr4</name>
         <value>0x299d</value>
         <object_component_ref idref="oc-90"/>
      </symbol>
      <symbol id="sm-da3">
         <name>__aeabi_memclr</name>
         <value>0x299d</value>
         <object_component_ref idref="oc-90"/>
      </symbol>
      <symbol id="sm-dcb">
         <name>__TI_auto_init_nobinit_nopinit</name>
         <value>0x3451</value>
         <object_component_ref idref="oc-12f"/>
      </symbol>
      <symbol id="sm-dd5">
         <name>_system_pre_init</name>
         <value>0x3f3d</value>
         <object_component_ref idref="oc-f0"/>
      </symbol>
      <symbol id="sm-de1">
         <name>C$$EXIT</name>
         <value>0x3f41</value>
         <object_component_ref idref="oc-123"/>
      </symbol>
      <symbol id="sm-de2">
         <name>abort</name>
         <value>0x3f41</value>
         <object_component_ref idref="oc-123"/>
      </symbol>
      <symbol id="sm-df7">
         <name>_nop</name>
         <value>0x384f</value>
         <object_component_ref idref="oc-298"/>
      </symbol>
      <symbol id="sm-df8">
         <name>_lock</name>
         <value>0x200088c4</value>
         <object_component_ref idref="oc-1d5"/>
      </symbol>
      <symbol id="sm-df9">
         <name>_unlock</name>
         <value>0x200088c8</value>
         <object_component_ref idref="oc-1d5"/>
      </symbol>
      <symbol id="sm-dfb">
         <name>__TI_static_base__</name>
         <value>0x4158</value>
      </symbol>
      <symbol id="sm-dfe">
         <name>__mpu_init</name>
         <value>0x0</value>
      </symbol>
      <symbol id="sm-dff">
         <name>_system_post_cinit</name>
         <value>0x0</value>
      </symbol>
      <symbol id="sm-e00">
         <name>sleep</name>
         <value>0x3851</value>
      </symbol>
      <symbol id="sm-e01">
         <name>NoRTOS_start</name>
         <value>0x3f21</value>
      </symbol>
   </symbol_table>
   <title>Link successful</title>
</link_info>
