******************************************************************************
                  TI ARM Linker PC v20.2.6                     
******************************************************************************
>> Linked Sat Feb 19 06:14:07 2022

OUTPUT FILE NAME:   <VCOM.out>
ENTRY POINT SYMBOL: "resetISR"  address: 00003c31


MEMORY CONFIGURATION

         name            origin    length      used     unused   attr    fill
----------------------  --------  ---------  --------  --------  ----  --------
  MAIN                  00000000   00040000  00004213  0003bded  R  X
  INFO                  00200000   00004000  00000000  00004000  R  X
  SRAM_CODE             01000000   00010000  000099e4  0000661c  RW X
  SRAM_DATA             20000000   00010000  000099e4  0000661c  RW  


SEGMENT ALLOCATION MAP

run origin  load origin   length   init length attrs members
----------  ----------- ---------- ----------- ----- -------
00000000    00000000    00004218   00004218    r-x
  00000000    00000000    00000144   00000144    r-- .intvecs
  00000144    00000144    00003e08   00003e08    r-x .text
  00003f4c    00003f4c    00000207   00000207    r-- .const
  00004158    00004158    000000c0   000000c0    r-- .cinit
20000000    20000000    000088fc   00000000    rw-
  20000000    20000000    00008000   00000000    rw- .sysmem
  20008000    20008000    00000600   00000000    rw- .bss
  20008600    20008600    000002fc   00000000    rw- .data
20008c00    20008c00    000000e8   00000000    rw-
  20008c00    20008c00    000000e8   00000000    rw- .vtable
2000f000    2000f000    00001000   00000000    rw-
  2000f000    2000f000    00001000   00000000    rw- .stack


SECTION ALLOCATION MAP

 output                                  attributes/
section   page    origin      length       input sections
--------  ----  ----------  ----------   ----------------
.text      0    00000144    00003e08     
                  00000144    000002f8     drivers_msp432p401x.aem4f : PowerMSP432.oem4f (.text:Power_sleep)
                  0000043c    000002d8     nortos_msp432p401x.aem4f : SystemP_nortos.oem4f (.text:doPrint)
                  00000714    000002d0     drivers_msp432p401x.aem4f : UARTMSP432.oem4f (.text:UARTMSP432_open)
                  000009e4    00000288                               : PowerMSP432.oem4f (.text:initPerfControl)
                  00000c6c    000001b6     rtsv7M4_T_le_v4SPD16_eabi.lib : fd_add_t2.asm.obj (.text)
                  00000e22    00000002     ti_drivers_config.obj (.text:Board_initHook)
                  00000e24    00000170     drivers_msp432p401x.aem4f : GPIOMSP432.oem4f (.text:GPIO_setConfig)
                  00000f94    0000011c     msp432p4xx_driverlib.lib : uart.o (.text:UART_initModule)
                  000010b0    00000100     rtsv7M4_T_le_v4SPD16_eabi.lib : memory.c.obj (.text:aligned_alloc)
                  000011b0    000000fc                                   : fd_mul_t2.asm.obj (.text)
                  000012ac    000000e4     msp432p4xx_driverlib.lib : cs.o (.text:CS_startHFXTWithTimeout)
                  00001390    000000e4     rtsv7M4_T_le_v4SPD16_eabi.lib : memory.c.obj (.text:free)
                  00001474    000000e0     msp432p4xx_driverlib.lib : cs.o (.text:CS_startLFXTWithTimeout)
                  00001554    000000e0     nortos_msp432p401x.aem4f : TimerPMSP432_nortos.oem4f (.text:TimerP_construct)
                  00001634    000000dc     drivers_msp432p401x.aem4f : UARTMSP432.oem4f (.text:UARTMSP432_readPolling)
                  00001710    000000dc     msp432p4xx_driverlib.lib : cs.o (.text:_CSGetHFXTFrequency)
                  000017ec    000000d8     nortos_msp432p401x.aem4f : SwiP_nortos.oem4f (.text:SwiP_construct)
                  000018c4    000000ca     drivers_msp432p401x.aem4f : UARTMSP432.oem4f (.text:UARTMSP432_hwiIntFxn)
                  0000198e    00000002     display.aem4f : DisplayUart.oem4f (.text:DisplayUartAnsi_init)
                  00001990    000000b8     drivers_msp432p401x.aem4f : UARTMSP432.oem4f (.text:initHw)
                  00001a48    000000b8                               : UARTMSP432.oem4f (.text:readTaskCallback)
                  00001b00    000000b4     nortos_msp432p401x.aem4f : ClockPTimer_nortos.oem4f (.text:ClockP_startup)
                  00001bb4    000000b4     drivers_msp432p401x.aem4f : UARTMSP432.oem4f (.text:UARTMSP432_control)
                  00001c68    000000b4                               : UARTMSP432.oem4f (.text:UARTMSP432_writePolling)
                  00001d1c    000000ac     nortos_msp432p401x.aem4f : ClockPTimer_nortos.oem4f (.text:ClockP_workFuncDynamic)
                  00001dc8    000000ac     display.aem4f : DisplayUart.oem4f (.text:DisplayUartAnsi_clearLines)
                  00001e74    000000ac     drivers_msp432p401x.aem4f : GPIOMSP432.oem4f (.text:GPIO_init)
                  00001f20    000000a8                               : UARTMSP432.oem4f (.text:UARTMSP432_write)
                  00001fc8    000000a8                               : UARTMSP432.oem4f (.text:readTaskBlocking)
                  00002070    000000a7     display.aem4f : DisplayUart.oem4f (.text:DisplayUartAnsi_open)
                  00002117    00000001     --HOLE-- [fill = 0]
                  00002118    000000a0     nortos_msp432p401x.aem4f : SemaphoreP_nortos.oem4f (.text:SemaphoreP_pend)
                  000021b8    000000a0     drivers_msp432p401x.aem4f : UARTMSP432.oem4f (.text:readIsrTextCallback)
                  00002258    0000009f     display.aem4f : DisplayUart.oem4f (.text:DisplayUartAnsi_vprintf)
                  000022f7    00000001     --HOLE-- [fill = 0]
                  000022f8    0000009c     drivers_msp432p401x.aem4f : PowerMSP432.oem4f (.text:Power_init)
                  00002394    0000009c     nortos_msp432p401x.aem4f : SwiP_nortos.oem4f (.text:SwiP_dispatch)
                  00002430    0000009c     rtsv7M4_T_le_v4SPD16_eabi.lib : memcpy_t2.asm.obj (.text)
                  000024cc    00000096                                   : ull_div_t2.asm.obj (.text)
                  00002562    00000092     drivers_msp432p401x.aem4f : UARTMSP432.oem4f (.text:UARTMSP432_close)
                  000025f4    00000092                               : UARTMSP432.oem4f (.text:writeData)
                  00002686    0000008c                               : UARTMSP432.oem4f (.text:readIsrTextBlocking)
                  00002712    00000086     rtsv7M4_T_le_v4SPD16_eabi.lib : fd_cmp_t2.asm.obj (.text:__aeabi_cdcmple)
                  00002798    00000084     drivers_msp432p401x.aem4f : PowerMSP432.oem4f (.text:restartHFXT)
                  0000281c    00000080     nortos_msp432p401x.aem4f : ClockPTimer_nortos.oem4f (.text:ClockP_start)
                  0000289c    00000080     msp432p4xx_driverlib.lib : interrupt.o (.text:Interrupt_disableInterrupt)
                  0000291c    00000080                              : interrupt.o (.text:Interrupt_enableInterrupt)
                  0000299c    0000007a     rtsv7M4_T_le_v4SPD16_eabi.lib : memset_t2.asm.obj (.text)
                  00002a16    00000002     msp432p4xx_driverlib.lib : interrupt.o (.text:IntDefaultHandler)
                  00002a18    00000078     nortos_msp432p401x.aem4f : ClockPTimer_nortos.oem4f (.text:ClockP_walkQueueDynamic)
                  00002a90    00000070                              : HwiPMSP432_nortos.oem4f (.text:HwiP_construct)
                  00002b00    00000070     drivers_msp432p401x.aem4f : UARTMSP432.oem4f (.text:UARTMSP432_writeCancel)
                  00002b70    00000070     rtsv7M4_T_le_v4SPD16_eabi.lib : memory.c.obj (.text:split)
                  00002be0    0000006d     nortos_msp432p401x.aem4f : SystemP_nortos.oem4f (.text:formatNum)
                  00002c4d    00000001     --HOLE-- [fill = 0]
                  00002c4e    0000006c                              : TimerPMSP432_nortos.oem4f (.text:TimerP_getCurrentTick)
                  00002cba    00000002                              : PowerMSP432_nortos.oem4f (.text:PowerMSP432_initPolicy)
                  00002cbc    00000068     drivers_msp432p401x.aem4f : GPIOMSP432.oem4f (.text:GPIO_hwiIntFxn)
                  00002d24    00000068     msp432p4xx_driverlib.lib : interrupt.o (.text:Interrupt_pendInterrupt)
                  00002d8c    00000068     drivers_msp432p401x.aem4f : PowerMSP432.oem4f (.text:PowerMSP432_getFreqs)
                  00002df4    00000068     nortos_msp432p401x.aem4f : SwiP_nortos.oem4f (.text:SwiP_post)
                  00002e5c    00000068     rtsv7M4_T_le_v4SPD16_eabi.lib : copy_decompress_lzss.c.obj (.text:decompress:lzss:__TI_decompress_lzss)
                  00002ec4    00000060     drivers_msp432p401x.aem4f : GPIOMSP432.oem4f (.text:GPIO_setCallback)
                  00002f24    0000005c     display.aem4f : Display.oem4f (.text:Display_doOpen)
                  00002f80    0000005c     msp432p4xx_driverlib.lib : interrupt.o (.text:Interrupt_registerInterrupt)
                  00002fdc    0000005c     VCOM.obj (.text:mainThread)
                  00003038    00000058     nortos_msp432p401x.aem4f : TimerPMSP432_nortos.oem4f (.text:TimerP_dynamicStub)
                  00003090    00000058     drivers_msp432p401x.aem4f : UARTMSP432.oem4f (.text:readIsrBinaryBlocking)
                  000030e8    00000054     msp432p4xx_driverlib.lib : interrupt.o (.text:Interrupt_setPriority)
                  0000313c    00000050     nortos_msp432p401x.aem4f : SemaphoreP_nortos.oem4f (.text:SemaphoreP_construct)
                  0000318c    0000004c     drivers_msp432p401x.aem4f : UARTMSP432.oem4f (.text:readIsrBinaryCallback)
                  000031d8    00000048     nortos_msp432p401x.aem4f : ClockPTimer_nortos.oem4f (.text:ClockP_construct)
                  00003220    00000048                              : PowerMSP432_nortos.oem4f (.text:PowerMSP432_sleepPolicy)
                  00003268    00000048     drivers_msp432p401x.aem4f : PowerMSP432.oem4f (.text:Power_releaseConstraint)
                  000032b0    00000048     rtsv7M4_T_le_v4SPD16_eabi.lib : fd_toi_t2.asm.obj (.text)
                  000032f8    00000046     drivers_msp432p401x.aem4f : RingBuf.oem4f (.text:RingBuf_put)
                  0000333e    00000002     nortos_msp432p401x.aem4f : PowerMSP432_nortos.oem4f (.text:PowerMSP432_updateFreqs)
                  00003340    00000044                              : SemaphoreP_nortos.oem4f (.text:SemaphoreP_post)
                  00003384    00000044                              : SwiP_nortos.oem4f (.text:SwiP_restore)
                  000033c8    00000044                              : TimerPMSP432_nortos.oem4f (.text:TimerP_start)
                  0000340c    00000044     drivers_msp432p401x.aem4f : UART.oem4f (.text:UART_init)
                  00003450    00000044     rtsv7M4_T_le_v4SPD16_eabi.lib : autoinit.c.obj (.text:__TI_auto_init_nobinit_nopinit:__TI_auto_init_nobinit_nopinit)
                  00003494    00000044                                   : fd_tou_t2.asm.obj (.text)
                  000034d8    00000040     drivers_msp432p401x.aem4f : RingBuf.oem4f (.text:RingBuf_get)
                  00003518    00000040     nortos_msp432p401x.aem4f : TimerPMSP432_nortos.oem4f (.text:TimerP_setNextTick)
                  00003558    00000040     drivers_msp432p401x.aem4f : UARTMSP432.oem4f (.text:UARTMSP432_read)
                  00003598    00000040                               : UART.oem4f (.text:UART_open)
                  000035d8    00000040                               : UARTMSP432.oem4f (.text:perfChangeNotifyFxn)
                  00003618    00000040     rtsv7M4_T_le_v4SPD16_eabi.lib : u_divt2.asm.obj (.text)
                  00003658    0000003c     nortos_msp432p401x.aem4f : TimerPMSP432_nortos.oem4f (.text:TimerP_initDevice)
                  00003694    00000038     drivers_msp432p401x.aem4f : PowerMSP432.oem4f (.text:Power_setConstraint)
                  000036cc    00000038                               : PowerMSP432.oem4f (.text:notify)
                  00003704    00000036                               : UARTMSP432.oem4f (.text:UARTMSP432_readCancel)
                  0000373a    00000002     nortos_msp432p401x.aem4f : SemaphoreP_nortos.oem4f (.text:SemaphoreP_destruct)
                  0000373c    00000034     rtsv7M4_T_le_v4SPD16_eabi.lib : boot_cortex_m.c.obj (.text:_c_int00_noargs:_c_int00_noargs)
                  00003770    00000030     drivers_msp432p401x.aem4f : UARTMSP432.oem4f (.text:mapPin)
                  000037a0    0000002e     rtsv7M4_T_le_v4SPD16_eabi.lib : i_tofd_t2.asm.obj (.text)
                  000037ce    00000002     drivers_msp432p401x.aem4f : UARTMSP432.oem4f (.text:UARTMSP432_init)
                  000037d0    0000002a     display.aem4f : DisplayUart.oem4f (.text:DisplayUartAnsi_clear)
                  000037fa    0000002a                   : Display.oem4f (.text:Display_doPrintf)
                  00003824    0000002a     nortos_msp432p401x.aem4f : HwiPMSP432_nortos.oem4f (.text:HwiP_create)
                  0000384e    00000002     rtsv7M4_T_le_v4SPD16_eabi.lib : _lock.c.obj (.text:_nop)
                  00003850    00000028     nortos_msp432p401x.aem4f : ClockPTimer_nortos.oem4f (.text:ClockP_sleep)
                  00003878    00000028     display.aem4f : Display.oem4f (.text:Display_doInit)
                  000038a0    00000028     drivers_msp432p401x.aem4f : PowerMSP432.oem4f (.text:Power_registerNotify)
                  000038c8    00000028                               : PowerMSP432.oem4f (.text:disableFaultCounter)
                  000038f0    00000028                               : PowerMSP432.oem4f (.text:disableHFXT)
                  00003918    00000028                               : UARTMSP432.oem4f (.text:findBaudDividerIndex)
                  00003940    00000028     rtsv7M4_T_le_v4SPD16_eabi.lib : memory.c.obj (.text:free_list_insert)
                  00003968    00000026     drivers_msp432p401x.aem4f : List.oem4f (.text:List_put)
                  0000398e    00000026                               : List.oem4f (.text:List_remove)
                  000039b4    00000024     nortos_msp432p401x.aem4f : ClockPTimer_nortos.oem4f (.text:ClockP_getTicks)
                  000039d8    00000024                              : ClockPTimer_nortos.oem4f (.text:ClockP_scheduleNextTick)
                  000039fc    00000024                              : HwiPMSP432_nortos.oem4f (.text:HwiP_dispatch)
                  00003a20    00000024                              : ClockPTimer_nortos.oem4f (.text:sleepTicks)
                  00003a44    00000020     msp432p4xx_driverlib.lib : cs.o (.text:CS_setExternalClockSourceFrequency)
                  00003a64    00000020     nortos_msp432p401x.aem4f : ClockPTimer_nortos.oem4f (.text:ClockP_add)
                  00003a84    00000020     drivers_msp432p401x.aem4f : PowerMSP432.oem4f (.text:Power_unregisterNotify)
                  00003aa4    00000020     nortos_msp432p401x.aem4f : QueueP_nortos.oem4f (.text:QueueP_put)
                  00003ac4    00000020     drivers_msp432p401x.aem4f : RingBuf.oem4f (.text:RingBuf_peek)
                  00003ae4    0000001c     msp432p4xx_driverlib.lib : interrupt.o (.text:Interrupt_unregisterInterrupt)
                  00003b00    0000001c     nortos_msp432p401x.aem4f : SwiP_nortos.oem4f (.text:SwiP_disable)
                  00003b1c    0000001c     rtsv7M4_T_le_v4SPD16_eabi.lib : memory.c.obj (.text:free_list_remove)
                  00003b38    0000001a     nortos_msp432p401x.aem4f : ClockPTimer_nortos.oem4f (.text:ClockP_create)
                  00003b52    0000001a                              : QueueP_nortos.oem4f (.text:QueueP_get)
                  00003b6c    0000001a                              : SemaphoreP_nortos.oem4f (.text:SemaphoreP_createBinary)
                  00003b86    0000001a                              : SystemP_nortos.oem4f (.text:SystemP_snprintf)
                  00003ba0    00000018                              : ClockPTimer_nortos.oem4f (.text:ClockP_destruct)
                  00003bb8    00000018                              : HwiPMSP432_nortos.oem4f (.text:HwiP_delete)
                  00003bd0    00000018                              : HwiPMSP432_nortos.oem4f (.text:HwiP_inISR)
                  00003be8    00000018     msp432p4xx_driverlib.lib : sysctl_a.o (.text:SysCtl_A_disableNMISource)
                  00003c00    00000018                              : sysctl_a.o (.text:SysCtl_A_enableNMISource)
                  00003c18    00000018     drivers_msp432p401x.aem4f : UART.oem4f (.text:UART_Params_init)
                  00003c30    00000018     nortos_msp432p401x.aem4f : startup_msp432_ccs.oem4f (.text:resetISR)
                  00003c48    00000016     display.aem4f : DisplayUart.oem4f (.text:DisplayUartAnsi_close)
                  00003c5e    00000016     nortos_msp432p401x.aem4f : SemaphoreP_nortos.oem4f (.text:SemaphoreP_create)
                  00003c74    00000016                              : SwiP_nortos.oem4f (.text:maxbit)
                  00003c8a    00000016                              : SystemP_nortos.oem4f (.text:putChar)
                  00003ca0    00000014     drivers_msp432p401x.aem4f : PowerMSP432.oem4f (.text:Power_idleFunc)
                  00003cb4    00000014     nortos_msp432p401x.aem4f : SwiP_nortos.oem4f (.text:SwiP_handleHwi)
                  00003cc8    00000014                              : TimerPMSP432_nortos.oem4f (.text:TimerP_getCount)
                  00003cdc    00000014     drivers_msp432p401x.aem4f : UARTMSP432.oem4f (.text:clearTXCPTIFG)
                  00003cf0    00000014     rtsv7M4_T_le_v4SPD16_eabi.lib : strlen.c.obj (.text:strlen)
                  00003d04    00000012     nortos_msp432p401x.aem4f : HwiPMSP432_nortos.oem4f (.text:HwiP_Params_init)
                  00003d16    00000012     drivers_msp432p401x.aem4f : RingBuf.oem4f (.text:RingBuf_construct)
                  00003d28    00000012     main_nortos.obj (.text:main)
                  00003d3a    00000002     nortos_msp432p401x.aem4f : startup_msp432_ccs.oem4f (.text:busFaultISR)
                  00003d3c    00000010                              : ClockPTimer_nortos.oem4f (.text:ClockP_Params_init)
                  00003d4c    00000010                              : ClockPTimer_nortos.oem4f (.text:ClockP_delete)
                  00003d5c    00000010                              : HwiPMSP432_nortos.oem4f (.text:HwiP_disable)
                  00003d6c    00000010     msp432p4xx_driverlib.lib : interrupt.o (.text:Interrupt_disableMaster)
                  00003d7c    00000010                              : interrupt.o (.text:Interrupt_enableMaster)
                  00003d8c    00000010     drivers_msp432p401x.aem4f : PowerMSP432.oem4f (.text:PowerMSP432_getNumPerfLevels)
                  00003d9c    00000010                               : PowerMSP432.oem4f (.text:Power_disablePolicy)
                  00003dac    00000010                               : PowerMSP432.oem4f (.text:Power_enablePolicy)
                  00003dbc    00000010     nortos_msp432p401x.aem4f : SemaphoreP_nortos.oem4f (.text:SemaphoreP_Params_init)
                  00003dcc    00000010                              : SwiP_nortos.oem4f (.text:SwiP_Params_init)
                  00003ddc    00000010     msp432p4xx_driverlib.lib : sysctl_a.o (.text:SysCtl_A_getNMISourceStatus)
                  00003dec    00000010                              : sysctl.o (.text:SysCtl_getNMISourceStatus)
                  00003dfc    00000010     nortos_msp432p401x.aem4f : TimerPMSP432_nortos.oem4f (.text:TimerP_Params_init)
                  00003e0c    00000010     drivers_msp432p401x.aem4f : UARTMSP432.oem4f (.text:readBlockingTimeout)
                  00003e1c    0000000e     nortos_msp432p401x.aem4f : QueueP_nortos.oem4f (.text:QueueP_empty)
                  00003e2a    0000000e                              : QueueP_nortos.oem4f (.text:QueueP_remove)
                  00003e38    0000000e     rtsv7M4_T_le_v4SPD16_eabi.lib : copy_decompress_none.c.obj (.text:decompress:none:__TI_decompress_none)
                  00003e46    0000000c     ti_drivers_config.obj (.text:Board_init)
                  00003e52    0000000c     msp432p4xx_driverlib.lib : cpu.o (.text:CPU_cpsid)
                  00003e5e    0000000c                              : cpu.o (.text:CPU_cpsie)
                  00003e6a    00000002     nortos_msp432p401x.aem4f : SemaphoreP_nortos.oem4f (.text:clkFxn)
                  00003e6c    0000000c                              : ClockPTimer_nortos.oem4f (.text:ClockP_doTick)
                  00003e78    0000000c     drivers_msp432p401x.aem4f : PowerMSP432.oem4f (.text:Power_getConstraintMask)
                  00003e84    0000000c                               : PowerMSP432.oem4f (.text:Power_getPerformanceLevel)
                  00003e90    0000000c     nortos_msp432p401x.aem4f : TimerPMSP432_nortos.oem4f (.text:TimerP_getFreq)
                  00003e9c    0000000c                              : TimerPMSP432_nortos.oem4f (.text:TimerP_getMaxTicks)
                  00003ea8    0000000c     rtsv7M4_T_le_v4SPD16_eabi.lib : copy_zero_init.c.obj (.text:decompress:ZI:__TI_zero_init)
                  00003eb4    0000000a     drivers_msp432p401x.aem4f : UART.oem4f (.text:UART_close)
                  00003ebe    0000000a                               : UART.oem4f (.text:UART_control)
                  00003ec8    0000000a                               : UART.oem4f (.text:UART_write)
                  00003ed2    00000008     nortos_msp432p401x.aem4f : HwiPMSP432_nortos.oem4f (.text:HwiP_restore)
                  00003eda    00000008     rtsv7M4_T_le_v4SPD16_eabi.lib : memory.c.obj (.text:malloc)
                  00003ee2    00000008     drivers_msp432p401x.aem4f : UARTMSP432.oem4f (.text:readSemCallback)
                  00003eea    00000008                               : UARTMSP432.oem4f (.text:txcptEnabledStatus)
                  00003ef2    00000008                               : UARTMSP432.oem4f (.text:writeSemCallback)
                  00003efa    00000006     nortos_msp432p401x.aem4f : ClockPTimer_nortos.oem4f (.text:ClockP_stop)
                  00003f00    00000006     display.aem4f : DisplayUart.oem4f (.text:DisplayUartAnsi_control)
                  00003f06    00000006                   : DisplayUart.oem4f (.text:DisplayUartAnsi_getType)
                  00003f0c    00000006                   : Display.oem4f (.text:Display_doParamsInit)
                  00003f12    00000006     nortos_msp432p401x.aem4f : QueueP_nortos.oem4f (.text:QueueP_init)
                  00003f18    00000004                              : ClockPTimer_nortos.oem4f (.text:ClockP_isActive)
                  00003f1c    00000004                              : ClockPTimer_nortos.oem4f (.text:ClockP_setTimeout)
                  00003f20    00000004                              : HwiPMSP432_nortos.oem4f (.text:HwiP_enable)
                  00003f24    00000004                              : HwiPMSP432_nortos.oem4f (.text:HwiP_post)
                  00003f28    00000004                              : QueueP_nortos.oem4f (.text:QueueP_head)
                  00003f2c    00000004                              : QueueP_nortos.oem4f (.text:QueueP_next)
                  00003f30    00000004                              : SemaphoreP_nortos.oem4f (.text:SemaphoreP_delete)
                  00003f34    00000004                              : SystemP_nortos.oem4f (.text:SystemP_vsnprintf)
                  00003f38    00000004                              : TimerPMSP432_nortos.oem4f (.text:TimerP_setPeriod)
                  00003f3c    00000004     rtsv7M4_T_le_v4SPD16_eabi.lib : pre_init.c.obj (.text:_system_pre_init)
                  00003f40    00000004                                   : exit.c.obj (.text:abort:abort)
                  00003f44    00000002     nortos_msp432p401x.aem4f : startup_msp432_ccs.oem4f (.text:defaultISR)
                  00003f46    00000002                              : startup_msp432_ccs.oem4f (.text:faultISR)
                  00003f48    00000002                              : startup_msp432_ccs.oem4f (.text:nmiISR)
                  00003f4a    00000002     rtsv7M4_T_le_v4SPD16_eabi.lib : div0.asm.obj (.text)

.const     0    00003f4c    00000207     
                  00003f4c    00000050     msp432p4xx_driverlib.lib : interrupt.o (.const:g_pulRegs)
                  00003f9c    00000040     ti_drivers_config.obj (.const:uartMSP432Baudrates)
                  00003fdc    00000038     ti_drivers_config.obj (.const:PowerMSP432_config)
                  00004014    0000002c     ti_drivers_config.obj (.const:uartMSP432HWAttrs)
                  00004040    00000028     drivers_msp432p401x.aem4f : UARTMSP432.oem4f (.const:UARTMSP432_fxnTable)
                  00004068    00000024                               : UART.oem4f (.const:UART_defaultParams)
                  0000408c    00000020     display.aem4f : DisplayUart.oem4f (.const:DisplayUartAnsi_fxnTable)
                  000040ac    00000020     drivers_msp432p401x.aem4f : UARTMSP432.oem4f (.const:staticFxnTable)
                  000040cc    00000014     ti_drivers_config.obj (.const:GPIOMSP432_config)
                  000040e0    00000014     ti_drivers_config.obj (.const:displayUartHWAttrs)
                  000040f4    00000010     nortos_msp432p401x.aem4f : SwiP_nortos.oem4f (.const:SwiP_defaultParams)
                  00004104    0000000c     ti_drivers_config.obj (.const:Display_config)
                  00004110    0000000c     ti_drivers_config.obj (.const:UART_config)
                  0000411c    00000008     msp432p4xx_driverlib.lib : interrupt.o (.const:g_pulDisRegs)
                  00004124    00000008                              : interrupt.o (.const:g_pulEnRegs)
                  0000412c    00000008                              : interrupt.o (.const:g_pulPendRegs)
                  00004134    00000007     display.aem4f : DisplayUart.oem4f (.const:.string:$P$T0$1)
                  0000413b    00000006     drivers_msp432p401x.aem4f : GPIOMSP432.oem4f (.const:.string:interruptType)
                  00004141    00000006                               : GPIOMSP432.oem4f (.const:.string:portInterruptIds)
                  00004147    00000005                               : UARTMSP432.oem4f (.const:.string:parityTypes)
                  0000414c    00000004                               : UARTMSP432.oem4f (.const:stopBits)
                  00004150    00000002     ti_drivers_config.obj (.const)
                  00004152    00000001     display.aem4f : Display.oem4f (.const:Display_defaultParams)

.cinit     0    00004158    000000c0     
                  00004158    00000089     (.cinit..data.load) [load image, compression = lzss]
                  000041e1    00000003     --HOLE-- [fill = 0]
                  000041e4    0000000c     (__TI_handler_table)
                  000041f0    00000008     (.cinit..bss.load) [load image, compression = zero_init]
                  000041f8    00000008     (.cinit..vtable.load) [load image, compression = zero_init]
                  00004200    00000018     (__TI_cinit_table)

.init_array 
*          0    00000000    00000000     UNINITIALIZED

.intvecs   0    00000000    00000144     
                  00000000    00000144     nortos_msp432p401x.aem4f : startup_msp432_ccs.oem4f (.intvecs:retain)

.sysmem    0    20000000    00008000     UNINITIALIZED
                  20000000    00000010     rtsv7M4_T_le_v4SPD16_eabi.lib : memory.c.obj (.sysmem)
                  20000010    00007ff0     --HOLE--

.bss       0    20008000    00000600     UNINITIALIZED
                  20008000    00000400     ti_drivers_config.obj (.bss:displayUARTBuffer)
                  20008400    000000a0     nortos_msp432p401x.aem4f : ClockPTimer_nortos.oem4f (.bss:ClockP_module)
                  200084a0    00000080     (.common:uartMSP432Objects)
                  20008520    00000030     drivers_msp432p401x.aem4f : GPIOMSP432.oem4f (.bss:gpioCallbackInfo)
                  20008550    00000020     nortos_msp432p401x.aem4f : SwiP_nortos.oem4f (.bss:SwiP_readyList)
                  20008570    00000020     ti_drivers_config.obj (.bss:uartMSP432RingBuffer0)
                  20008590    0000001c     nortos_msp432p401x.aem4f : SwiP_nortos.oem4f (.bss:SwiP_hwiStruct)
                  200085ac    0000001c                              : TimerPMSP432_nortos.oem4f (.bss:TimerP_hwiStruct)
                  200085c8    0000000d                              : SwiP_nortos.oem4f (.bss)
                  200085d5    00000003     --HOLE--
                  200085d8    0000000c     (.common:displayUartObject)
                  200085e4    00000008     msp432p4xx_driverlib.lib : cs.o (.bss)
                  200085ec    00000008     nortos_msp432p401x.aem4f : ClockPTimer_nortos.oem4f (.bss:timerFreq)
                  200085f4    00000004     drivers_msp432p401x.aem4f : GPIOMSP432.oem4f (.bss)
                  200085f8    00000004     nortos_msp432p401x.aem4f : ClockPTimer_nortos.oem4f (.bss)
                  200085fc    00000004                              : TimerPMSP432_nortos.oem4f (.bss)

.data      0    20008600    000002fc     UNINITIALIZED
                  20008600    00000140     nortos_msp432p401x.aem4f : HwiPMSP432_nortos.oem4f (.data:HwiP_dispatchTable)
                  20008740    00000140     drivers_msp432p401x.aem4f : PowerMSP432.oem4f (.data:PowerMSP432_perfLevels)
                  20008880    0000002c                               : PowerMSP432.oem4f (.data:PowerMSP432_module)
                  200088ac    0000000c     nortos_msp432p401x.aem4f : ClockPTimer_nortos.oem4f (.data:ClockP_defaultParams)
                  200088b8    0000000c                              : TimerPMSP432_nortos.oem4f (.data:TimerP_defaultParams)
                  200088c4    00000008     rtsv7M4_T_le_v4SPD16_eabi.lib : _lock.c.obj (.data:$O1$$)
                  200088cc    00000008                                   : memory.c.obj (.data:$O1$$)
                  200088d4    00000008     nortos_msp432p401x.aem4f : SemaphoreP_nortos.oem4f (.data:SemaphoreP_defaultParams)
                  200088dc    00000008                              : ClockPTimer_nortos.oem4f (.data)
                  200088e4    00000008                              : HwiPMSP432_nortos.oem4f (.data)
                  200088ec    00000004     ti_drivers_config.obj (.data:gpioCallbackFunctions)
                  200088f0    00000004     ti_drivers_config.obj (.data:gpioPinConfigs)
                  200088f4    00000003     nortos_msp432p401x.aem4f : SemaphoreP_nortos.oem4f (.data)
                  200088f7    00000002     drivers_msp432p401x.aem4f : GPIOMSP432.oem4f (.data)
                  200088f9    00000001                               : UART.oem4f (.data)
                  200088fa    00000001     nortos_msp432p401x.aem4f : SwiP_nortos.oem4f (.data)
                  200088fb    00000001                              : TimerPMSP432_nortos.oem4f (.data)

.vtable    0    20008c00    000000e8     UNINITIALIZED
                  20008c00    000000e8     msp432p4xx_driverlib.lib : interrupt.o (.vtable)

.stack     0    2000f000    00001000     UNINITIALIZED
                  2000f000    00000004     rtsv7M4_T_le_v4SPD16_eabi.lib : boot_cortex_m.c.obj (.stack)
                  2000f004    00000ffc     --HOLE--

__llvm_prf_cnts 
*          0    20000000    00000000     UNINITIALIZED

.binit     0    00000000    00000000     

MODULE SUMMARY

       Module                       code    ro data   rw data
       ------                       ----    -------   -------
    .\
       VCOM.obj                     92      0         0      
       main_nortos.obj              18      0         0      
    +--+----------------------------+-------+---------+---------+
       Total:                       110     0         0      
                                                             
    .\syscfg\
       ti_drivers_config.obj        14      230       2408   
    +--+----------------------------+-------+---------+---------+
       Total:                       14      230       2408   
                                                             
    C:/ti/simplelink_msp432p4_sdk_3_40_01_02/kernel/nortos/lib/nortos_msp432p401x.aem4f
       ClockPTimer_nortos.oem4f     960     0         384    
       HwiPMSP432_nortos.oem4f      288     0         656    
       SystemP_nortos.oem4f         889     0         0      
       SwiP_nortos.oem4f            630     16        148    
       TimerPMSP432_nortos.oem4f    676     0         90     
       SemaphoreP_nortos.oem4f      380     0         22     
       startup_msp432_ccs.oem4f     32      324       0      
       QueueP_nortos.oem4f          100     0         0      
       PowerMSP432_nortos.oem4f     76      0         0      
    +--+----------------------------+-------+---------+---------+
       Total:                       4031    340       1300   
                                                             
    C:/ti/simplelink_msp432p4_sdk_3_40_01_02/source/ti/devices/msp432p4xx/driverlib/ccs/msp432p4xx_driverlib.lib
       interrupt.o                  598     104       464    
       cs.o                         704     0         16     
       uart.o                       284     0         0      
       sysctl_a.o                   64      0         0      
       cpu.o                        24      0         0      
       sysctl.o                     16      0         0      
    +--+----------------------------+-------+---------+---------+
       Total:                       1690    104       480    
                                                             
    C:/ti/simplelink_msp432p4_sdk_3_40_01_02/source/ti/display/lib/display.aem4f
       DisplayUart.oem4f            576     39        0      
       Display.oem4f                180     1         0      
    +--+----------------------------+-------+---------+---------+
       Total:                       756     40        0      
                                                             
    C:/ti/simplelink_msp432p4_sdk_3_40_01_02/source/ti/drivers/lib/drivers_msp432p401x.aem4f
       UARTMSP432.oem4f             3406    81        0      
       PowerMSP432.oem4f            2228    0         728    
       GPIOMSP432.oem4f             740     12        108    
       UART.oem4f                   186     36        2      
       RingBuf.oem4f                184     0         0      
       List.oem4f                   76      0         0      
    +--+----------------------------+-------+---------+---------+
       Total:                       6820    129       838    
                                                             
    C:\ti\ccs1110\ccs\tools\compiler\ti-cgt-arm_20.2.6.LTS\lib\rtsv7M4_T_le_v4SPD16_eabi.lib
       memory.c.obj                 672     0         16     
       fd_add_t2.asm.obj            438     0         0      
       fd_mul_t2.asm.obj            252     0         0      
       memcpy_t2.asm.obj            156     0         0      
       ull_div_t2.asm.obj           150     0         0      
       fd_cmp_t2.asm.obj            134     0         0      
       memset_t2.asm.obj            122     0         0      
       copy_decompress_lzss.c.obj   104     0         0      
       fd_toi_t2.asm.obj            72      0         0      
       autoinit.c.obj               68      0         0      
       fd_tou_t2.asm.obj            68      0         0      
       u_divt2.asm.obj              64      0         0      
       boot_cortex_m.c.obj          52      0         0      
       i_tofd_t2.asm.obj            46      0         0      
       strlen.c.obj                 20      0         0      
       _lock.c.obj                  2       0         16     
       copy_decompress_none.c.obj   14      0         0      
       copy_zero_init.c.obj         12      0         0      
       exit.c.obj                   4       0         0      
       pre_init.c.obj               4       0         0      
       div0.asm.obj                 2       0         0      
    +--+----------------------------+-------+---------+---------+
       Total:                       2456    0         32     
                                                             
       Heap:                        0       0         65536  
       Stack:                       0       0         8192   
       Linker Generated:            0       189       0      
    +--+----------------------------+-------+---------+---------+
       Grand Total:                 15877   1032      78786  


LINKER GENERATED COPY TABLES

__TI_cinit_table @ 00004200 records: 3, size/record: 8, table size: 24
	.data: load addr=00004158, load size=00000089 bytes, run addr=20008600, run size=000002fc bytes, compression=lzss
	.bss: load addr=000041f0, load size=00000008 bytes, run addr=20008000, run size=00000600 bytes, compression=zero_init
	.vtable: load addr=000041f8, load size=00000008 bytes, run addr=20008c00, run size=000000e8 bytes, compression=zero_init


LINKER GENERATED HANDLER TABLE

__TI_handler_table @ 000041e4 records: 3, size/record: 4, table size: 12
	index: 0, handler: __TI_decompress_lzss
	index: 1, handler: __TI_decompress_none
	index: 2, handler: __TI_zero_init


GLOBAL SYMBOLS: SORTED ALPHABETICALLY BY Name 

address   name                              
-------   ----                              
00003e47  Board_init                        
00000e23  Board_initHook                    
00003f41  C$$EXIT                           
00003e53  CPU_cpsid                         
00003e5f  CPU_cpsie                         
00003a45  CS_setExternalClockSourceFrequency
000012ad  CS_startHFXTWithTimeout           
00001475  CS_startLFXTWithTimeout           
00003d3d  ClockP_Params_init                
00003a65  ClockP_add                        
000031d9  ClockP_construct                  
00003b39  ClockP_create                     
00003d4d  ClockP_delete                     
00003ba1  ClockP_destruct                   
00003e6d  ClockP_doTick                     
000039b5  ClockP_getTicks                   
00003f19  ClockP_isActive                   
000039d9  ClockP_scheduleNextTick           
00003f1d  ClockP_setTimeout                 
00003851  ClockP_sleep                      
0000281d  ClockP_start                      
00001b01  ClockP_startup                    
00003efb  ClockP_stop                       
200088e0  ClockP_tickPeriod                 
00002a19  ClockP_walkQueueDynamic           
00001d1d  ClockP_workFuncDynamic            
000037d1  DisplayUartAnsi_clear             
00001dc9  DisplayUartAnsi_clearLines        
00003c49  DisplayUartAnsi_close             
00003f01  DisplayUartAnsi_control           
0000408c  DisplayUartAnsi_fxnTable          
00003f07  DisplayUartAnsi_getType           
0000198f  DisplayUartAnsi_init              
00002071  DisplayUartAnsi_open              
00002259  DisplayUartAnsi_vprintf           
00004104  Display_config                    
00004150  Display_count                     
00004152  Display_defaultParams             
00003879  Display_doInit                    
00002f25  Display_doOpen                    
00003f0d  Display_doParamsInit              
000037fb  Display_doPrintf                  
000040cc  GPIOMSP432_config                 
00002cbd  GPIO_hwiIntFxn                    
00001e75  GPIO_init                         
00002ec5  GPIO_setCallback                  
00000e25  GPIO_setConfig                    
00003d05  HwiP_Params_init                  
00002a91  HwiP_construct                    
00003825  HwiP_create                       
00003bb9  HwiP_delete                       
00003d5d  HwiP_disable                      
000039fd  HwiP_dispatch                     
00003f21  HwiP_enable                       
00003bd1  HwiP_inISR                        
200088e4  HwiP_key                          
00003f25  HwiP_post                         
00003ed3  HwiP_restore                      
200088e8  HwiP_swiPIntNum                   
0000289d  Interrupt_disableInterrupt        
00003d6d  Interrupt_disableMaster           
0000291d  Interrupt_enableInterrupt         
00003d7d  Interrupt_enableMaster            
00002d25  Interrupt_pendInterrupt           
00002f81  Interrupt_registerInterrupt       
000030e9  Interrupt_setPriority             
00003ae5  Interrupt_unregisterInterrupt     
00003969  List_put                          
0000398f  List_remove                       
00003f21  NoRTOS_start                      
00003fdc  PowerMSP432_config                
00002d8d  PowerMSP432_getFreqs              
00003d8d  PowerMSP432_getNumPerfLevels      
00002cbb  PowerMSP432_initPolicy            
20008880  PowerMSP432_module                
20008740  PowerMSP432_perfLevels            
00003221  PowerMSP432_sleepPolicy           
0000333f  PowerMSP432_updateFreqs           
00003d9d  Power_disablePolicy               
00003dad  Power_enablePolicy                
00003e79  Power_getConstraintMask           
00003e85  Power_getPerformanceLevel         
00003ca1  Power_idleFunc                    
000022f9  Power_init                        
000038a1  Power_registerNotify              
00003269  Power_releaseConstraint           
00003695  Power_setConstraint               
00000145  Power_sleep                       
00003a85  Power_unregisterNotify            
00003e1d  QueueP_empty                      
00003b53  QueueP_get                        
00003f29  QueueP_head                       
00003f13  QueueP_init                       
00003f2d  QueueP_next                       
00003aa5  QueueP_put                        
00003e2b  QueueP_remove                     
00003d17  RingBuf_construct                 
000034d9  RingBuf_get                       
00003ac5  RingBuf_peek                      
000032f9  RingBuf_put                       
00003dbd  SemaphoreP_Params_init            
0000313d  SemaphoreP_construct              
00003c5f  SemaphoreP_create                 
00003b6d  SemaphoreP_createBinary           
200088d4  SemaphoreP_defaultParams          
00003f31  SemaphoreP_delete                 
0000373b  SemaphoreP_destruct               
00002119  SemaphoreP_pend                   
00003341  SemaphoreP_post                   
00003dcd  SwiP_Params_init                  
000017ed  SwiP_construct                    
00003b01  SwiP_disable                      
00002395  SwiP_dispatch                     
00002df5  SwiP_post                         
00003385  SwiP_restore                      
00003be9  SysCtl_A_disableNMISource         
00003c01  SysCtl_A_enableNMISource          
00003ddd  SysCtl_A_getNMISourceStatus       
00003ded  SysCtl_getNMISourceStatus         
00003b87  SystemP_snprintf                  
00003f35  SystemP_vsnprintf                 
00003dfd  TimerP_Params_init                
00001555  TimerP_construct                  
00003039  TimerP_dynamicStub                
00002c4f  TimerP_getCurrentTick             
00003e91  TimerP_getFreq                    
00003e9d  TimerP_getMaxTicks                
00003659  TimerP_initDevice                 
00003519  TimerP_setNextTick                
00003f39  TimerP_setPeriod                  
000033c9  TimerP_start                      
00002563  UARTMSP432_close                  
00001bb5  UARTMSP432_control                
00004040  UARTMSP432_fxnTable               
000018c5  UARTMSP432_hwiIntFxn              
000037cf  UARTMSP432_init                   
00000715  UARTMSP432_open                   
00003559  UARTMSP432_read                   
00003705  UARTMSP432_readCancel             
00001635  UARTMSP432_readPolling            
00001f21  UARTMSP432_write                  
00002b01  UARTMSP432_writeCancel            
00001c69  UARTMSP432_writePolling           
00003c19  UART_Params_init                  
00003eb5  UART_close                        
00004110  UART_config                       
00003ebf  UART_control                      
00004151  UART_count                        
00004068  UART_defaultParams                
0000340d  UART_init                         
00000f95  UART_initModule                   
00003599  UART_open                         
00003ec9  UART_write                        
4000480c  WDTCTL_SYM                        
20010000  __STACK_END                       
00001000  __STACK_SIZE                      
00008000  __SYSMEM_SIZE                     
00004200  __TI_CINIT_Base                   
00004218  __TI_CINIT_Limit                  
000041e4  __TI_Handler_Table_Base           
000041f0  __TI_Handler_Table_Limit          
00003451  __TI_auto_init_nobinit_nopinit    
00002e5d  __TI_decompress_lzss              
00003e39  __TI_decompress_none              
ffffffff  __TI_pprof_out_hndl               
ffffffff  __TI_prof_data_size               
ffffffff  __TI_prof_data_start              
00004158  __TI_static_base__                
00003ea9  __TI_zero_init                    
00002713  __aeabi_cdcmpeq                   
00002713  __aeabi_cdcmple                   
000032b1  __aeabi_d2iz                      
00003495  __aeabi_d2uiz                     
00000c77  __aeabi_dadd                      
000011b1  __aeabi_dmul                      
00000c6d  __aeabi_dsub                      
000037a1  __aeabi_i2d                       
00003f4b  __aeabi_idiv0                     
00003f4b  __aeabi_ldiv0                     
0000299d  __aeabi_memclr                    
0000299d  __aeabi_memclr4                   
0000299d  __aeabi_memclr8                   
00002431  __aeabi_memcpy                    
00002431  __aeabi_memcpy4                   
00002431  __aeabi_memcpy8                   
0000299f  __aeabi_memset                    
0000299f  __aeabi_memset4                   
0000299f  __aeabi_memset8                   
00003619  __aeabi_uidiv                     
00003619  __aeabi_uidivmod                  
000024cd  __aeabi_uldivmod                  
ffffffff  __binit__                         
ffffffff  __c_args__                        
UNDEFED   __mpu_init                        
2000f000  __stack                           
20000000  __start___llvm_prf_cnts           
20000000  __stop___llvm_prf_cnts            
0000373d  _c_int00_noargs                   
200088c4  _lock                             
0000384f  _nop                              
20000000  _sys_memory                       
UNDEFED   _system_post_cinit                
00003f3d  _system_pre_init                  
200088c8  _unlock                           
00003f41  abort                             
000010b1  aligned_alloc                     
ffffffff  binit                             
00003e6b  clkFxn                            
000040e0  displayUartHWAttrs                
200085d8  displayUartObject                 
00001391  free                              
20008c00  g_pfnRAMVectors                   
200088ec  gpioCallbackFunctions             
200088f0  gpioPinConfigs                    
00000000  interruptVectors                  
00003d29  main                              
00002fdd  mainThread                        
00003edb  malloc                            
000010b1  memalign                          
00002431  memcpy                            
000029a5  memset                            
00003c31  resetISR                          
00003851  sleep                             
00003cf1  strlen                            
200084a0  uartMSP432Objects                 


GLOBAL SYMBOLS: SORTED BY Symbol Address 

address   name                              
-------   ----                              
00000000  interruptVectors                  
00000145  Power_sleep                       
00000715  UARTMSP432_open                   
00000c6d  __aeabi_dsub                      
00000c77  __aeabi_dadd                      
00000e23  Board_initHook                    
00000e25  GPIO_setConfig                    
00000f95  UART_initModule                   
00001000  __STACK_SIZE                      
000010b1  aligned_alloc                     
000010b1  memalign                          
000011b1  __aeabi_dmul                      
000012ad  CS_startHFXTWithTimeout           
00001391  free                              
00001475  CS_startLFXTWithTimeout           
00001555  TimerP_construct                  
00001635  UARTMSP432_readPolling            
000017ed  SwiP_construct                    
000018c5  UARTMSP432_hwiIntFxn              
0000198f  DisplayUartAnsi_init              
00001b01  ClockP_startup                    
00001bb5  UARTMSP432_control                
00001c69  UARTMSP432_writePolling           
00001d1d  ClockP_workFuncDynamic            
00001dc9  DisplayUartAnsi_clearLines        
00001e75  GPIO_init                         
00001f21  UARTMSP432_write                  
00002071  DisplayUartAnsi_open              
00002119  SemaphoreP_pend                   
00002259  DisplayUartAnsi_vprintf           
000022f9  Power_init                        
00002395  SwiP_dispatch                     
00002431  __aeabi_memcpy                    
00002431  __aeabi_memcpy4                   
00002431  __aeabi_memcpy8                   
00002431  memcpy                            
000024cd  __aeabi_uldivmod                  
00002563  UARTMSP432_close                  
00002713  __aeabi_cdcmpeq                   
00002713  __aeabi_cdcmple                   
0000281d  ClockP_start                      
0000289d  Interrupt_disableInterrupt        
0000291d  Interrupt_enableInterrupt         
0000299d  __aeabi_memclr                    
0000299d  __aeabi_memclr4                   
0000299d  __aeabi_memclr8                   
0000299f  __aeabi_memset                    
0000299f  __aeabi_memset4                   
0000299f  __aeabi_memset8                   
000029a5  memset                            
00002a19  ClockP_walkQueueDynamic           
00002a91  HwiP_construct                    
00002b01  UARTMSP432_writeCancel            
00002c4f  TimerP_getCurrentTick             
00002cbb  PowerMSP432_initPolicy            
00002cbd  GPIO_hwiIntFxn                    
00002d25  Interrupt_pendInterrupt           
00002d8d  PowerMSP432_getFreqs              
00002df5  SwiP_post                         
00002e5d  __TI_decompress_lzss              
00002ec5  GPIO_setCallback                  
00002f25  Display_doOpen                    
00002f81  Interrupt_registerInterrupt       
00002fdd  mainThread                        
00003039  TimerP_dynamicStub                
000030e9  Interrupt_setPriority             
0000313d  SemaphoreP_construct              
000031d9  ClockP_construct                  
00003221  PowerMSP432_sleepPolicy           
00003269  Power_releaseConstraint           
000032b1  __aeabi_d2iz                      
000032f9  RingBuf_put                       
0000333f  PowerMSP432_updateFreqs           
00003341  SemaphoreP_post                   
00003385  SwiP_restore                      
000033c9  TimerP_start                      
0000340d  UART_init                         
00003451  __TI_auto_init_nobinit_nopinit    
00003495  __aeabi_d2uiz                     
000034d9  RingBuf_get                       
00003519  TimerP_setNextTick                
00003559  UARTMSP432_read                   
00003599  UART_open                         
00003619  __aeabi_uidiv                     
00003619  __aeabi_uidivmod                  
00003659  TimerP_initDevice                 
00003695  Power_setConstraint               
00003705  UARTMSP432_readCancel             
0000373b  SemaphoreP_destruct               
0000373d  _c_int00_noargs                   
000037a1  __aeabi_i2d                       
000037cf  UARTMSP432_init                   
000037d1  DisplayUartAnsi_clear             
000037fb  Display_doPrintf                  
00003825  HwiP_create                       
0000384f  _nop                              
00003851  ClockP_sleep                      
00003851  sleep                             
00003879  Display_doInit                    
000038a1  Power_registerNotify              
00003969  List_put                          
0000398f  List_remove                       
000039b5  ClockP_getTicks                   
000039d9  ClockP_scheduleNextTick           
000039fd  HwiP_dispatch                     
00003a45  CS_setExternalClockSourceFrequency
00003a65  ClockP_add                        
00003a85  Power_unregisterNotify            
00003aa5  QueueP_put                        
00003ac5  RingBuf_peek                      
00003ae5  Interrupt_unregisterInterrupt     
00003b01  SwiP_disable                      
00003b39  ClockP_create                     
00003b53  QueueP_get                        
00003b6d  SemaphoreP_createBinary           
00003b87  SystemP_snprintf                  
00003ba1  ClockP_destruct                   
00003bb9  HwiP_delete                       
00003bd1  HwiP_inISR                        
00003be9  SysCtl_A_disableNMISource         
00003c01  SysCtl_A_enableNMISource          
00003c19  UART_Params_init                  
00003c31  resetISR                          
00003c49  DisplayUartAnsi_close             
00003c5f  SemaphoreP_create                 
00003ca1  Power_idleFunc                    
00003cf1  strlen                            
00003d05  HwiP_Params_init                  
00003d17  RingBuf_construct                 
00003d29  main                              
00003d3d  ClockP_Params_init                
00003d4d  ClockP_delete                     
00003d5d  HwiP_disable                      
00003d6d  Interrupt_disableMaster           
00003d7d  Interrupt_enableMaster            
00003d8d  PowerMSP432_getNumPerfLevels      
00003d9d  Power_disablePolicy               
00003dad  Power_enablePolicy                
00003dbd  SemaphoreP_Params_init            
00003dcd  SwiP_Params_init                  
00003ddd  SysCtl_A_getNMISourceStatus       
00003ded  SysCtl_getNMISourceStatus         
00003dfd  TimerP_Params_init                
00003e1d  QueueP_empty                      
00003e2b  QueueP_remove                     
00003e39  __TI_decompress_none              
00003e47  Board_init                        
00003e53  CPU_cpsid                         
00003e5f  CPU_cpsie                         
00003e6b  clkFxn                            
00003e6d  ClockP_doTick                     
00003e79  Power_getConstraintMask           
00003e85  Power_getPerformanceLevel         
00003e91  TimerP_getFreq                    
00003e9d  TimerP_getMaxTicks                
00003ea9  __TI_zero_init                    
00003eb5  UART_close                        
00003ebf  UART_control                      
00003ec9  UART_write                        
00003ed3  HwiP_restore                      
00003edb  malloc                            
00003efb  ClockP_stop                       
00003f01  DisplayUartAnsi_control           
00003f07  DisplayUartAnsi_getType           
00003f0d  Display_doParamsInit              
00003f13  QueueP_init                       
00003f19  ClockP_isActive                   
00003f1d  ClockP_setTimeout                 
00003f21  HwiP_enable                       
00003f21  NoRTOS_start                      
00003f25  HwiP_post                         
00003f29  QueueP_head                       
00003f2d  QueueP_next                       
00003f31  SemaphoreP_delete                 
00003f35  SystemP_vsnprintf                 
00003f39  TimerP_setPeriod                  
00003f3d  _system_pre_init                  
00003f41  C$$EXIT                           
00003f41  abort                             
00003f4b  __aeabi_idiv0                     
00003f4b  __aeabi_ldiv0                     
00003fdc  PowerMSP432_config                
00004040  UARTMSP432_fxnTable               
00004068  UART_defaultParams                
0000408c  DisplayUartAnsi_fxnTable          
000040cc  GPIOMSP432_config                 
000040e0  displayUartHWAttrs                
00004104  Display_config                    
00004110  UART_config                       
00004150  Display_count                     
00004151  UART_count                        
00004152  Display_defaultParams             
00004158  __TI_static_base__                
000041e4  __TI_Handler_Table_Base           
000041f0  __TI_Handler_Table_Limit          
00004200  __TI_CINIT_Base                   
00004218  __TI_CINIT_Limit                  
00008000  __SYSMEM_SIZE                     
20000000  __start___llvm_prf_cnts           
20000000  __stop___llvm_prf_cnts            
20000000  _sys_memory                       
200084a0  uartMSP432Objects                 
200085d8  displayUartObject                 
20008740  PowerMSP432_perfLevels            
20008880  PowerMSP432_module                
200088c4  _lock                             
200088c8  _unlock                           
200088d4  SemaphoreP_defaultParams          
200088e0  ClockP_tickPeriod                 
200088e4  HwiP_key                          
200088e8  HwiP_swiPIntNum                   
200088ec  gpioCallbackFunctions             
200088f0  gpioPinConfigs                    
20008c00  g_pfnRAMVectors                   
2000f000  __stack                           
20010000  __STACK_END                       
4000480c  WDTCTL_SYM                        
ffffffff  __TI_pprof_out_hndl               
ffffffff  __TI_prof_data_size               
ffffffff  __TI_prof_data_start              
ffffffff  __binit__                         
ffffffff  __c_args__                        
ffffffff  binit                             
UNDEFED   __mpu_init                        
UNDEFED   _system_post_cinit                

[225 symbols]
